================================================================
== Design Size Report
================================================================

* Total Instructions per Compilation Phase
+---------------+-----------------------------+--------------+----------------------------------------------------------------------------------------+
| Phase         | Step                        | Instructions | Description                                                                            |
+---------------+-----------------------------+--------------+----------------------------------------------------------------------------------------+
| Compile/Link  |                             |   9,212      | After all functions are compiled and linked into a single design                       |
|               |                             |              |                                                                                        |
| Unroll/Inline |                             |              | After user unroll and inline pragmas are applied                                       |
|               | (1) unroll                  | 143,447 *    | user unroll pragmas are applied                                                        |
|               | (2) simplification          |  80,785      | simplification of applied user unroll pragmas                                          |
|               | (3) inline                  |  80,907      | user inline pragmas are applied                                                        |
|               | (4) simplification          |  74,751      | simplification of applied user inline pragmas                                          |
|               |                             |              |                                                                                        |
| Array/Struct  |                             |              | After user array partition and struct aggregate/disaggregate pragmas are applied       |
|               | (1) array partition         | 158,782 *    | user array partition pragmas are applied                                               |
|               | (2) simplification          |  76,280      | simplification of applied user array partition & struct aggregate/disaggregate pragmas |
|               | (3) aggregate/disaggregate  |  76,280      | user struct aggregate/disaggregate pragmas are applied                                 |
|               | (4) array reshape           |  76,280      | apply array reshape pragmas                                                            |
|               | (5) access patterns         |  76,280      | array access pattern optmizations                                                      |
|               |                             |              |                                                                                        |
| Performance   |                             |              | After transformations are applied to meet performance pragma targets                   |
|               | (1) loop simplification     |  70,190      | loop and instruction simplification                                                    |
|               | (2) parallelization         |  69,434      | loops are unrolled or pipelined to meet performance targets                            |
|               | (3) array partition         |  69,074      | arrays are partitioned to meet performance targets                                     |
|               | (4) simplification          |  69,074      | simplification of design after performance transformations                             |
|               |                             |              |                                                                                        |
| HW Transforms |                             |              | After hardware transfomations                                                          |
|               | (1) lowering                |  69,554      | initial conversion to HW specific instructions                                         |
|               | (2) optimizations           |  69,226      | high level synthesis optimizations                                                     |
+---------------+-----------------------------+--------------+----------------------------------------------------------------------------------------+
    * - Exceeded design size warning message threshold

* Instructions per Function for each Compilation Phase
+-----------------------------------------+-------------------------+-----------------+-------------------+-------------------+-------------------+-------------------+
| Function                                | Location                | Compile/Link    | Unroll/Inline     | Array/Struct      | Performance       | HW Transforms     |
+-----------------------------------------+-------------------------+-----------------+-------------------+-------------------+-------------------+-------------------+
| + myproject                             | myproject.cpp:7         | 9,212           | 74,751            | 76,280            | 69,074            | 69,226            |
|  + hept<ap_fixed<16, 4, AP_RND_...      | nnet_hept.h:193         | 9,204           |                   |                   |                   |                   |
|     negative_half_sum_square<ap_...     | nnet_hept.h:51          | 4,514 (2 calls) |                   |                   |                   |                   |
|   + qk_einsum<ap_fixed<16, 4, AP...     | nnet_hept.h:128         | 1,799           |                   |                   |                   |                   |
|      fill_zero<ap_fixed<16, 4, AP...    | nnet_helpers.h:304      |  755            |                   |                   |                   |                   |
|    + transpose<ap_fixed<16, 4, AP...    | nnet_transpose.h:29     |   42            |                   |                   |                   |                   |
|       transfer_idx<config3_transpo...   | nnet_transpose.h:18     |   25            |                   |                   |                   |                   |
|    + dense<ap_fixed<16, 4, AP_RND...    | nnet_dense.h:41         |  928            |                   |                   |                   |                   |
|     + dense                             | nnet_dense.h:50         |  926            |                   |                   |                   |                   |
|      + dense_latency<ap_fixed<16, 4...  | nnet_dense_latency.h:13 |  924            |                   |                   |                   |                   |
|         product                         | nnet_mult.h:70          |  137            |                   |                   |                   |                   |
|         cast<ap_fixed<16, 4, AP_RND_... | nnet_mult.h:110         |    3            |                   |                   |                   |                   |
|   + add_clamp_exp<ap_fixed<16, 4...     | nnet_hept.h:79          | 2,865           |                   |                   |                   |                   |
|      init_exp_table<config3, 1024...    | nnet_hept.h:71          |  422            |                   |                   |                   |                   |
|    negative_half_sum_square<ap_...      | nnet_hept.h:51          |                 | 26,638 (2 calls)  | 26,162 (2 calls)  | 25,742 (2 calls)  | 25,742 (2 calls)  |
|  + qk_einsum<ap_fixed<16, 4, AP...      | nnet_hept.h:128         |                 | 43,347            | 44,592            | 37,386            | 37,416            |
|   + transpose<ap_fixed<16, 4, AP...     | nnet_transpose.h:29     |                 | 4,200             | 3,991             | 3,781             | 3,781             |
|      transfer_idx<config3_transpo...    | nnet_transpose.h:18     |                 | 2,940 (210 calls) | 2,940 (210 calls) | 2,940 (210 calls) | 2,940 (210 calls) |
|     dense_latency<ap_fixed<16, 4...     | nnet_dense_latency.h:13 |                 | 38,880 (30 calls) | 40,230 (30 calls) | 33,030 (30 calls) | 33,060 (30 calls) |
|    add_clamp_exp<ap_fixed<16, 4...      | nnet_hept.h:79          |                 | 4,737             | 4,561             | 4,441             | 4,441             |
+-----------------------------------------+-------------------------+-----------------+-------------------+-------------------+-------------------+-------------------+

* Design Size Message Settings
+---------------------------------------------+--------+------------------------------------------------------------------+
| Message Setting                             | Value  | Description                                                      |
+---------------------------------------------+--------+------------------------------------------------------------------+
| config_compile -design_size_maximum_warning | 100000 | Show a warning when total design instructions exceeds this value |
+---------------------------------------------+--------+------------------------------------------------------------------+


