

================================================================
== Vitis HLS Report for 'myproject'
================================================================
* Date:           Tue Feb 11 01:11:28 2025

* Version:        2023.2 (Build 4023990 on Oct 11 2023)
* Project:        myproject_prj
* Solution:       solution1 (Vivado IP Flow Target)
* Product family: virtexuplus
* Target device:  xcvu13p-flga2577-2-e


================================================================
== Performance Estimates
================================================================
+ Timing: 
    * Summary: 
    +--------+---------+----------+------------+
    |  Clock |  Target | Estimated| Uncertainty|
    +--------+---------+----------+------------+
    |ap_clk  |  5.00 ns|  4.294 ns|     0.62 ns|
    +--------+---------+----------+------------+

+ Latency: 
    * Summary: 
    +---------+---------+-----------+-----------+-----+-----+---------+
    |  Latency (cycles) |   Latency (absolute)  |  Interval | Pipeline|
    |   min   |   max   |    min    |    max    | min | max |   Type  |
    +---------+---------+-----------+-----------+-----+-----+---------+
    |       12|       12|  60.000 ns|  60.000 ns|    1|    1|      yes|
    +---------+---------+-----------+-----------+-----+-----+---------+

    + Detail: 
        * Instance: 
        +-------------------------------------------------------------------+--------------------------------------------------------+---------+---------+-----------+-----------+-----+-----+---------+
        |                                                                   |                                                        |  Latency (cycles) |   Latency (absolute)  |  Interval | Pipeline|
        |                              Instance                             |                         Module                         |   min   |   max   |    min    |    max    | min | max |   Type  |
        +-------------------------------------------------------------------+--------------------------------------------------------+---------+---------+-----------+-----------+-----+-----+---------+
        |grp_hept_ap_fixed_13_4_4_0_0_ap_fixed_13_4_4_0_0_config5_s_fu_844  |hept_ap_fixed_13_4_4_0_0_ap_fixed_13_4_4_0_0_config5_s  |       12|       12|  60.000 ns|  60.000 ns|    1|    1|      yes|
        +-------------------------------------------------------------------+--------------------------------------------------------+---------+---------+-----------+-----------+-----+-----+---------+

        * Loop: 
        N/A



================================================================
== Utilization Estimates
================================================================
* Summary: 
+---------------------+---------+-------+---------+---------+------+
|         Name        | BRAM_18K|  DSP  |    FF   |   LUT   | URAM |
+---------------------+---------+-------+---------+---------+------+
|DSP                  |        -|      -|        -|        -|     -|
|Expression           |        -|      -|        0|        8|     -|
|FIFO                 |        -|      -|        -|        -|     -|
|Instance             |       12|    144|     8193|    26886|     -|
|Memory               |        -|      -|        -|        -|     -|
|Multiplexer          |        -|      -|        -|     3024|     -|
|Register             |        -|      -|     1189|        -|     -|
+---------------------+---------+-------+---------+---------+------+
|Total                |       12|    144|     9382|    29918|     0|
+---------------------+---------+-------+---------+---------+------+
|Available SLR        |     1344|   3072|   864000|   432000|   320|
+---------------------+---------+-------+---------+---------+------+
|Utilization SLR (%)  |       ~0|      4|        1|        6|     0|
+---------------------+---------+-------+---------+---------+------+
|Available            |     5376|  12288|  3456000|  1728000|  1280|
+---------------------+---------+-------+---------+---------+------+
|Utilization (%)      |       ~0|      1|       ~0|        1|     0|
+---------------------+---------+-------+---------+---------+------+

+ Detail: 
    * Instance: 
    +-------------------------------------------------------------------+--------------------------------------------------------+---------+-----+------+-------+-----+
    |                              Instance                             |                         Module                         | BRAM_18K| DSP |  FF  |  LUT  | URAM|
    +-------------------------------------------------------------------+--------------------------------------------------------+---------+-----+------+-------+-----+
    |grp_hept_ap_fixed_13_4_4_0_0_ap_fixed_13_4_4_0_0_config5_s_fu_844  |hept_ap_fixed_13_4_4_0_0_ap_fixed_13_4_4_0_0_config5_s  |       12|  144|  8193|  26886|    0|
    +-------------------------------------------------------------------+--------------------------------------------------------+---------+-----+------+-------+-----+
    |Total                                                              |                                                        |       12|  144|  8193|  26886|    0|
    +-------------------------------------------------------------------+--------------------------------------------------------+---------+-----+------+-------+-----+

    * DSP: 
    N/A

    * Memory: 
    N/A

    * FIFO: 
    N/A

    * Expression: 
    +------------------------------------------+----------+----+---+----+------------+------------+
    |               Variable Name              | Operation| DSP| FF| LUT| Bitwidth P0| Bitwidth P1|
    +------------------------------------------+----------+----+---+----+------------+------------+
    |ap_block_pp0_stage0_01001                 |       and|   0|  0|   2|           1|           1|
    |ap_block_pp0_stage0_11001_ignoreCallOp98  |       and|   0|  0|   2|           1|           1|
    |ap_block_state1_pp0_stage0_iter0          |        or|   0|  0|   2|           1|           1|
    |ap_enable_pp0                             |       xor|   0|  0|   2|           1|           2|
    +------------------------------------------+----------+----+---+----+------------+------------+
    |Total                                     |          |   0|  0|   8|           4|           5|
    +------------------------------------------+----------+----+---+----+------------+------------+

    * Multiplexer: 
    +------------------------------+----+-----------+-----+-----------+
    |             Name             | LUT| Input Size| Bits| Total Bits|
    +------------------------------+----+-----------+-----+-----------+
    |key_0_ap_vld_in_sig           |   9|          2|    1|          2|
    |key_0_ap_vld_preg             |   9|          2|    1|          2|
    |key_0_blk_n                   |   9|          2|    1|          2|
    |key_0_in_sig                  |   9|          2|   13|         26|
    |key_10_ap_vld_in_sig          |   9|          2|    1|          2|
    |key_10_ap_vld_preg            |   9|          2|    1|          2|
    |key_10_blk_n                  |   9|          2|    1|          2|
    |key_10_in_sig                 |   9|          2|   13|         26|
    |key_11_ap_vld_in_sig          |   9|          2|    1|          2|
    |key_11_ap_vld_preg            |   9|          2|    1|          2|
    |key_11_blk_n                  |   9|          2|    1|          2|
    |key_11_in_sig                 |   9|          2|   13|         26|
    |key_12_ap_vld_in_sig          |   9|          2|    1|          2|
    |key_12_ap_vld_preg            |   9|          2|    1|          2|
    |key_12_blk_n                  |   9|          2|    1|          2|
    |key_12_in_sig                 |   9|          2|   13|         26|
    |key_13_ap_vld_in_sig          |   9|          2|    1|          2|
    |key_13_ap_vld_preg            |   9|          2|    1|          2|
    |key_13_blk_n                  |   9|          2|    1|          2|
    |key_13_in_sig                 |   9|          2|   13|         26|
    |key_14_ap_vld_in_sig          |   9|          2|    1|          2|
    |key_14_ap_vld_preg            |   9|          2|    1|          2|
    |key_14_blk_n                  |   9|          2|    1|          2|
    |key_14_in_sig                 |   9|          2|   13|         26|
    |key_15_ap_vld_in_sig          |   9|          2|    1|          2|
    |key_15_ap_vld_preg            |   9|          2|    1|          2|
    |key_15_blk_n                  |   9|          2|    1|          2|
    |key_15_in_sig                 |   9|          2|   13|         26|
    |key_16_ap_vld_in_sig          |   9|          2|    1|          2|
    |key_16_ap_vld_preg            |   9|          2|    1|          2|
    |key_16_blk_n                  |   9|          2|    1|          2|
    |key_16_in_sig                 |   9|          2|   13|         26|
    |key_17_ap_vld_in_sig          |   9|          2|    1|          2|
    |key_17_ap_vld_preg            |   9|          2|    1|          2|
    |key_17_blk_n                  |   9|          2|    1|          2|
    |key_17_in_sig                 |   9|          2|   13|         26|
    |key_18_ap_vld_in_sig          |   9|          2|    1|          2|
    |key_18_ap_vld_preg            |   9|          2|    1|          2|
    |key_18_blk_n                  |   9|          2|    1|          2|
    |key_18_in_sig                 |   9|          2|   13|         26|
    |key_19_ap_vld_in_sig          |   9|          2|    1|          2|
    |key_19_ap_vld_preg            |   9|          2|    1|          2|
    |key_19_blk_n                  |   9|          2|    1|          2|
    |key_19_in_sig                 |   9|          2|   13|         26|
    |key_1_ap_vld_in_sig           |   9|          2|    1|          2|
    |key_1_ap_vld_preg             |   9|          2|    1|          2|
    |key_1_blk_n                   |   9|          2|    1|          2|
    |key_1_in_sig                  |   9|          2|   13|         26|
    |key_20_ap_vld_in_sig          |   9|          2|    1|          2|
    |key_20_ap_vld_preg            |   9|          2|    1|          2|
    |key_20_blk_n                  |   9|          2|    1|          2|
    |key_20_in_sig                 |   9|          2|   13|         26|
    |key_21_ap_vld_in_sig          |   9|          2|    1|          2|
    |key_21_ap_vld_preg            |   9|          2|    1|          2|
    |key_21_blk_n                  |   9|          2|    1|          2|
    |key_21_in_sig                 |   9|          2|   13|         26|
    |key_22_ap_vld_in_sig          |   9|          2|    1|          2|
    |key_22_ap_vld_preg            |   9|          2|    1|          2|
    |key_22_blk_n                  |   9|          2|    1|          2|
    |key_22_in_sig                 |   9|          2|   13|         26|
    |key_23_ap_vld_in_sig          |   9|          2|    1|          2|
    |key_23_ap_vld_preg            |   9|          2|    1|          2|
    |key_23_blk_n                  |   9|          2|    1|          2|
    |key_23_in_sig                 |   9|          2|   13|         26|
    |key_24_ap_vld_in_sig          |   9|          2|    1|          2|
    |key_24_ap_vld_preg            |   9|          2|    1|          2|
    |key_24_blk_n                  |   9|          2|    1|          2|
    |key_24_in_sig                 |   9|          2|   13|         26|
    |key_25_ap_vld_in_sig          |   9|          2|    1|          2|
    |key_25_ap_vld_preg            |   9|          2|    1|          2|
    |key_25_blk_n                  |   9|          2|    1|          2|
    |key_25_in_sig                 |   9|          2|   13|         26|
    |key_26_ap_vld_in_sig          |   9|          2|    1|          2|
    |key_26_ap_vld_preg            |   9|          2|    1|          2|
    |key_26_blk_n                  |   9|          2|    1|          2|
    |key_26_in_sig                 |   9|          2|   13|         26|
    |key_27_ap_vld_in_sig          |   9|          2|    1|          2|
    |key_27_ap_vld_preg            |   9|          2|    1|          2|
    |key_27_blk_n                  |   9|          2|    1|          2|
    |key_27_in_sig                 |   9|          2|   13|         26|
    |key_28_ap_vld_in_sig          |   9|          2|    1|          2|
    |key_28_ap_vld_preg            |   9|          2|    1|          2|
    |key_28_blk_n                  |   9|          2|    1|          2|
    |key_28_in_sig                 |   9|          2|   13|         26|
    |key_29_ap_vld_in_sig          |   9|          2|    1|          2|
    |key_29_ap_vld_preg            |   9|          2|    1|          2|
    |key_29_blk_n                  |   9|          2|    1|          2|
    |key_29_in_sig                 |   9|          2|   13|         26|
    |key_2_ap_vld_in_sig           |   9|          2|    1|          2|
    |key_2_ap_vld_preg             |   9|          2|    1|          2|
    |key_2_blk_n                   |   9|          2|    1|          2|
    |key_2_in_sig                  |   9|          2|   13|         26|
    |key_30_ap_vld_in_sig          |   9|          2|    1|          2|
    |key_30_ap_vld_preg            |   9|          2|    1|          2|
    |key_30_blk_n                  |   9|          2|    1|          2|
    |key_30_in_sig                 |   9|          2|   13|         26|
    |key_31_ap_vld_in_sig          |   9|          2|    1|          2|
    |key_31_ap_vld_preg            |   9|          2|    1|          2|
    |key_31_blk_n                  |   9|          2|    1|          2|
    |key_31_in_sig                 |   9|          2|   13|         26|
    |key_3_ap_vld_in_sig           |   9|          2|    1|          2|
    |key_3_ap_vld_preg             |   9|          2|    1|          2|
    |key_3_blk_n                   |   9|          2|    1|          2|
    |key_3_in_sig                  |   9|          2|   13|         26|
    |key_4_ap_vld_in_sig           |   9|          2|    1|          2|
    |key_4_ap_vld_preg             |   9|          2|    1|          2|
    |key_4_blk_n                   |   9|          2|    1|          2|
    |key_4_in_sig                  |   9|          2|   13|         26|
    |key_5_ap_vld_in_sig           |   9|          2|    1|          2|
    |key_5_ap_vld_preg             |   9|          2|    1|          2|
    |key_5_blk_n                   |   9|          2|    1|          2|
    |key_5_in_sig                  |   9|          2|   13|         26|
    |key_6_ap_vld_in_sig           |   9|          2|    1|          2|
    |key_6_ap_vld_preg             |   9|          2|    1|          2|
    |key_6_blk_n                   |   9|          2|    1|          2|
    |key_6_in_sig                  |   9|          2|   13|         26|
    |key_7_ap_vld_in_sig           |   9|          2|    1|          2|
    |key_7_ap_vld_preg             |   9|          2|    1|          2|
    |key_7_blk_n                   |   9|          2|    1|          2|
    |key_7_in_sig                  |   9|          2|   13|         26|
    |key_8_ap_vld_in_sig           |   9|          2|    1|          2|
    |key_8_ap_vld_preg             |   9|          2|    1|          2|
    |key_8_blk_n                   |   9|          2|    1|          2|
    |key_8_in_sig                  |   9|          2|   13|         26|
    |key_9_ap_vld_in_sig           |   9|          2|    1|          2|
    |key_9_ap_vld_preg             |   9|          2|    1|          2|
    |key_9_blk_n                   |   9|          2|    1|          2|
    |key_9_in_sig                  |   9|          2|   13|         26|
    |padding_mask_0_ap_vld_in_sig  |   9|          2|    1|          2|
    |padding_mask_0_ap_vld_preg    |   9|          2|    1|          2|
    |padding_mask_0_blk_n          |   9|          2|    1|          2|
    |padding_mask_0_in_sig         |   9|          2|   13|         26|
    |padding_mask_1_ap_vld_in_sig  |   9|          2|    1|          2|
    |padding_mask_1_ap_vld_preg    |   9|          2|    1|          2|
    |padding_mask_1_blk_n          |   9|          2|    1|          2|
    |padding_mask_1_in_sig         |   9|          2|   13|         26|
    |padding_mask_2_ap_vld_in_sig  |   9|          2|    1|          2|
    |padding_mask_2_ap_vld_preg    |   9|          2|    1|          2|
    |padding_mask_2_blk_n          |   9|          2|    1|          2|
    |padding_mask_2_in_sig         |   9|          2|   13|         26|
    |padding_mask_3_ap_vld_in_sig  |   9|          2|    1|          2|
    |padding_mask_3_ap_vld_preg    |   9|          2|    1|          2|
    |padding_mask_3_blk_n          |   9|          2|    1|          2|
    |padding_mask_3_in_sig         |   9|          2|   13|         26|
    |query_0_ap_vld_in_sig         |   9|          2|    1|          2|
    |query_0_ap_vld_preg           |   9|          2|    1|          2|
    |query_0_blk_n                 |   9|          2|    1|          2|
    |query_0_in_sig                |   9|          2|   13|         26|
    |query_10_ap_vld_in_sig        |   9|          2|    1|          2|
    |query_10_ap_vld_preg          |   9|          2|    1|          2|
    |query_10_blk_n                |   9|          2|    1|          2|
    |query_10_in_sig               |   9|          2|   13|         26|
    |query_11_ap_vld_in_sig        |   9|          2|    1|          2|
    |query_11_ap_vld_preg          |   9|          2|    1|          2|
    |query_11_blk_n                |   9|          2|    1|          2|
    |query_11_in_sig               |   9|          2|   13|         26|
    |query_12_ap_vld_in_sig        |   9|          2|    1|          2|
    |query_12_ap_vld_preg          |   9|          2|    1|          2|
    |query_12_blk_n                |   9|          2|    1|          2|
    |query_12_in_sig               |   9|          2|   13|         26|
    |query_13_ap_vld_in_sig        |   9|          2|    1|          2|
    |query_13_ap_vld_preg          |   9|          2|    1|          2|
    |query_13_blk_n                |   9|          2|    1|          2|
    |query_13_in_sig               |   9|          2|   13|         26|
    |query_14_ap_vld_in_sig        |   9|          2|    1|          2|
    |query_14_ap_vld_preg          |   9|          2|    1|          2|
    |query_14_blk_n                |   9|          2|    1|          2|
    |query_14_in_sig               |   9|          2|   13|         26|
    |query_15_ap_vld_in_sig        |   9|          2|    1|          2|
    |query_15_ap_vld_preg          |   9|          2|    1|          2|
    |query_15_blk_n                |   9|          2|    1|          2|
    |query_15_in_sig               |   9|          2|   13|         26|
    |query_16_ap_vld_in_sig        |   9|          2|    1|          2|
    |query_16_ap_vld_preg          |   9|          2|    1|          2|
    |query_16_blk_n                |   9|          2|    1|          2|
    |query_16_in_sig               |   9|          2|   13|         26|
    |query_17_ap_vld_in_sig        |   9|          2|    1|          2|
    |query_17_ap_vld_preg          |   9|          2|    1|          2|
    |query_17_blk_n                |   9|          2|    1|          2|
    |query_17_in_sig               |   9|          2|   13|         26|
    |query_18_ap_vld_in_sig        |   9|          2|    1|          2|
    |query_18_ap_vld_preg          |   9|          2|    1|          2|
    |query_18_blk_n                |   9|          2|    1|          2|
    |query_18_in_sig               |   9|          2|   13|         26|
    |query_19_ap_vld_in_sig        |   9|          2|    1|          2|
    |query_19_ap_vld_preg          |   9|          2|    1|          2|
    |query_19_blk_n                |   9|          2|    1|          2|
    |query_19_in_sig               |   9|          2|   13|         26|
    |query_1_ap_vld_in_sig         |   9|          2|    1|          2|
    |query_1_ap_vld_preg           |   9|          2|    1|          2|
    |query_1_blk_n                 |   9|          2|    1|          2|
    |query_1_in_sig                |   9|          2|   13|         26|
    |query_20_ap_vld_in_sig        |   9|          2|    1|          2|
    |query_20_ap_vld_preg          |   9|          2|    1|          2|
    |query_20_blk_n                |   9|          2|    1|          2|
    |query_20_in_sig               |   9|          2|   13|         26|
    |query_21_ap_vld_in_sig        |   9|          2|    1|          2|
    |query_21_ap_vld_preg          |   9|          2|    1|          2|
    |query_21_blk_n                |   9|          2|    1|          2|
    |query_21_in_sig               |   9|          2|   13|         26|
    |query_22_ap_vld_in_sig        |   9|          2|    1|          2|
    |query_22_ap_vld_preg          |   9|          2|    1|          2|
    |query_22_blk_n                |   9|          2|    1|          2|
    |query_22_in_sig               |   9|          2|   13|         26|
    |query_23_ap_vld_in_sig        |   9|          2|    1|          2|
    |query_23_ap_vld_preg          |   9|          2|    1|          2|
    |query_23_blk_n                |   9|          2|    1|          2|
    |query_23_in_sig               |   9|          2|   13|         26|
    |query_24_ap_vld_in_sig        |   9|          2|    1|          2|
    |query_24_ap_vld_preg          |   9|          2|    1|          2|
    |query_24_blk_n                |   9|          2|    1|          2|
    |query_24_in_sig               |   9|          2|   13|         26|
    |query_25_ap_vld_in_sig        |   9|          2|    1|          2|
    |query_25_ap_vld_preg          |   9|          2|    1|          2|
    |query_25_blk_n                |   9|          2|    1|          2|
    |query_25_in_sig               |   9|          2|   13|         26|
    |query_26_ap_vld_in_sig        |   9|          2|    1|          2|
    |query_26_ap_vld_preg          |   9|          2|    1|          2|
    |query_26_blk_n                |   9|          2|    1|          2|
    |query_26_in_sig               |   9|          2|   13|         26|
    |query_27_ap_vld_in_sig        |   9|          2|    1|          2|
    |query_27_ap_vld_preg          |   9|          2|    1|          2|
    |query_27_blk_n                |   9|          2|    1|          2|
    |query_27_in_sig               |   9|          2|   13|         26|
    |query_28_ap_vld_in_sig        |   9|          2|    1|          2|
    |query_28_ap_vld_preg          |   9|          2|    1|          2|
    |query_28_blk_n                |   9|          2|    1|          2|
    |query_28_in_sig               |   9|          2|   13|         26|
    |query_29_ap_vld_in_sig        |   9|          2|    1|          2|
    |query_29_ap_vld_preg          |   9|          2|    1|          2|
    |query_29_blk_n                |   9|          2|    1|          2|
    |query_29_in_sig               |   9|          2|   13|         26|
    |query_2_ap_vld_in_sig         |   9|          2|    1|          2|
    |query_2_ap_vld_preg           |   9|          2|    1|          2|
    |query_2_blk_n                 |   9|          2|    1|          2|
    |query_2_in_sig                |   9|          2|   13|         26|
    |query_30_ap_vld_in_sig        |   9|          2|    1|          2|
    |query_30_ap_vld_preg          |   9|          2|    1|          2|
    |query_30_blk_n                |   9|          2|    1|          2|
    |query_30_in_sig               |   9|          2|   13|         26|
    |query_31_ap_vld_in_sig        |   9|          2|    1|          2|
    |query_31_ap_vld_preg          |   9|          2|    1|          2|
    |query_31_blk_n                |   9|          2|    1|          2|
    |query_31_in_sig               |   9|          2|   13|         26|
    |query_3_ap_vld_in_sig         |   9|          2|    1|          2|
    |query_3_ap_vld_preg           |   9|          2|    1|          2|
    |query_3_blk_n                 |   9|          2|    1|          2|
    |query_3_in_sig                |   9|          2|   13|         26|
    |query_4_ap_vld_in_sig         |   9|          2|    1|          2|
    |query_4_ap_vld_preg           |   9|          2|    1|          2|
    |query_4_blk_n                 |   9|          2|    1|          2|
    |query_4_in_sig                |   9|          2|   13|         26|
    |query_5_ap_vld_in_sig         |   9|          2|    1|          2|
    |query_5_ap_vld_preg           |   9|          2|    1|          2|
    |query_5_blk_n                 |   9|          2|    1|          2|
    |query_5_in_sig                |   9|          2|   13|         26|
    |query_6_ap_vld_in_sig         |   9|          2|    1|          2|
    |query_6_ap_vld_preg           |   9|          2|    1|          2|
    |query_6_blk_n                 |   9|          2|    1|          2|
    |query_6_in_sig                |   9|          2|   13|         26|
    |query_7_ap_vld_in_sig         |   9|          2|    1|          2|
    |query_7_ap_vld_preg           |   9|          2|    1|          2|
    |query_7_blk_n                 |   9|          2|    1|          2|
    |query_7_in_sig                |   9|          2|   13|         26|
    |query_8_ap_vld_in_sig         |   9|          2|    1|          2|
    |query_8_ap_vld_preg           |   9|          2|    1|          2|
    |query_8_blk_n                 |   9|          2|    1|          2|
    |query_8_in_sig                |   9|          2|   13|         26|
    |query_9_ap_vld_in_sig         |   9|          2|    1|          2|
    |query_9_ap_vld_preg           |   9|          2|    1|          2|
    |query_9_blk_n                 |   9|          2|    1|          2|
    |query_9_in_sig                |   9|          2|   13|         26|
    |value_0_ap_vld_in_sig         |   9|          2|    1|          2|
    |value_0_ap_vld_preg           |   9|          2|    1|          2|
    |value_0_blk_n                 |   9|          2|    1|          2|
    |value_0_in_sig                |   9|          2|   13|         26|
    |value_10_ap_vld_in_sig        |   9|          2|    1|          2|
    |value_10_ap_vld_preg          |   9|          2|    1|          2|
    |value_10_blk_n                |   9|          2|    1|          2|
    |value_10_in_sig               |   9|          2|   13|         26|
    |value_11_ap_vld_in_sig        |   9|          2|    1|          2|
    |value_11_ap_vld_preg          |   9|          2|    1|          2|
    |value_11_blk_n                |   9|          2|    1|          2|
    |value_11_in_sig               |   9|          2|   13|         26|
    |value_12_ap_vld_in_sig        |   9|          2|    1|          2|
    |value_12_ap_vld_preg          |   9|          2|    1|          2|
    |value_12_blk_n                |   9|          2|    1|          2|
    |value_12_in_sig               |   9|          2|   13|         26|
    |value_13_ap_vld_in_sig        |   9|          2|    1|          2|
    |value_13_ap_vld_preg          |   9|          2|    1|          2|
    |value_13_blk_n                |   9|          2|    1|          2|
    |value_13_in_sig               |   9|          2|   13|         26|
    |value_14_ap_vld_in_sig        |   9|          2|    1|          2|
    |value_14_ap_vld_preg          |   9|          2|    1|          2|
    |value_14_blk_n                |   9|          2|    1|          2|
    |value_14_in_sig               |   9|          2|   13|         26|
    |value_15_ap_vld_in_sig        |   9|          2|    1|          2|
    |value_15_ap_vld_preg          |   9|          2|    1|          2|
    |value_15_blk_n                |   9|          2|    1|          2|
    |value_15_in_sig               |   9|          2|   13|         26|
    |value_1_ap_vld_in_sig         |   9|          2|    1|          2|
    |value_1_ap_vld_preg           |   9|          2|    1|          2|
    |value_1_blk_n                 |   9|          2|    1|          2|
    |value_1_in_sig                |   9|          2|   13|         26|
    |value_2_ap_vld_in_sig         |   9|          2|    1|          2|
    |value_2_ap_vld_preg           |   9|          2|    1|          2|
    |value_2_blk_n                 |   9|          2|    1|          2|
    |value_2_in_sig                |   9|          2|   13|         26|
    |value_3_ap_vld_in_sig         |   9|          2|    1|          2|
    |value_3_ap_vld_preg           |   9|          2|    1|          2|
    |value_3_blk_n                 |   9|          2|    1|          2|
    |value_3_in_sig                |   9|          2|   13|         26|
    |value_4_ap_vld_in_sig         |   9|          2|    1|          2|
    |value_4_ap_vld_preg           |   9|          2|    1|          2|
    |value_4_blk_n                 |   9|          2|    1|          2|
    |value_4_in_sig                |   9|          2|   13|         26|
    |value_5_ap_vld_in_sig         |   9|          2|    1|          2|
    |value_5_ap_vld_preg           |   9|          2|    1|          2|
    |value_5_blk_n                 |   9|          2|    1|          2|
    |value_5_in_sig                |   9|          2|   13|         26|
    |value_6_ap_vld_in_sig         |   9|          2|    1|          2|
    |value_6_ap_vld_preg           |   9|          2|    1|          2|
    |value_6_blk_n                 |   9|          2|    1|          2|
    |value_6_in_sig                |   9|          2|   13|         26|
    |value_7_ap_vld_in_sig         |   9|          2|    1|          2|
    |value_7_ap_vld_preg           |   9|          2|    1|          2|
    |value_7_blk_n                 |   9|          2|    1|          2|
    |value_7_in_sig                |   9|          2|   13|         26|
    |value_8_ap_vld_in_sig         |   9|          2|    1|          2|
    |value_8_ap_vld_preg           |   9|          2|    1|          2|
    |value_8_blk_n                 |   9|          2|    1|          2|
    |value_8_in_sig                |   9|          2|   13|         26|
    |value_9_ap_vld_in_sig         |   9|          2|    1|          2|
    |value_9_ap_vld_preg           |   9|          2|    1|          2|
    |value_9_blk_n                 |   9|          2|    1|          2|
    |value_9_in_sig                |   9|          2|   13|         26|
    +------------------------------+----+-----------+-----+-----------+
    |Total                         |3024|        672| 1344|       2688|
    +------------------------------+----+-----------+-----+-----------+

    * Register: 
    +----------------------------+----+----+-----+-----------+
    |            Name            | FF | LUT| Bits| Const Bits|
    +----------------------------+----+----+-----+-----------+
    |ap_CS_fsm                   |   1|   0|    1|          0|
    |ap_enable_reg_pp0_iter1     |   1|   0|    1|          0|
    |ap_enable_reg_pp0_iter10    |   1|   0|    1|          0|
    |ap_enable_reg_pp0_iter11    |   1|   0|    1|          0|
    |ap_enable_reg_pp0_iter12    |   1|   0|    1|          0|
    |ap_enable_reg_pp0_iter2     |   1|   0|    1|          0|
    |ap_enable_reg_pp0_iter3     |   1|   0|    1|          0|
    |ap_enable_reg_pp0_iter4     |   1|   0|    1|          0|
    |ap_enable_reg_pp0_iter5     |   1|   0|    1|          0|
    |ap_enable_reg_pp0_iter6     |   1|   0|    1|          0|
    |ap_enable_reg_pp0_iter7     |   1|   0|    1|          0|
    |ap_enable_reg_pp0_iter8     |   1|   0|    1|          0|
    |ap_enable_reg_pp0_iter9     |   1|   0|    1|          0|
    |key_0_ap_vld_preg           |   1|   0|    1|          0|
    |key_0_preg                  |  13|   0|   13|          0|
    |key_10_ap_vld_preg          |   1|   0|    1|          0|
    |key_10_preg                 |  13|   0|   13|          0|
    |key_11_ap_vld_preg          |   1|   0|    1|          0|
    |key_11_preg                 |  13|   0|   13|          0|
    |key_12_ap_vld_preg          |   1|   0|    1|          0|
    |key_12_preg                 |  13|   0|   13|          0|
    |key_13_ap_vld_preg          |   1|   0|    1|          0|
    |key_13_preg                 |  13|   0|   13|          0|
    |key_14_ap_vld_preg          |   1|   0|    1|          0|
    |key_14_preg                 |  13|   0|   13|          0|
    |key_15_ap_vld_preg          |   1|   0|    1|          0|
    |key_15_preg                 |  13|   0|   13|          0|
    |key_16_ap_vld_preg          |   1|   0|    1|          0|
    |key_16_preg                 |  13|   0|   13|          0|
    |key_17_ap_vld_preg          |   1|   0|    1|          0|
    |key_17_preg                 |  13|   0|   13|          0|
    |key_18_ap_vld_preg          |   1|   0|    1|          0|
    |key_18_preg                 |  13|   0|   13|          0|
    |key_19_ap_vld_preg          |   1|   0|    1|          0|
    |key_19_preg                 |  13|   0|   13|          0|
    |key_1_ap_vld_preg           |   1|   0|    1|          0|
    |key_1_preg                  |  13|   0|   13|          0|
    |key_20_ap_vld_preg          |   1|   0|    1|          0|
    |key_20_preg                 |  13|   0|   13|          0|
    |key_21_ap_vld_preg          |   1|   0|    1|          0|
    |key_21_preg                 |  13|   0|   13|          0|
    |key_22_ap_vld_preg          |   1|   0|    1|          0|
    |key_22_preg                 |  13|   0|   13|          0|
    |key_23_ap_vld_preg          |   1|   0|    1|          0|
    |key_23_preg                 |  13|   0|   13|          0|
    |key_24_ap_vld_preg          |   1|   0|    1|          0|
    |key_24_preg                 |  13|   0|   13|          0|
    |key_25_ap_vld_preg          |   1|   0|    1|          0|
    |key_25_preg                 |  13|   0|   13|          0|
    |key_26_ap_vld_preg          |   1|   0|    1|          0|
    |key_26_preg                 |  13|   0|   13|          0|
    |key_27_ap_vld_preg          |   1|   0|    1|          0|
    |key_27_preg                 |  13|   0|   13|          0|
    |key_28_ap_vld_preg          |   1|   0|    1|          0|
    |key_28_preg                 |  13|   0|   13|          0|
    |key_29_ap_vld_preg          |   1|   0|    1|          0|
    |key_29_preg                 |  13|   0|   13|          0|
    |key_2_ap_vld_preg           |   1|   0|    1|          0|
    |key_2_preg                  |  13|   0|   13|          0|
    |key_30_ap_vld_preg          |   1|   0|    1|          0|
    |key_30_preg                 |  13|   0|   13|          0|
    |key_31_ap_vld_preg          |   1|   0|    1|          0|
    |key_31_preg                 |  13|   0|   13|          0|
    |key_3_ap_vld_preg           |   1|   0|    1|          0|
    |key_3_preg                  |  13|   0|   13|          0|
    |key_4_ap_vld_preg           |   1|   0|    1|          0|
    |key_4_preg                  |  13|   0|   13|          0|
    |key_5_ap_vld_preg           |   1|   0|    1|          0|
    |key_5_preg                  |  13|   0|   13|          0|
    |key_6_ap_vld_preg           |   1|   0|    1|          0|
    |key_6_preg                  |  13|   0|   13|          0|
    |key_7_ap_vld_preg           |   1|   0|    1|          0|
    |key_7_preg                  |  13|   0|   13|          0|
    |key_8_ap_vld_preg           |   1|   0|    1|          0|
    |key_8_preg                  |  13|   0|   13|          0|
    |key_9_ap_vld_preg           |   1|   0|    1|          0|
    |key_9_preg                  |  13|   0|   13|          0|
    |padding_mask_0_ap_vld_preg  |   1|   0|    1|          0|
    |padding_mask_0_preg         |  13|   0|   13|          0|
    |padding_mask_1_ap_vld_preg  |   1|   0|    1|          0|
    |padding_mask_1_preg         |  13|   0|   13|          0|
    |padding_mask_2_ap_vld_preg  |   1|   0|    1|          0|
    |padding_mask_2_preg         |  13|   0|   13|          0|
    |padding_mask_3_ap_vld_preg  |   1|   0|    1|          0|
    |padding_mask_3_preg         |  13|   0|   13|          0|
    |query_0_ap_vld_preg         |   1|   0|    1|          0|
    |query_0_preg                |  13|   0|   13|          0|
    |query_10_ap_vld_preg        |   1|   0|    1|          0|
    |query_10_preg               |  13|   0|   13|          0|
    |query_11_ap_vld_preg        |   1|   0|    1|          0|
    |query_11_preg               |  13|   0|   13|          0|
    |query_12_ap_vld_preg        |   1|   0|    1|          0|
    |query_12_preg               |  13|   0|   13|          0|
    |query_13_ap_vld_preg        |   1|   0|    1|          0|
    |query_13_preg               |  13|   0|   13|          0|
    |query_14_ap_vld_preg        |   1|   0|    1|          0|
    |query_14_preg               |  13|   0|   13|          0|
    |query_15_ap_vld_preg        |   1|   0|    1|          0|
    |query_15_preg               |  13|   0|   13|          0|
    |query_16_ap_vld_preg        |   1|   0|    1|          0|
    |query_16_preg               |  13|   0|   13|          0|
    |query_17_ap_vld_preg        |   1|   0|    1|          0|
    |query_17_preg               |  13|   0|   13|          0|
    |query_18_ap_vld_preg        |   1|   0|    1|          0|
    |query_18_preg               |  13|   0|   13|          0|
    |query_19_ap_vld_preg        |   1|   0|    1|          0|
    |query_19_preg               |  13|   0|   13|          0|
    |query_1_ap_vld_preg         |   1|   0|    1|          0|
    |query_1_preg                |  13|   0|   13|          0|
    |query_20_ap_vld_preg        |   1|   0|    1|          0|
    |query_20_preg               |  13|   0|   13|          0|
    |query_21_ap_vld_preg        |   1|   0|    1|          0|
    |query_21_preg               |  13|   0|   13|          0|
    |query_22_ap_vld_preg        |   1|   0|    1|          0|
    |query_22_preg               |  13|   0|   13|          0|
    |query_23_ap_vld_preg        |   1|   0|    1|          0|
    |query_23_preg               |  13|   0|   13|          0|
    |query_24_ap_vld_preg        |   1|   0|    1|          0|
    |query_24_preg               |  13|   0|   13|          0|
    |query_25_ap_vld_preg        |   1|   0|    1|          0|
    |query_25_preg               |  13|   0|   13|          0|
    |query_26_ap_vld_preg        |   1|   0|    1|          0|
    |query_26_preg               |  13|   0|   13|          0|
    |query_27_ap_vld_preg        |   1|   0|    1|          0|
    |query_27_preg               |  13|   0|   13|          0|
    |query_28_ap_vld_preg        |   1|   0|    1|          0|
    |query_28_preg               |  13|   0|   13|          0|
    |query_29_ap_vld_preg        |   1|   0|    1|          0|
    |query_29_preg               |  13|   0|   13|          0|
    |query_2_ap_vld_preg         |   1|   0|    1|          0|
    |query_2_preg                |  13|   0|   13|          0|
    |query_30_ap_vld_preg        |   1|   0|    1|          0|
    |query_30_preg               |  13|   0|   13|          0|
    |query_31_ap_vld_preg        |   1|   0|    1|          0|
    |query_31_preg               |  13|   0|   13|          0|
    |query_3_ap_vld_preg         |   1|   0|    1|          0|
    |query_3_preg                |  13|   0|   13|          0|
    |query_4_ap_vld_preg         |   1|   0|    1|          0|
    |query_4_preg                |  13|   0|   13|          0|
    |query_5_ap_vld_preg         |   1|   0|    1|          0|
    |query_5_preg                |  13|   0|   13|          0|
    |query_6_ap_vld_preg         |   1|   0|    1|          0|
    |query_6_preg                |  13|   0|   13|          0|
    |query_7_ap_vld_preg         |   1|   0|    1|          0|
    |query_7_preg                |  13|   0|   13|          0|
    |query_8_ap_vld_preg         |   1|   0|    1|          0|
    |query_8_preg                |  13|   0|   13|          0|
    |query_9_ap_vld_preg         |   1|   0|    1|          0|
    |query_9_preg                |  13|   0|   13|          0|
    |value_0_ap_vld_preg         |   1|   0|    1|          0|
    |value_0_preg                |  13|   0|   13|          0|
    |value_10_ap_vld_preg        |   1|   0|    1|          0|
    |value_10_preg               |  13|   0|   13|          0|
    |value_11_ap_vld_preg        |   1|   0|    1|          0|
    |value_11_preg               |  13|   0|   13|          0|
    |value_12_ap_vld_preg        |   1|   0|    1|          0|
    |value_12_preg               |  13|   0|   13|          0|
    |value_13_ap_vld_preg        |   1|   0|    1|          0|
    |value_13_preg               |  13|   0|   13|          0|
    |value_14_ap_vld_preg        |   1|   0|    1|          0|
    |value_14_preg               |  13|   0|   13|          0|
    |value_15_ap_vld_preg        |   1|   0|    1|          0|
    |value_15_preg               |  13|   0|   13|          0|
    |value_1_ap_vld_preg         |   1|   0|    1|          0|
    |value_1_preg                |  13|   0|   13|          0|
    |value_2_ap_vld_preg         |   1|   0|    1|          0|
    |value_2_preg                |  13|   0|   13|          0|
    |value_3_ap_vld_preg         |   1|   0|    1|          0|
    |value_3_preg                |  13|   0|   13|          0|
    |value_4_ap_vld_preg         |   1|   0|    1|          0|
    |value_4_preg                |  13|   0|   13|          0|
    |value_5_ap_vld_preg         |   1|   0|    1|          0|
    |value_5_preg                |  13|   0|   13|          0|
    |value_6_ap_vld_preg         |   1|   0|    1|          0|
    |value_6_preg                |  13|   0|   13|          0|
    |value_7_ap_vld_preg         |   1|   0|    1|          0|
    |value_7_preg                |  13|   0|   13|          0|
    |value_8_ap_vld_preg         |   1|   0|    1|          0|
    |value_8_preg                |  13|   0|   13|          0|
    |value_9_ap_vld_preg         |   1|   0|    1|          0|
    |value_9_preg                |  13|   0|   13|          0|
    +----------------------------+----+----+-----+-----------+
    |Total                       |1189|   0| 1189|          0|
    +----------------------------+----+----+-----+-----------+



================================================================
== Interface
================================================================
* Summary: 
+-----------------------+-----+-----+------------+----------------+--------------+
|       RTL Ports       | Dir | Bits|  Protocol  |  Source Object |    C Type    |
+-----------------------+-----+-----+------------+----------------+--------------+
|ap_clk                 |   in|    1|  ap_ctrl_hs|       myproject|  return value|
|ap_rst                 |   in|    1|  ap_ctrl_hs|       myproject|  return value|
|ap_start               |   in|    1|  ap_ctrl_hs|       myproject|  return value|
|ap_done                |  out|    1|  ap_ctrl_hs|       myproject|  return value|
|ap_idle                |  out|    1|  ap_ctrl_hs|       myproject|  return value|
|ap_ready               |  out|    1|  ap_ctrl_hs|       myproject|  return value|
|query_0_ap_vld         |   in|    1|      ap_vld|         query_0|       pointer|
|query_0                |   in|   13|      ap_vld|         query_0|       pointer|
|query_1_ap_vld         |   in|    1|      ap_vld|         query_1|       pointer|
|query_1                |   in|   13|      ap_vld|         query_1|       pointer|
|query_2_ap_vld         |   in|    1|      ap_vld|         query_2|       pointer|
|query_2                |   in|   13|      ap_vld|         query_2|       pointer|
|query_3_ap_vld         |   in|    1|      ap_vld|         query_3|       pointer|
|query_3                |   in|   13|      ap_vld|         query_3|       pointer|
|query_4_ap_vld         |   in|    1|      ap_vld|         query_4|       pointer|
|query_4                |   in|   13|      ap_vld|         query_4|       pointer|
|query_5_ap_vld         |   in|    1|      ap_vld|         query_5|       pointer|
|query_5                |   in|   13|      ap_vld|         query_5|       pointer|
|query_6_ap_vld         |   in|    1|      ap_vld|         query_6|       pointer|
|query_6                |   in|   13|      ap_vld|         query_6|       pointer|
|query_7_ap_vld         |   in|    1|      ap_vld|         query_7|       pointer|
|query_7                |   in|   13|      ap_vld|         query_7|       pointer|
|query_8_ap_vld         |   in|    1|      ap_vld|         query_8|       pointer|
|query_8                |   in|   13|      ap_vld|         query_8|       pointer|
|query_9_ap_vld         |   in|    1|      ap_vld|         query_9|       pointer|
|query_9                |   in|   13|      ap_vld|         query_9|       pointer|
|query_10_ap_vld        |   in|    1|      ap_vld|        query_10|       pointer|
|query_10               |   in|   13|      ap_vld|        query_10|       pointer|
|query_11_ap_vld        |   in|    1|      ap_vld|        query_11|       pointer|
|query_11               |   in|   13|      ap_vld|        query_11|       pointer|
|query_12_ap_vld        |   in|    1|      ap_vld|        query_12|       pointer|
|query_12               |   in|   13|      ap_vld|        query_12|       pointer|
|query_13_ap_vld        |   in|    1|      ap_vld|        query_13|       pointer|
|query_13               |   in|   13|      ap_vld|        query_13|       pointer|
|query_14_ap_vld        |   in|    1|      ap_vld|        query_14|       pointer|
|query_14               |   in|   13|      ap_vld|        query_14|       pointer|
|query_15_ap_vld        |   in|    1|      ap_vld|        query_15|       pointer|
|query_15               |   in|   13|      ap_vld|        query_15|       pointer|
|query_16_ap_vld        |   in|    1|      ap_vld|        query_16|       pointer|
|query_16               |   in|   13|      ap_vld|        query_16|       pointer|
|query_17_ap_vld        |   in|    1|      ap_vld|        query_17|       pointer|
|query_17               |   in|   13|      ap_vld|        query_17|       pointer|
|query_18_ap_vld        |   in|    1|      ap_vld|        query_18|       pointer|
|query_18               |   in|   13|      ap_vld|        query_18|       pointer|
|query_19_ap_vld        |   in|    1|      ap_vld|        query_19|       pointer|
|query_19               |   in|   13|      ap_vld|        query_19|       pointer|
|query_20_ap_vld        |   in|    1|      ap_vld|        query_20|       pointer|
|query_20               |   in|   13|      ap_vld|        query_20|       pointer|
|query_21_ap_vld        |   in|    1|      ap_vld|        query_21|       pointer|
|query_21               |   in|   13|      ap_vld|        query_21|       pointer|
|query_22_ap_vld        |   in|    1|      ap_vld|        query_22|       pointer|
|query_22               |   in|   13|      ap_vld|        query_22|       pointer|
|query_23_ap_vld        |   in|    1|      ap_vld|        query_23|       pointer|
|query_23               |   in|   13|      ap_vld|        query_23|       pointer|
|query_24_ap_vld        |   in|    1|      ap_vld|        query_24|       pointer|
|query_24               |   in|   13|      ap_vld|        query_24|       pointer|
|query_25_ap_vld        |   in|    1|      ap_vld|        query_25|       pointer|
|query_25               |   in|   13|      ap_vld|        query_25|       pointer|
|query_26_ap_vld        |   in|    1|      ap_vld|        query_26|       pointer|
|query_26               |   in|   13|      ap_vld|        query_26|       pointer|
|query_27_ap_vld        |   in|    1|      ap_vld|        query_27|       pointer|
|query_27               |   in|   13|      ap_vld|        query_27|       pointer|
|query_28_ap_vld        |   in|    1|      ap_vld|        query_28|       pointer|
|query_28               |   in|   13|      ap_vld|        query_28|       pointer|
|query_29_ap_vld        |   in|    1|      ap_vld|        query_29|       pointer|
|query_29               |   in|   13|      ap_vld|        query_29|       pointer|
|query_30_ap_vld        |   in|    1|      ap_vld|        query_30|       pointer|
|query_30               |   in|   13|      ap_vld|        query_30|       pointer|
|query_31_ap_vld        |   in|    1|      ap_vld|        query_31|       pointer|
|query_31               |   in|   13|      ap_vld|        query_31|       pointer|
|key_0_ap_vld           |   in|    1|      ap_vld|           key_0|       pointer|
|key_0                  |   in|   13|      ap_vld|           key_0|       pointer|
|key_1_ap_vld           |   in|    1|      ap_vld|           key_1|       pointer|
|key_1                  |   in|   13|      ap_vld|           key_1|       pointer|
|key_2_ap_vld           |   in|    1|      ap_vld|           key_2|       pointer|
|key_2                  |   in|   13|      ap_vld|           key_2|       pointer|
|key_3_ap_vld           |   in|    1|      ap_vld|           key_3|       pointer|
|key_3                  |   in|   13|      ap_vld|           key_3|       pointer|
|key_4_ap_vld           |   in|    1|      ap_vld|           key_4|       pointer|
|key_4                  |   in|   13|      ap_vld|           key_4|       pointer|
|key_5_ap_vld           |   in|    1|      ap_vld|           key_5|       pointer|
|key_5                  |   in|   13|      ap_vld|           key_5|       pointer|
|key_6_ap_vld           |   in|    1|      ap_vld|           key_6|       pointer|
|key_6                  |   in|   13|      ap_vld|           key_6|       pointer|
|key_7_ap_vld           |   in|    1|      ap_vld|           key_7|       pointer|
|key_7                  |   in|   13|      ap_vld|           key_7|       pointer|
|key_8_ap_vld           |   in|    1|      ap_vld|           key_8|       pointer|
|key_8                  |   in|   13|      ap_vld|           key_8|       pointer|
|key_9_ap_vld           |   in|    1|      ap_vld|           key_9|       pointer|
|key_9                  |   in|   13|      ap_vld|           key_9|       pointer|
|key_10_ap_vld          |   in|    1|      ap_vld|          key_10|       pointer|
|key_10                 |   in|   13|      ap_vld|          key_10|       pointer|
|key_11_ap_vld          |   in|    1|      ap_vld|          key_11|       pointer|
|key_11                 |   in|   13|      ap_vld|          key_11|       pointer|
|key_12_ap_vld          |   in|    1|      ap_vld|          key_12|       pointer|
|key_12                 |   in|   13|      ap_vld|          key_12|       pointer|
|key_13_ap_vld          |   in|    1|      ap_vld|          key_13|       pointer|
|key_13                 |   in|   13|      ap_vld|          key_13|       pointer|
|key_14_ap_vld          |   in|    1|      ap_vld|          key_14|       pointer|
|key_14                 |   in|   13|      ap_vld|          key_14|       pointer|
|key_15_ap_vld          |   in|    1|      ap_vld|          key_15|       pointer|
|key_15                 |   in|   13|      ap_vld|          key_15|       pointer|
|key_16_ap_vld          |   in|    1|      ap_vld|          key_16|       pointer|
|key_16                 |   in|   13|      ap_vld|          key_16|       pointer|
|key_17_ap_vld          |   in|    1|      ap_vld|          key_17|       pointer|
|key_17                 |   in|   13|      ap_vld|          key_17|       pointer|
|key_18_ap_vld          |   in|    1|      ap_vld|          key_18|       pointer|
|key_18                 |   in|   13|      ap_vld|          key_18|       pointer|
|key_19_ap_vld          |   in|    1|      ap_vld|          key_19|       pointer|
|key_19                 |   in|   13|      ap_vld|          key_19|       pointer|
|key_20_ap_vld          |   in|    1|      ap_vld|          key_20|       pointer|
|key_20                 |   in|   13|      ap_vld|          key_20|       pointer|
|key_21_ap_vld          |   in|    1|      ap_vld|          key_21|       pointer|
|key_21                 |   in|   13|      ap_vld|          key_21|       pointer|
|key_22_ap_vld          |   in|    1|      ap_vld|          key_22|       pointer|
|key_22                 |   in|   13|      ap_vld|          key_22|       pointer|
|key_23_ap_vld          |   in|    1|      ap_vld|          key_23|       pointer|
|key_23                 |   in|   13|      ap_vld|          key_23|       pointer|
|key_24_ap_vld          |   in|    1|      ap_vld|          key_24|       pointer|
|key_24                 |   in|   13|      ap_vld|          key_24|       pointer|
|key_25_ap_vld          |   in|    1|      ap_vld|          key_25|       pointer|
|key_25                 |   in|   13|      ap_vld|          key_25|       pointer|
|key_26_ap_vld          |   in|    1|      ap_vld|          key_26|       pointer|
|key_26                 |   in|   13|      ap_vld|          key_26|       pointer|
|key_27_ap_vld          |   in|    1|      ap_vld|          key_27|       pointer|
|key_27                 |   in|   13|      ap_vld|          key_27|       pointer|
|key_28_ap_vld          |   in|    1|      ap_vld|          key_28|       pointer|
|key_28                 |   in|   13|      ap_vld|          key_28|       pointer|
|key_29_ap_vld          |   in|    1|      ap_vld|          key_29|       pointer|
|key_29                 |   in|   13|      ap_vld|          key_29|       pointer|
|key_30_ap_vld          |   in|    1|      ap_vld|          key_30|       pointer|
|key_30                 |   in|   13|      ap_vld|          key_30|       pointer|
|key_31_ap_vld          |   in|    1|      ap_vld|          key_31|       pointer|
|key_31                 |   in|   13|      ap_vld|          key_31|       pointer|
|value_0_ap_vld         |   in|    1|      ap_vld|         value_0|       pointer|
|value_0                |   in|   13|      ap_vld|         value_0|       pointer|
|value_1_ap_vld         |   in|    1|      ap_vld|         value_1|       pointer|
|value_1                |   in|   13|      ap_vld|         value_1|       pointer|
|value_2_ap_vld         |   in|    1|      ap_vld|         value_2|       pointer|
|value_2                |   in|   13|      ap_vld|         value_2|       pointer|
|value_3_ap_vld         |   in|    1|      ap_vld|         value_3|       pointer|
|value_3                |   in|   13|      ap_vld|         value_3|       pointer|
|value_4_ap_vld         |   in|    1|      ap_vld|         value_4|       pointer|
|value_4                |   in|   13|      ap_vld|         value_4|       pointer|
|value_5_ap_vld         |   in|    1|      ap_vld|         value_5|       pointer|
|value_5                |   in|   13|      ap_vld|         value_5|       pointer|
|value_6_ap_vld         |   in|    1|      ap_vld|         value_6|       pointer|
|value_6                |   in|   13|      ap_vld|         value_6|       pointer|
|value_7_ap_vld         |   in|    1|      ap_vld|         value_7|       pointer|
|value_7                |   in|   13|      ap_vld|         value_7|       pointer|
|value_8_ap_vld         |   in|    1|      ap_vld|         value_8|       pointer|
|value_8                |   in|   13|      ap_vld|         value_8|       pointer|
|value_9_ap_vld         |   in|    1|      ap_vld|         value_9|       pointer|
|value_9                |   in|   13|      ap_vld|         value_9|       pointer|
|value_10_ap_vld        |   in|    1|      ap_vld|        value_10|       pointer|
|value_10               |   in|   13|      ap_vld|        value_10|       pointer|
|value_11_ap_vld        |   in|    1|      ap_vld|        value_11|       pointer|
|value_11               |   in|   13|      ap_vld|        value_11|       pointer|
|value_12_ap_vld        |   in|    1|      ap_vld|        value_12|       pointer|
|value_12               |   in|   13|      ap_vld|        value_12|       pointer|
|value_13_ap_vld        |   in|    1|      ap_vld|        value_13|       pointer|
|value_13               |   in|   13|      ap_vld|        value_13|       pointer|
|value_14_ap_vld        |   in|    1|      ap_vld|        value_14|       pointer|
|value_14               |   in|   13|      ap_vld|        value_14|       pointer|
|value_15_ap_vld        |   in|    1|      ap_vld|        value_15|       pointer|
|value_15               |   in|   13|      ap_vld|        value_15|       pointer|
|padding_mask_0_ap_vld  |   in|    1|      ap_vld|  padding_mask_0|       pointer|
|padding_mask_0         |   in|   13|      ap_vld|  padding_mask_0|       pointer|
|padding_mask_1_ap_vld  |   in|    1|      ap_vld|  padding_mask_1|       pointer|
|padding_mask_1         |   in|   13|      ap_vld|  padding_mask_1|       pointer|
|padding_mask_2_ap_vld  |   in|    1|      ap_vld|  padding_mask_2|       pointer|
|padding_mask_2         |   in|   13|      ap_vld|  padding_mask_2|       pointer|
|padding_mask_3_ap_vld  |   in|    1|      ap_vld|  padding_mask_3|       pointer|
|padding_mask_3         |   in|   13|      ap_vld|  padding_mask_3|       pointer|
|layer5_out_0           |  out|   13|      ap_vld|    layer5_out_0|       pointer|
|layer5_out_0_ap_vld    |  out|    1|      ap_vld|    layer5_out_0|       pointer|
|layer5_out_1           |  out|   13|      ap_vld|    layer5_out_1|       pointer|
|layer5_out_1_ap_vld    |  out|    1|      ap_vld|    layer5_out_1|       pointer|
|layer5_out_2           |  out|   13|      ap_vld|    layer5_out_2|       pointer|
|layer5_out_2_ap_vld    |  out|    1|      ap_vld|    layer5_out_2|       pointer|
|layer5_out_3           |  out|   13|      ap_vld|    layer5_out_3|       pointer|
|layer5_out_3_ap_vld    |  out|    1|      ap_vld|    layer5_out_3|       pointer|
|layer5_out_4           |  out|   13|      ap_vld|    layer5_out_4|       pointer|
|layer5_out_4_ap_vld    |  out|    1|      ap_vld|    layer5_out_4|       pointer|
|layer5_out_5           |  out|   13|      ap_vld|    layer5_out_5|       pointer|
|layer5_out_5_ap_vld    |  out|    1|      ap_vld|    layer5_out_5|       pointer|
|layer5_out_6           |  out|   13|      ap_vld|    layer5_out_6|       pointer|
|layer5_out_6_ap_vld    |  out|    1|      ap_vld|    layer5_out_6|       pointer|
|layer5_out_7           |  out|   13|      ap_vld|    layer5_out_7|       pointer|
|layer5_out_7_ap_vld    |  out|    1|      ap_vld|    layer5_out_7|       pointer|
|layer5_out_8           |  out|   13|      ap_vld|    layer5_out_8|       pointer|
|layer5_out_8_ap_vld    |  out|    1|      ap_vld|    layer5_out_8|       pointer|
|layer5_out_9           |  out|   13|      ap_vld|    layer5_out_9|       pointer|
|layer5_out_9_ap_vld    |  out|    1|      ap_vld|    layer5_out_9|       pointer|
|layer5_out_10          |  out|   13|      ap_vld|   layer5_out_10|       pointer|
|layer5_out_10_ap_vld   |  out|    1|      ap_vld|   layer5_out_10|       pointer|
|layer5_out_11          |  out|   13|      ap_vld|   layer5_out_11|       pointer|
|layer5_out_11_ap_vld   |  out|    1|      ap_vld|   layer5_out_11|       pointer|
|layer5_out_12          |  out|   13|      ap_vld|   layer5_out_12|       pointer|
|layer5_out_12_ap_vld   |  out|    1|      ap_vld|   layer5_out_12|       pointer|
|layer5_out_13          |  out|   13|      ap_vld|   layer5_out_13|       pointer|
|layer5_out_13_ap_vld   |  out|    1|      ap_vld|   layer5_out_13|       pointer|
|layer5_out_14          |  out|   13|      ap_vld|   layer5_out_14|       pointer|
|layer5_out_14_ap_vld   |  out|    1|      ap_vld|   layer5_out_14|       pointer|
|layer5_out_15          |  out|   13|      ap_vld|   layer5_out_15|       pointer|
|layer5_out_15_ap_vld   |  out|    1|      ap_vld|   layer5_out_15|       pointer|
+-----------------------+-----+-----+------------+----------------+--------------+

