

================================================================
== Vitis HLS Report for 'merge_sort_ap_fixed_16_6_5_3_0_config5_Pipeline_VITIS_LOOP_161_511'
================================================================
* Date:           Tue Mar  4 14:24:09 2025

* Version:        2023.2 (Build 4023990 on Oct 11 2023)
* Project:        myproject_prj
* Solution:       solution1 (Vivado IP Flow Target)
* Product family: virtexuplus
* Target device:  xcvu13p-flga2577-2-e


================================================================
== Performance Estimates
================================================================
+ Timing: 
    * Summary: 
    +--------+---------+----------+------------+
    |  Clock |  Target | Estimated| Uncertainty|
    +--------+---------+----------+------------+
    |ap_clk  |  5.00 ns|  1.267 ns|     0.62 ns|
    +--------+---------+----------+------------+

+ Latency: 
    * Summary: 
    +---------+---------+----------+----------+-----+-----+---------+
    |  Latency (cycles) |  Latency (absolute) |  Interval | Pipeline|
    |   min   |   max   |    min   |    max   | min | max |   Type  |
    +---------+---------+----------+----------+-----+-----+---------+
    |        ?|        ?|         ?|         ?|    ?|    ?|       no|
    +---------+---------+----------+----------+-----+-----+---------+

    + Detail: 
        * Instance: 
        N/A

        * Loop: 
        +--------------------+---------+---------+----------+-----------+-----------+------+----------+
        |                    |  Latency (cycles) | Iteration|  Initiation Interval  | Trip |          |
        |      Loop Name     |   min   |   max   |  Latency |  achieved |   target  | Count| Pipelined|
        +--------------------+---------+---------+----------+-----------+-----------+------+----------+
        |- VITIS_LOOP_161_5  |        ?|        ?|         1|          1|          1|     ?|       yes|
        +--------------------+---------+---------+----------+-----------+-----------+------+----------+



================================================================
== Utilization Estimates
================================================================
* Summary: 
+---------------------+---------+-------+---------+---------+------+
|         Name        | BRAM_18K|  DSP  |    FF   |   LUT   | URAM |
+---------------------+---------+-------+---------+---------+------+
|DSP                  |        -|      -|        -|        -|     -|
|Expression           |        -|      -|        0|       67|     -|
|FIFO                 |        -|      -|        -|        -|     -|
|Instance             |        -|      -|        0|       20|     -|
|Memory               |        -|      -|        -|        -|     -|
|Multiplexer          |        -|      -|        -|      108|     -|
|Register             |        -|      -|      294|        -|     -|
+---------------------+---------+-------+---------+---------+------+
|Total                |        0|      0|      294|      195|     0|
+---------------------+---------+-------+---------+---------+------+
|Available SLR        |     1344|   3072|   864000|   432000|   320|
+---------------------+---------+-------+---------+---------+------+
|Utilization SLR (%)  |        0|      0|       ~0|       ~0|     0|
+---------------------+---------+-------+---------+---------+------+
|Available            |     5376|  12288|  3456000|  1728000|  1280|
+---------------------+---------+-------+---------+---------+------+
|Utilization (%)      |        0|      0|       ~0|       ~0|     0|
+---------------------+---------+-------+---------+---------+------+

+ Detail: 
    * Instance: 
    +----------------------------+----------------------+---------+----+---+----+-----+
    |          Instance          |        Module        | BRAM_18K| DSP| FF| LUT| URAM|
    +----------------------------+----------------------+---------+----+---+----+-----+
    |sparsemux_9_2_32_1_1_U1278  |sparsemux_9_2_32_1_1  |        0|   0|  0|  20|    0|
    +----------------------------+----------------------+---------+----+---+----+-----+
    |Total                       |                      |        0|   0|  0|  20|    0|
    +----------------------------+----------------------+---------+----+---+----+-----+

    * DSP: 
    N/A

    * Memory: 
    N/A

    * FIFO: 
    N/A

    * Expression: 
    +---------------------+----------+----+---+----+------------+------------+
    |    Variable Name    | Operation| DSP| FF| LUT| Bitwidth P0| Bitwidth P1|
    +---------------------+----------+----+---+----+------------+------------+
    |add_ln163_fu_350_p2  |         +|   0|  0|  10|           3|           1|
    |k_6_fu_376_p2        |         +|   0|  0|  39|          32|           1|
    |ap_condition_264     |       and|   0|  0|   2|           1|           1|
    |ap_condition_267     |       and|   0|  0|   2|           1|           1|
    |ap_condition_270     |       and|   0|  0|   2|           1|           1|
    |ap_condition_273     |       and|   0|  0|   2|           1|           1|
    |ap_condition_276     |       and|   0|  0|   2|           1|           1|
    |ap_condition_279     |       and|   0|  0|   2|           1|           1|
    |ap_condition_282     |       and|   0|  0|   2|           1|           1|
    |ap_condition_285     |       and|   0|  0|   2|           1|           1|
    |ap_enable_pp0        |       xor|   0|  0|   2|           1|           2|
    +---------------------+----------+----+---+----+------------+------------+
    |Total                |          |   0|  0|  67|          44|          12|
    +---------------------+----------+----+---+----+------------+------------+

    * Multiplexer: 
    +-------------------------+----+-----------+-----+-----------+
    |           Name          | LUT| Input Size| Bits| Total Bits|
    +-------------------------+----+-----------+-----+-----------+
    |ap_done_int              |   9|          2|    1|          2|
    |ap_enable_reg_pp0_iter1  |   9|          2|    1|          2|
    |j_fu_98                  |   9|          2|    3|          6|
    |k_fu_94                  |   9|          2|   32|         64|
    |temp_41_fu_106           |   9|          2|   32|         64|
    |temp_42_fu_110           |   9|          2|   32|         64|
    |temp_43_fu_114           |   9|          2|   32|         64|
    |temp_44_fu_118           |   9|          2|   32|         64|
    |temp_45_fu_122           |   9|          2|   32|         64|
    |temp_46_fu_126           |   9|          2|   32|         64|
    |temp_47_fu_130           |   9|          2|   32|         64|
    |temp_fu_102              |   9|          2|   32|         64|
    +-------------------------+----+-----------+-----+-----------+
    |Total                    | 108|         24|  293|        586|
    +-------------------------+----+-----------+-----+-----------+

    * Register: 
    +-------------------------+----+----+-----+-----------+
    |           Name          | FF | LUT| Bits| Const Bits|
    +-------------------------+----+----+-----+-----------+
    |ap_CS_fsm                |   1|   0|    1|          0|
    |ap_done_reg              |   1|   0|    1|          0|
    |ap_enable_reg_pp0_iter1  |   1|   0|    1|          0|
    |j_fu_98                  |   3|   0|    3|          0|
    |k_fu_94                  |  32|   0|   32|          0|
    |temp_41_fu_106           |  32|   0|   32|          0|
    |temp_42_fu_110           |  32|   0|   32|          0|
    |temp_43_fu_114           |  32|   0|   32|          0|
    |temp_44_fu_118           |  32|   0|   32|          0|
    |temp_45_fu_122           |  32|   0|   32|          0|
    |temp_46_fu_126           |  32|   0|   32|          0|
    |temp_47_fu_130           |  32|   0|   32|          0|
    |temp_fu_102              |  32|   0|   32|          0|
    +-------------------------+----+----+-----+-----------+
    |Total                    | 294|   0|  294|          0|
    +-------------------------+----+----+-----+-----------+



================================================================
== Interface
================================================================
* Summary: 
+---------------------+-----+-----+------------+---------------------------------------------------------------------------+--------------+
|      RTL Ports      | Dir | Bits|  Protocol  |                               Source Object                               |    C Type    |
+---------------------+-----+-----+------------+---------------------------------------------------------------------------+--------------+
|ap_clk               |   in|    1|  ap_ctrl_hs|  merge_sort<ap_fixed<16, 6, 5, 3, 0>, config5>_Pipeline_VITIS_LOOP_161_511|  return value|
|ap_rst               |   in|    1|  ap_ctrl_hs|  merge_sort<ap_fixed<16, 6, 5, 3, 0>, config5>_Pipeline_VITIS_LOOP_161_511|  return value|
|ap_start             |   in|    1|  ap_ctrl_hs|  merge_sort<ap_fixed<16, 6, 5, 3, 0>, config5>_Pipeline_VITIS_LOOP_161_511|  return value|
|ap_done              |  out|    1|  ap_ctrl_hs|  merge_sort<ap_fixed<16, 6, 5, 3, 0>, config5>_Pipeline_VITIS_LOOP_161_511|  return value|
|ap_idle              |  out|    1|  ap_ctrl_hs|  merge_sort<ap_fixed<16, 6, 5, 3, 0>, config5>_Pipeline_VITIS_LOOP_161_511|  return value|
|ap_ready             |  out|    1|  ap_ctrl_hs|  merge_sort<ap_fixed<16, 6, 5, 3, 0>, config5>_Pipeline_VITIS_LOOP_161_511|  return value|
|temp_298             |   in|   32|     ap_none|                                                                   temp_298|        scalar|
|temp_297             |   in|   32|     ap_none|                                                                   temp_297|        scalar|
|temp_296             |   in|   32|     ap_none|                                                                   temp_296|        scalar|
|temp_295             |   in|   32|     ap_none|                                                                   temp_295|        scalar|
|temp_294             |   in|   32|     ap_none|                                                                   temp_294|        scalar|
|temp_293             |   in|   32|     ap_none|                                                                   temp_293|        scalar|
|temp_292             |   in|   32|     ap_none|                                                                   temp_292|        scalar|
|temp_291             |   in|   32|     ap_none|                                                                   temp_291|        scalar|
|zext_ln161_2         |   in|    2|     ap_none|                                                               zext_ln161_2|        scalar|
|k_36                 |   in|   32|     ap_none|                                                                       k_36|        scalar|
|mux_case_0413299     |   in|   32|     ap_none|                                                           mux_case_0413299|        scalar|
|mux_case_1414303     |   in|   32|     ap_none|                                                           mux_case_1414303|        scalar|
|mux_case_2415307     |   in|   32|     ap_none|                                                           mux_case_2415307|        scalar|
|mux_case_3416311     |   in|   32|     ap_none|                                                           mux_case_3416311|        scalar|
|temp_306_out         |  out|   32|      ap_vld|                                                               temp_306_out|       pointer|
|temp_306_out_ap_vld  |  out|    1|      ap_vld|                                                               temp_306_out|       pointer|
|temp_305_out         |  out|   32|      ap_vld|                                                               temp_305_out|       pointer|
|temp_305_out_ap_vld  |  out|    1|      ap_vld|                                                               temp_305_out|       pointer|
|temp_304_out         |  out|   32|      ap_vld|                                                               temp_304_out|       pointer|
|temp_304_out_ap_vld  |  out|    1|      ap_vld|                                                               temp_304_out|       pointer|
|temp_303_out         |  out|   32|      ap_vld|                                                               temp_303_out|       pointer|
|temp_303_out_ap_vld  |  out|    1|      ap_vld|                                                               temp_303_out|       pointer|
|temp_302_out         |  out|   32|      ap_vld|                                                               temp_302_out|       pointer|
|temp_302_out_ap_vld  |  out|    1|      ap_vld|                                                               temp_302_out|       pointer|
|temp_301_out         |  out|   32|      ap_vld|                                                               temp_301_out|       pointer|
|temp_301_out_ap_vld  |  out|    1|      ap_vld|                                                               temp_301_out|       pointer|
|temp_300_out         |  out|   32|      ap_vld|                                                               temp_300_out|       pointer|
|temp_300_out_ap_vld  |  out|    1|      ap_vld|                                                               temp_300_out|       pointer|
|temp_299_out         |  out|   32|      ap_vld|                                                               temp_299_out|       pointer|
|temp_299_out_ap_vld  |  out|    1|      ap_vld|                                                               temp_299_out|       pointer|
+---------------------+-----+-----+------------+---------------------------------------------------------------------------+--------------+

