================================================================
== Design Size Report
================================================================

* Total Instructions per Compilation Phase
+---------------+-----------------------------+--------------+----------------------------------------------------------------------------------------+
| Phase         | Step                        | Instructions | Description                                                                            |
+---------------+-----------------------------+--------------+----------------------------------------------------------------------------------------+
| Compile/Link  |                             |   9,227      | After all functions are compiled and linked into a single design                       |
|               |                             |              |                                                                                        |
| Unroll/Inline |                             |              | After user unroll and inline pragmas are applied                                       |
|               | (1) unroll                  | 200,451 *    | user unroll pragmas are applied                                                        |
|               | (2) simplification          |  97,912      | simplification of applied user unroll pragmas                                          |
|               | (3) inline                  |  98,206      | user inline pragmas are applied                                                        |
|               | (4) simplification          |  91,557      | simplification of applied user inline pragmas                                          |
|               |                             |              |                                                                                        |
| Array/Struct  |                             |              | After user array partition and struct aggregate/disaggregate pragmas are applied       |
|               | (1) array partition         | 154,060 *    | user array partition pragmas are applied                                               |
|               | (2) simplification          |  91,248      | simplification of applied user array partition & struct aggregate/disaggregate pragmas |
|               | (3) aggregate/disaggregate  |  91,248      | user struct aggregate/disaggregate pragmas are applied                                 |
|               | (4) array reshape           |  91,248      | apply array reshape pragmas                                                            |
|               | (5) access patterns         |  91,248      | array access pattern optmizations                                                      |
|               |                             |              |                                                                                        |
| Performance   |                             |              | After transformations are applied to meet performance pragma targets                   |
|               | (1) loop simplification     |  90,096      | loop and instruction simplification                                                    |
|               | (2) parallelization         |  89,956      | loops are unrolled or pipelined to meet performance targets                            |
|               | (3) array partition         |  89,572      | arrays are partitioned to meet performance targets                                     |
|               | (4) simplification          |  89,572      | simplification of design after performance transformations                             |
|               |                             |              |                                                                                        |
| HW Transforms |                             |              | After hardware transfomations                                                          |
|               | (1) lowering                |  90,036      | initial conversion to HW specific instructions                                         |
|               | (2) optimizations           |  88,326      | high level synthesis optimizations                                                     |
+---------------+-----------------------------+--------------+----------------------------------------------------------------------------------------+
    * - Exceeded design size warning message threshold

* Instructions per Function for each Compilation Phase
+-----------------------------------------+-------------------------+----------------+-------------------+-------------------+-------------------+-------------------+
| Function                                | Location                | Compile/Link   | Unroll/Inline     | Array/Struct      | Performance       | HW Transforms     |
+-----------------------------------------+-------------------------+----------------+-------------------+-------------------+-------------------+-------------------+
| + myproject                             | myproject.cpp:7         | 9,227          | 91,557            | 91,248            | 89,572            | 88,326            |
|  + hept<ap_fixed<13, 4, AP_RND_...      | nnet_hept.h:238         | 9,215          |                   |                   |                   |                   |
|   + transpose_qk<ap_fixed<13, 4,...     | nnet_hept.h:59          |   92 (2 calls) |                   |                   |                   |                   |
|    + transpose<ap_fixed<13, 4, AP...    | nnet_transpose.h:29     |   84 (2 calls) |                   |                   |                   |                   |
|       transfer_idx<config5_transpo...   | nnet_transpose.h:18     |   50 (2 calls) |                   |                   |                   |                   |
|   + transpose_v<ap_fixed<13, 4, ...     | nnet_hept.h:67          |   46           |                   |                   |                   |                   |
|    + transpose<ap_fixed<13, 4, AP...    | nnet_transpose.h:29     |   42           |                   |                   |                   |                   |
|       transfer_idx<config5_transpo...   | nnet_transpose.h:18     |   25           |                   |                   |                   |                   |
|   + pairwise_dist_sq_rbf<ap_fixe...     | nnet_hept.h:90          | 3,963          |                   |                   |                   |                   |
|      init_exp_table<config5, 1024...    | nnet_hept.h:82          |  422           |                   |                   |                   |                   |
|   + mask_and_normalize<ap_fixed<...     | nnet_hept.h:150         | 3,242          |                   |                   |                   |                   |
|      init_invert_table<config5, 1...    | nnet_hept.h:140         |  676           |                   |                   |                   |                   |
|   + bmm<ap_fixed<13, 4, AP_RND_C...     | nnet_hept.h:207         | 1,776          |                   |                   |                   |                   |
|      fill_zero<ap_fixed<13, 4, AP...    | nnet_helpers.h:304      |  755           |                   |                   |                   |                   |
|    + dense<ap_fixed<13, 4, AP_RND...    | nnet_dense.h:41         |  954           |                   |                   |                   |                   |
|     + dense                             | nnet_dense.h:50         |  952           |                   |                   |                   |                   |
|      + dense_latency<ap_fixed<13, 4...  | nnet_dense_latency.h:13 |  950           |                   |                   |                   |                   |
|         product                         | nnet_mult.h:70          |  141           |                   |                   |                   |                   |
|         cast<ap_fixed<13, 4, AP_RND_... | nnet_mult.h:110         |    3           |                   |                   |                   |                   |
|   + transpose_output<ap_fixed<13...     | nnet_hept.h:75          |   46           |                   |                   |                   |                   |
|    + transpose<ap_fixed<13, 4, AP...    | nnet_transpose.h:29     |   42           |                   |                   |                   |                   |
|       transfer_idx<config5_transpo...   | nnet_transpose.h:18     |   25           |                   |                   |                   |                   |
|  + transpose<ap_fixed<13, 4, AP...      | nnet_transpose.h:29     |                | 5,120 (2 calls)   | 4,802 (2 calls)   | 4,482 (2 calls)   | 4,482 (2 calls)   |
|     transfer_idx<config5_transpo...     | nnet_transpose.h:18     |                | 3,200 (320 calls) | 3,200 (320 calls) | 3,200 (320 calls) | 3,200 (320 calls) |
|  + transpose<ap_fixed<13, 4, AP...      | nnet_transpose.h:29     |                | 1,024             |   961             |   897             |   897             |
|     transfer_idx<config5_transpo...     | nnet_transpose.h:18     |                |   640 (64 calls)  |   640 (64 calls)  |   640 (64 calls)  |   640 (64 calls)  |
|    pairwise_dist_sq_rbf<ap_fixe...      | nnet_hept.h:90          |                | 50,558            | 50,177            | 49,857            | 49,857            |
|    mask_and_normalize<ap_fixed<...      | nnet_hept.h:150         |                | 9,294             | 9,153             | 9,073             | 9,073             |
|  + bmm<ap_fixed<13, 4, AP_RND_C...      | nnet_hept.h:207         |                | 24,482            | 22,418            | 20,614            | 20,630            |
|     dense_latency<ap_fixed<13, 4...     | nnet_dense_latency.h:13 |                | 24,240 (16 calls) | 22,256 (16 calls) | 20,464 (16 calls) | 20,480 (16 calls) |
|  + transpose<ap_fixed<13, 4, AP...      | nnet_transpose.h:29     |                | 1,024             |   961             |   897             |   897             |
|     transfer_idx<config5_transpo...     | nnet_transpose.h:18     |                |   640 (64 calls)  |   640 (64 calls)  |   640 (64 calls)  |   640 (64 calls)  |
+-----------------------------------------+-------------------------+----------------+-------------------+-------------------+-------------------+-------------------+

* Design Size Message Settings
+---------------------------------------------+--------+------------------------------------------------------------------+
| Message Setting                             | Value  | Description                                                      |
+---------------------------------------------+--------+------------------------------------------------------------------+
| config_compile -design_size_maximum_warning | 100000 | Show a warning when total design instructions exceeds this value |
+---------------------------------------------+--------+------------------------------------------------------------------+


