

================================================================
== Vitis HLS Report for 'uniform_ap_fixed_16_6_5_3_0_ap_ufixed_16_0_5_3_0_config2_s'
================================================================
* Date:           Tue Feb 18 18:43:42 2025

* Version:        2023.2 (Build 4023990 on Oct 11 2023)
* Project:        myproject_prj
* Solution:       solution1 (Vivado IP Flow Target)
* Product family: virtexuplus
* Target device:  xcvu13p-flga2577-2-e


================================================================
== Performance Estimates
================================================================
+ Timing: 
    * Summary: 
    +--------+---------+----------+------------+
    |  Clock |  Target | Estimated| Uncertainty|
    +--------+---------+----------+------------+
    |ap_clk  |  5.00 ns|  0.785 ns|     0.62 ns|
    +--------+---------+----------+------------+

+ Latency: 
    * Summary: 
    +---------+---------+----------+----------+-----+-----+---------+
    |  Latency (cycles) |  Latency (absolute) |  Interval | Pipeline|
    |   min   |   max   |    min   |    max   | min | max |   Type  |
    +---------+---------+----------+----------+-----+-----+---------+
    |        0|        0|      0 ns|      0 ns|    1|    1|      yes|
    +---------+---------+----------+----------+-----+-----+---------+

    + Detail: 
        * Instance: 
        N/A

        * Loop: 
        N/A



================================================================
== Utilization Estimates
================================================================
* Summary: 
+---------------------+---------+-------+---------+---------+------+
|         Name        | BRAM_18K|  DSP  |    FF   |   LUT   | URAM |
+---------------------+---------+-------+---------+---------+------+
|DSP                  |        -|      -|        -|        -|     -|
|Expression           |        -|      -|        0|     4600|     -|
|FIFO                 |        -|      -|        -|        -|     -|
|Instance             |        -|      -|        -|        -|     -|
|Memory               |        -|      -|        -|        -|     -|
|Multiplexer          |        -|      -|        -|        -|     -|
|Register             |        -|      -|        -|        -|     -|
+---------------------+---------+-------+---------+---------+------+
|Total                |        0|      0|        0|     4600|     0|
+---------------------+---------+-------+---------+---------+------+
|Available SLR        |     1344|   3072|   864000|   432000|   320|
+---------------------+---------+-------+---------+---------+------+
|Utilization SLR (%)  |        0|      0|        0|        1|     0|
+---------------------+---------+-------+---------+---------+------+
|Available            |     5376|  12288|  3456000|  1728000|  1280|
+---------------------+---------+-------+---------+---------+------+
|Utilization (%)      |        0|      0|        0|       ~0|     0|
+---------------------+---------+-------+---------+---------+------+

+ Detail: 
    * Instance: 
    N/A

    * DSP: 
    N/A

    * Memory: 
    N/A

    * FIFO: 
    N/A

    * Expression: 
    +-------------------------+----------+----+---+----+------------+------------+
    |      Variable Name      | Operation| DSP| FF| LUT| Bitwidth P0| Bitwidth P1|
    +-------------------------+----------+----+---+----+------------+------------+
    |add_ln91_100_fu_2996_p2  |         +|   0|  0|  23|          16|          15|
    |add_ln91_101_fu_3020_p2  |         +|   0|  0|  23|          16|          16|
    |add_ln91_102_fu_3044_p2  |         +|   0|  0|  23|          16|          15|
    |add_ln91_103_fu_3068_p2  |         +|   0|  0|  23|          16|          16|
    |add_ln91_104_fu_3092_p2  |         +|   0|  0|  23|          16|          13|
    |add_ln91_105_fu_3110_p2  |         +|   0|  0|  23|          16|          12|
    |add_ln91_106_fu_3134_p2  |         +|   0|  0|  23|          16|          11|
    |add_ln91_107_fu_3158_p2  |         +|   0|  0|  23|          16|          10|
    |add_ln91_108_fu_3182_p2  |         +|   0|  0|  23|          16|           9|
    |add_ln91_109_fu_3206_p2  |         +|   0|  0|  23|          16|          16|
    |add_ln91_10_fu_914_p2    |         +|   0|  0|  23|          16|          15|
    |add_ln91_110_fu_3230_p2  |         +|   0|  0|  23|          16|          11|
    |add_ln91_111_fu_3254_p2  |         +|   0|  0|  23|          16|          10|
    |add_ln91_112_fu_3272_p2  |         +|   0|  0|  23|          16|          15|
    |add_ln91_113_fu_3296_p2  |         +|   0|  0|  23|          16|          14|
    |add_ln91_114_fu_3320_p2  |         +|   0|  0|  23|          16|          13|
    |add_ln91_115_fu_3344_p2  |         +|   0|  0|  23|          16|          16|
    |add_ln91_116_fu_3368_p2  |         +|   0|  0|  23|          16|          13|
    |add_ln91_117_fu_3392_p2  |         +|   0|  0|  23|          16|          12|
    |add_ln91_118_fu_3416_p2  |         +|   0|  0|  23|          16|          11|
    |add_ln91_119_fu_3434_p2  |         +|   0|  0|  23|          16|          16|
    |add_ln91_11_fu_938_p2    |         +|   0|  0|  23|          16|          14|
    |add_ln91_120_fu_3458_p2  |         +|   0|  0|  23|          16|          15|
    |add_ln91_121_fu_3482_p2  |         +|   0|  0|  23|          16|          14|
    |add_ln91_122_fu_3506_p2  |         +|   0|  0|  23|          16|          16|
    |add_ln91_123_fu_3530_p2  |         +|   0|  0|  23|          16|          15|
    |add_ln91_124_fu_3554_p2  |         +|   0|  0|  23|          16|          14|
    |add_ln91_125_fu_3578_p2  |         +|   0|  0|  23|          16|          13|
    |add_ln91_126_fu_3596_p2  |         +|   0|  0|  23|          16|          15|
    |add_ln91_127_fu_3620_p2  |         +|   0|  0|  23|          16|          16|
    |add_ln91_128_fu_3644_p2  |         +|   0|  0|  23|          16|          14|
    |add_ln91_129_fu_3668_p2  |         +|   0|  0|  23|          16|          15|
    |add_ln91_12_fu_962_p2    |         +|   0|  0|  23|          16|          16|
    |add_ln91_130_fu_3692_p2  |         +|   0|  0|  23|          16|          16|
    |add_ln91_131_fu_3716_p2  |         +|   0|  0|  23|          16|          15|
    |add_ln91_132_fu_3740_p2  |         +|   0|  0|  23|          16|          14|
    |add_ln91_133_fu_3758_p2  |         +|   0|  0|  23|          16|          13|
    |add_ln91_134_fu_3782_p2  |         +|   0|  0|  23|          16|          14|
    |add_ln91_135_fu_3806_p2  |         +|   0|  0|  23|          16|          16|
    |add_ln91_136_fu_3830_p2  |         +|   0|  0|  23|          16|          15|
    |add_ln91_137_fu_3854_p2  |         +|   0|  0|  23|          16|          14|
    |add_ln91_138_fu_3878_p2  |         +|   0|  0|  23|          16|          13|
    |add_ln91_139_fu_3902_p2  |         +|   0|  0|  23|          16|          12|
    |add_ln91_13_fu_986_p2    |         +|   0|  0|  23|          16|          15|
    |add_ln91_140_fu_3920_p2  |         +|   0|  0|  23|          16|          16|
    |add_ln91_141_fu_3944_p2  |         +|   0|  0|  23|          16|          15|
    |add_ln91_142_fu_3968_p2  |         +|   0|  0|  23|          16|          16|
    |add_ln91_143_fu_3992_p2  |         +|   0|  0|  23|          16|          15|
    |add_ln91_144_fu_4016_p2  |         +|   0|  0|  23|          16|          14|
    |add_ln91_145_fu_4040_p2  |         +|   0|  0|  23|          16|          13|
    |add_ln91_146_fu_4064_p2  |         +|   0|  0|  23|          16|          14|
    |add_ln91_147_fu_4082_p2  |         +|   0|  0|  23|          16|          16|
    |add_ln91_148_fu_4106_p2  |         +|   0|  0|  23|          16|          15|
    |add_ln91_149_fu_4130_p2  |         +|   0|  0|  23|          16|          15|
    |add_ln91_14_fu_1004_p2   |         +|   0|  0|  23|          16|          13|
    |add_ln91_150_fu_4154_p2  |         +|   0|  0|  23|          16|          16|
    |add_ln91_151_fu_4178_p2  |         +|   0|  0|  23|          16|          15|
    |add_ln91_152_fu_4202_p2  |         +|   0|  0|  23|          16|          15|
    |add_ln91_153_fu_4226_p2  |         +|   0|  0|  23|          16|          16|
    |add_ln91_154_fu_4244_p2  |         +|   0|  0|  23|          16|          15|
    |add_ln91_155_fu_4268_p2  |         +|   0|  0|  23|          16|          15|
    |add_ln91_156_fu_4292_p2  |         +|   0|  0|  23|          16|          16|
    |add_ln91_157_fu_4316_p2  |         +|   0|  0|  23|          16|          15|
    |add_ln91_158_fu_4340_p2  |         +|   0|  0|  23|          16|          11|
    |add_ln91_159_fu_4364_p2  |         +|   0|  0|  23|          16|          10|
    |add_ln91_15_fu_1028_p2   |         +|   0|  0|  23|          16|          16|
    |add_ln91_160_fu_4388_p2  |         +|   0|  0|  23|          16|          16|
    |add_ln91_161_fu_4406_p2  |         +|   0|  0|  23|          16|          15|
    |add_ln91_162_fu_4430_p2  |         +|   0|  0|  23|          16|          15|
    |add_ln91_163_fu_4454_p2  |         +|   0|  0|  23|          16|          16|
    |add_ln91_164_fu_4478_p2  |         +|   0|  0|  23|          16|          15|
    |add_ln91_165_fu_4502_p2  |         +|   0|  0|  23|          16|          14|
    |add_ln91_166_fu_4526_p2  |         +|   0|  0|  23|          16|          16|
    |add_ln91_167_fu_4550_p2  |         +|   0|  0|  23|          16|          15|
    |add_ln91_168_fu_4568_p2  |         +|   0|  0|  23|          16|          15|
    |add_ln91_169_fu_4592_p2  |         +|   0|  0|  23|          16|          16|
    |add_ln91_16_fu_1052_p2   |         +|   0|  0|  23|          16|          15|
    |add_ln91_170_fu_4616_p2  |         +|   0|  0|  23|          16|          16|
    |add_ln91_171_fu_4640_p2  |         +|   0|  0|  23|          16|          15|
    |add_ln91_172_fu_4664_p2  |         +|   0|  0|  23|          16|          16|
    |add_ln91_173_fu_4688_p2  |         +|   0|  0|  23|          16|          15|
    |add_ln91_174_fu_4712_p2  |         +|   0|  0|  23|          16|          15|
    |add_ln91_175_fu_4730_p2  |         +|   0|  0|  23|          16|          14|
    |add_ln91_176_fu_4754_p2  |         +|   0|  0|  23|          16|          16|
    |add_ln91_177_fu_4778_p2  |         +|   0|  0|  23|          16|          15|
    |add_ln91_178_fu_4802_p2  |         +|   0|  0|  23|          16|          14|
    |add_ln91_179_fu_4826_p2  |         +|   0|  0|  23|          16|          13|
    |add_ln91_17_fu_1076_p2   |         +|   0|  0|  23|          16|          15|
    |add_ln91_180_fu_4850_p2  |         +|   0|  0|  23|          16|          16|
    |add_ln91_181_fu_4874_p2  |         +|   0|  0|  23|          16|          15|
    |add_ln91_182_fu_4892_p2  |         +|   0|  0|  23|          16|          13|
    |add_ln91_183_fu_4916_p2  |         +|   0|  0|  23|          16|          15|
    |add_ln91_184_fu_4940_p2  |         +|   0|  0|  23|          16|          14|
    |add_ln91_185_fu_4964_p2  |         +|   0|  0|  23|          16|          13|
    |add_ln91_186_fu_4988_p2  |         +|   0|  0|  23|          16|          12|
    |add_ln91_187_fu_5012_p2  |         +|   0|  0|  23|          16|          11|
    |add_ln91_188_fu_5036_p2  |         +|   0|  0|  23|          16|          15|
    |add_ln91_189_fu_5054_p2  |         +|   0|  0|  23|          16|          14|
    |add_ln91_18_fu_1100_p2   |         +|   0|  0|  23|          16|          16|
    |add_ln91_190_fu_5078_p2  |         +|   0|  0|  23|          16|          13|
    |add_ln91_191_fu_5102_p2  |         +|   0|  0|  23|          16|          12|
    |add_ln91_192_fu_5126_p2  |         +|   0|  0|  23|          16|          16|
    |add_ln91_193_fu_5150_p2  |         +|   0|  0|  23|          16|          15|
    |add_ln91_194_fu_5174_p2  |         +|   0|  0|  23|          16|          16|
    |add_ln91_195_fu_5198_p2  |         +|   0|  0|  23|          16|          15|
    |add_ln91_196_fu_5216_p2  |         +|   0|  0|  23|          16|          14|
    |add_ln91_197_fu_5240_p2  |         +|   0|  0|  23|          16|          13|
    |add_ln91_198_fu_5264_p2  |         +|   0|  0|  23|          16|          16|
    |add_ln91_199_fu_5288_p2  |         +|   0|  0|  23|          16|          15|
    |add_ln91_19_fu_1124_p2   |         +|   0|  0|  23|          16|          15|
    |add_ln91_1_fu_704_p2     |         +|   0|  0|  23|          16|          16|
    |add_ln91_20_fu_1148_p2   |         +|   0|  0|  23|          16|          15|
    |add_ln91_21_fu_1166_p2   |         +|   0|  0|  23|          16|          13|
    |add_ln91_22_fu_1190_p2   |         +|   0|  0|  23|          16|          12|
    |add_ln91_23_fu_1214_p2   |         +|   0|  0|  23|          16|          11|
    |add_ln91_24_fu_1238_p2   |         +|   0|  0|  23|          16|          15|
    |add_ln91_25_fu_1262_p2   |         +|   0|  0|  23|          16|          16|
    |add_ln91_26_fu_1286_p2   |         +|   0|  0|  23|          16|          15|
    |add_ln91_27_fu_1310_p2   |         +|   0|  0|  23|          16|          14|
    |add_ln91_28_fu_1328_p2   |         +|   0|  0|  23|          16|          13|
    |add_ln91_29_fu_1352_p2   |         +|   0|  0|  23|          16|          12|
    |add_ln91_2_fu_728_p2     |         +|   0|  0|  23|          16|          15|
    |add_ln91_30_fu_1376_p2   |         +|   0|  0|  23|          16|          11|
    |add_ln91_31_fu_1400_p2   |         +|   0|  0|  23|          16|          10|
    |add_ln91_32_fu_1424_p2   |         +|   0|  0|  23|          16|          15|
    |add_ln91_33_fu_1448_p2   |         +|   0|  0|  23|          16|          14|
    |add_ln91_34_fu_1472_p2   |         +|   0|  0|  23|          16|          16|
    |add_ln91_35_fu_1490_p2   |         +|   0|  0|  23|          16|          16|
    |add_ln91_36_fu_1514_p2   |         +|   0|  0|  23|          16|          15|
    |add_ln91_37_fu_1538_p2   |         +|   0|  0|  23|          16|          16|
    |add_ln91_38_fu_1562_p2   |         +|   0|  0|  23|          16|          15|
    |add_ln91_39_fu_1586_p2   |         +|   0|  0|  23|          16|          14|
    |add_ln91_3_fu_752_p2     |         +|   0|  0|  23|          16|          16|
    |add_ln91_40_fu_1610_p2   |         +|   0|  0|  23|          16|          16|
    |add_ln91_41_fu_1634_p2   |         +|   0|  0|  23|          16|          15|
    |add_ln91_42_fu_1652_p2   |         +|   0|  0|  23|          16|          15|
    |add_ln91_43_fu_1676_p2   |         +|   0|  0|  23|          16|          14|
    |add_ln91_44_fu_1700_p2   |         +|   0|  0|  23|          16|          13|
    |add_ln91_45_fu_1724_p2   |         +|   0|  0|  23|          16|          15|
    |add_ln91_46_fu_1748_p2   |         +|   0|  0|  23|          16|          14|
    |add_ln91_47_fu_1772_p2   |         +|   0|  0|  23|          16|          16|
    |add_ln91_48_fu_1796_p2   |         +|   0|  0|  23|          16|          15|
    |add_ln91_49_fu_1814_p2   |         +|   0|  0|  23|          16|          15|
    |add_ln91_4_fu_776_p2     |         +|   0|  0|  23|          16|          15|
    |add_ln91_50_fu_1838_p2   |         +|   0|  0|  23|          16|          16|
    |add_ln91_51_fu_1862_p2   |         +|   0|  0|  23|          16|          15|
    |add_ln91_52_fu_1886_p2   |         +|   0|  0|  23|          16|          14|
    |add_ln91_53_fu_1910_p2   |         +|   0|  0|  23|          16|          13|
    |add_ln91_54_fu_1934_p2   |         +|   0|  0|  23|          16|          15|
    |add_ln91_55_fu_1958_p2   |         +|   0|  0|  23|          16|          16|
    |add_ln91_56_fu_1976_p2   |         +|   0|  0|  23|          16|          14|
    |add_ln91_57_fu_2000_p2   |         +|   0|  0|  23|          16|          13|
    |add_ln91_58_fu_2024_p2   |         +|   0|  0|  23|          16|          12|
    |add_ln91_59_fu_2048_p2   |         +|   0|  0|  23|          16|          11|
    |add_ln91_5_fu_800_p2     |         +|   0|  0|  23|          16|          15|
    |add_ln91_60_fu_2072_p2   |         +|   0|  0|  23|          16|          15|
    |add_ln91_61_fu_2096_p2   |         +|   0|  0|  23|          16|          16|
    |add_ln91_62_fu_2120_p2   |         +|   0|  0|  23|          16|          14|
    |add_ln91_63_fu_2138_p2   |         +|   0|  0|  23|          16|          16|
    |add_ln91_64_fu_2162_p2   |         +|   0|  0|  23|          16|          15|
    |add_ln91_65_fu_2186_p2   |         +|   0|  0|  23|          16|          15|
    |add_ln91_66_fu_2210_p2   |         +|   0|  0|  23|          16|          16|
    |add_ln91_67_fu_2234_p2   |         +|   0|  0|  23|          16|          15|
    |add_ln91_68_fu_2258_p2   |         +|   0|  0|  23|          16|          16|
    |add_ln91_69_fu_2282_p2   |         +|   0|  0|  23|          16|          15|
    |add_ln91_6_fu_824_p2     |         +|   0|  0|  23|          16|          16|
    |add_ln91_70_fu_2300_p2   |         +|   0|  0|  23|          16|          14|
    |add_ln91_71_fu_2324_p2   |         +|   0|  0|  23|          16|          16|
    |add_ln91_72_fu_2348_p2   |         +|   0|  0|  23|          16|          15|
    |add_ln91_73_fu_2372_p2   |         +|   0|  0|  23|          16|          15|
    |add_ln91_74_fu_2396_p2   |         +|   0|  0|  23|          16|          15|
    |add_ln91_75_fu_2420_p2   |         +|   0|  0|  23|          16|          14|
    |add_ln91_76_fu_2444_p2   |         +|   0|  0|  23|          16|          13|
    |add_ln91_77_fu_2462_p2   |         +|   0|  0|  23|          16|          12|
    |add_ln91_78_fu_2486_p2   |         +|   0|  0|  23|          16|          11|
    |add_ln91_79_fu_2510_p2   |         +|   0|  0|  23|          16|          10|
    |add_ln91_7_fu_842_p2     |         +|   0|  0|  23|          16|          15|
    |add_ln91_80_fu_2534_p2   |         +|   0|  0|  23|          16|          16|
    |add_ln91_81_fu_2558_p2   |         +|   0|  0|  23|          16|          15|
    |add_ln91_82_fu_2582_p2   |         +|   0|  0|  23|          16|          14|
    |add_ln91_83_fu_2606_p2   |         +|   0|  0|  23|          16|          13|
    |add_ln91_84_fu_2624_p2   |         +|   0|  0|  23|          16|          12|
    |add_ln91_85_fu_2648_p2   |         +|   0|  0|  23|          16|          15|
    |add_ln91_86_fu_2672_p2   |         +|   0|  0|  23|          16|          16|
    |add_ln91_87_fu_2696_p2   |         +|   0|  0|  23|          16|          15|
    |add_ln91_88_fu_2720_p2   |         +|   0|  0|  23|          16|          15|
    |add_ln91_89_fu_2744_p2   |         +|   0|  0|  23|          16|          14|
    |add_ln91_8_fu_866_p2     |         +|   0|  0|  23|          16|          14|
    |add_ln91_90_fu_2768_p2   |         +|   0|  0|  23|          16|          16|
    |add_ln91_91_fu_2786_p2   |         +|   0|  0|  23|          16|          15|
    |add_ln91_92_fu_2810_p2   |         +|   0|  0|  23|          16|          16|
    |add_ln91_93_fu_2834_p2   |         +|   0|  0|  23|          16|          15|
    |add_ln91_94_fu_2858_p2   |         +|   0|  0|  23|          16|          14|
    |add_ln91_95_fu_2882_p2   |         +|   0|  0|  23|          16|          13|
    |add_ln91_96_fu_2906_p2   |         +|   0|  0|  23|          16|          12|
    |add_ln91_97_fu_2930_p2   |         +|   0|  0|  23|          16|          16|
    |add_ln91_98_fu_2948_p2   |         +|   0|  0|  23|          16|          12|
    |add_ln91_99_fu_2972_p2   |         +|   0|  0|  23|          16|          11|
    |add_ln91_9_fu_890_p2     |         +|   0|  0|  23|          16|          16|
    |add_ln91_fu_680_p2       |         +|   0|  0|  23|          16|          14|
    +-------------------------+----------+----+---+----+------------+------------+
    |Total                    |          |   0|  0|4600|        3200|        2871|
    +-------------------------+----------+----+---+----+------------+------------+

    * Multiplexer: 
    N/A

    * Register: 
    N/A



================================================================
== Interface
================================================================
* Summary: 
+---------------+-----+-----+------------+-----------------------------------------------------------------------+--------------+
|   RTL Ports   | Dir | Bits|  Protocol  |                             Source Object                             |    C Type    |
+---------------+-----+-----+------------+-----------------------------------------------------------------------+--------------+
|ap_ready       |  out|    1|  ap_ctrl_hs|  uniform<ap_fixed<16, 6, 5, 3, 0>, ap_ufixed<16, 0, 5, 3, 0>, config2>|  return value|
|ap_return_0    |  out|   16|  ap_ctrl_hs|  uniform<ap_fixed<16, 6, 5, 3, 0>, ap_ufixed<16, 0, 5, 3, 0>, config2>|  return value|
|ap_return_1    |  out|   16|  ap_ctrl_hs|  uniform<ap_fixed<16, 6, 5, 3, 0>, ap_ufixed<16, 0, 5, 3, 0>, config2>|  return value|
|ap_return_2    |  out|   16|  ap_ctrl_hs|  uniform<ap_fixed<16, 6, 5, 3, 0>, ap_ufixed<16, 0, 5, 3, 0>, config2>|  return value|
|ap_return_3    |  out|   16|  ap_ctrl_hs|  uniform<ap_fixed<16, 6, 5, 3, 0>, ap_ufixed<16, 0, 5, 3, 0>, config2>|  return value|
|ap_return_4    |  out|   16|  ap_ctrl_hs|  uniform<ap_fixed<16, 6, 5, 3, 0>, ap_ufixed<16, 0, 5, 3, 0>, config2>|  return value|
|ap_return_5    |  out|   16|  ap_ctrl_hs|  uniform<ap_fixed<16, 6, 5, 3, 0>, ap_ufixed<16, 0, 5, 3, 0>, config2>|  return value|
|ap_return_6    |  out|   16|  ap_ctrl_hs|  uniform<ap_fixed<16, 6, 5, 3, 0>, ap_ufixed<16, 0, 5, 3, 0>, config2>|  return value|
|ap_return_7    |  out|   16|  ap_ctrl_hs|  uniform<ap_fixed<16, 6, 5, 3, 0>, ap_ufixed<16, 0, 5, 3, 0>, config2>|  return value|
|ap_return_8    |  out|   16|  ap_ctrl_hs|  uniform<ap_fixed<16, 6, 5, 3, 0>, ap_ufixed<16, 0, 5, 3, 0>, config2>|  return value|
|ap_return_9    |  out|   16|  ap_ctrl_hs|  uniform<ap_fixed<16, 6, 5, 3, 0>, ap_ufixed<16, 0, 5, 3, 0>, config2>|  return value|
|ap_return_10   |  out|   16|  ap_ctrl_hs|  uniform<ap_fixed<16, 6, 5, 3, 0>, ap_ufixed<16, 0, 5, 3, 0>, config2>|  return value|
|ap_return_11   |  out|   16|  ap_ctrl_hs|  uniform<ap_fixed<16, 6, 5, 3, 0>, ap_ufixed<16, 0, 5, 3, 0>, config2>|  return value|
|ap_return_12   |  out|   16|  ap_ctrl_hs|  uniform<ap_fixed<16, 6, 5, 3, 0>, ap_ufixed<16, 0, 5, 3, 0>, config2>|  return value|
|ap_return_13   |  out|   16|  ap_ctrl_hs|  uniform<ap_fixed<16, 6, 5, 3, 0>, ap_ufixed<16, 0, 5, 3, 0>, config2>|  return value|
|ap_return_14   |  out|   16|  ap_ctrl_hs|  uniform<ap_fixed<16, 6, 5, 3, 0>, ap_ufixed<16, 0, 5, 3, 0>, config2>|  return value|
|ap_return_15   |  out|   16|  ap_ctrl_hs|  uniform<ap_fixed<16, 6, 5, 3, 0>, ap_ufixed<16, 0, 5, 3, 0>, config2>|  return value|
|ap_return_16   |  out|   16|  ap_ctrl_hs|  uniform<ap_fixed<16, 6, 5, 3, 0>, ap_ufixed<16, 0, 5, 3, 0>, config2>|  return value|
|ap_return_17   |  out|   16|  ap_ctrl_hs|  uniform<ap_fixed<16, 6, 5, 3, 0>, ap_ufixed<16, 0, 5, 3, 0>, config2>|  return value|
|ap_return_18   |  out|   16|  ap_ctrl_hs|  uniform<ap_fixed<16, 6, 5, 3, 0>, ap_ufixed<16, 0, 5, 3, 0>, config2>|  return value|
|ap_return_19   |  out|   16|  ap_ctrl_hs|  uniform<ap_fixed<16, 6, 5, 3, 0>, ap_ufixed<16, 0, 5, 3, 0>, config2>|  return value|
|ap_return_20   |  out|   16|  ap_ctrl_hs|  uniform<ap_fixed<16, 6, 5, 3, 0>, ap_ufixed<16, 0, 5, 3, 0>, config2>|  return value|
|ap_return_21   |  out|   16|  ap_ctrl_hs|  uniform<ap_fixed<16, 6, 5, 3, 0>, ap_ufixed<16, 0, 5, 3, 0>, config2>|  return value|
|ap_return_22   |  out|   16|  ap_ctrl_hs|  uniform<ap_fixed<16, 6, 5, 3, 0>, ap_ufixed<16, 0, 5, 3, 0>, config2>|  return value|
|ap_return_23   |  out|   16|  ap_ctrl_hs|  uniform<ap_fixed<16, 6, 5, 3, 0>, ap_ufixed<16, 0, 5, 3, 0>, config2>|  return value|
|ap_return_24   |  out|   16|  ap_ctrl_hs|  uniform<ap_fixed<16, 6, 5, 3, 0>, ap_ufixed<16, 0, 5, 3, 0>, config2>|  return value|
|ap_return_25   |  out|   16|  ap_ctrl_hs|  uniform<ap_fixed<16, 6, 5, 3, 0>, ap_ufixed<16, 0, 5, 3, 0>, config2>|  return value|
|ap_return_26   |  out|   16|  ap_ctrl_hs|  uniform<ap_fixed<16, 6, 5, 3, 0>, ap_ufixed<16, 0, 5, 3, 0>, config2>|  return value|
|ap_return_27   |  out|   16|  ap_ctrl_hs|  uniform<ap_fixed<16, 6, 5, 3, 0>, ap_ufixed<16, 0, 5, 3, 0>, config2>|  return value|
|ap_return_28   |  out|   16|  ap_ctrl_hs|  uniform<ap_fixed<16, 6, 5, 3, 0>, ap_ufixed<16, 0, 5, 3, 0>, config2>|  return value|
|ap_return_29   |  out|   16|  ap_ctrl_hs|  uniform<ap_fixed<16, 6, 5, 3, 0>, ap_ufixed<16, 0, 5, 3, 0>, config2>|  return value|
|ap_return_30   |  out|   16|  ap_ctrl_hs|  uniform<ap_fixed<16, 6, 5, 3, 0>, ap_ufixed<16, 0, 5, 3, 0>, config2>|  return value|
|ap_return_31   |  out|   16|  ap_ctrl_hs|  uniform<ap_fixed<16, 6, 5, 3, 0>, ap_ufixed<16, 0, 5, 3, 0>, config2>|  return value|
|ap_return_32   |  out|   16|  ap_ctrl_hs|  uniform<ap_fixed<16, 6, 5, 3, 0>, ap_ufixed<16, 0, 5, 3, 0>, config2>|  return value|
|ap_return_33   |  out|   16|  ap_ctrl_hs|  uniform<ap_fixed<16, 6, 5, 3, 0>, ap_ufixed<16, 0, 5, 3, 0>, config2>|  return value|
|ap_return_34   |  out|   16|  ap_ctrl_hs|  uniform<ap_fixed<16, 6, 5, 3, 0>, ap_ufixed<16, 0, 5, 3, 0>, config2>|  return value|
|ap_return_35   |  out|   16|  ap_ctrl_hs|  uniform<ap_fixed<16, 6, 5, 3, 0>, ap_ufixed<16, 0, 5, 3, 0>, config2>|  return value|
|ap_return_36   |  out|   16|  ap_ctrl_hs|  uniform<ap_fixed<16, 6, 5, 3, 0>, ap_ufixed<16, 0, 5, 3, 0>, config2>|  return value|
|ap_return_37   |  out|   16|  ap_ctrl_hs|  uniform<ap_fixed<16, 6, 5, 3, 0>, ap_ufixed<16, 0, 5, 3, 0>, config2>|  return value|
|ap_return_38   |  out|   16|  ap_ctrl_hs|  uniform<ap_fixed<16, 6, 5, 3, 0>, ap_ufixed<16, 0, 5, 3, 0>, config2>|  return value|
|ap_return_39   |  out|   16|  ap_ctrl_hs|  uniform<ap_fixed<16, 6, 5, 3, 0>, ap_ufixed<16, 0, 5, 3, 0>, config2>|  return value|
|ap_return_40   |  out|   16|  ap_ctrl_hs|  uniform<ap_fixed<16, 6, 5, 3, 0>, ap_ufixed<16, 0, 5, 3, 0>, config2>|  return value|
|ap_return_41   |  out|   16|  ap_ctrl_hs|  uniform<ap_fixed<16, 6, 5, 3, 0>, ap_ufixed<16, 0, 5, 3, 0>, config2>|  return value|
|ap_return_42   |  out|   16|  ap_ctrl_hs|  uniform<ap_fixed<16, 6, 5, 3, 0>, ap_ufixed<16, 0, 5, 3, 0>, config2>|  return value|
|ap_return_43   |  out|   16|  ap_ctrl_hs|  uniform<ap_fixed<16, 6, 5, 3, 0>, ap_ufixed<16, 0, 5, 3, 0>, config2>|  return value|
|ap_return_44   |  out|   16|  ap_ctrl_hs|  uniform<ap_fixed<16, 6, 5, 3, 0>, ap_ufixed<16, 0, 5, 3, 0>, config2>|  return value|
|ap_return_45   |  out|   16|  ap_ctrl_hs|  uniform<ap_fixed<16, 6, 5, 3, 0>, ap_ufixed<16, 0, 5, 3, 0>, config2>|  return value|
|ap_return_46   |  out|   16|  ap_ctrl_hs|  uniform<ap_fixed<16, 6, 5, 3, 0>, ap_ufixed<16, 0, 5, 3, 0>, config2>|  return value|
|ap_return_47   |  out|   16|  ap_ctrl_hs|  uniform<ap_fixed<16, 6, 5, 3, 0>, ap_ufixed<16, 0, 5, 3, 0>, config2>|  return value|
|ap_return_48   |  out|   16|  ap_ctrl_hs|  uniform<ap_fixed<16, 6, 5, 3, 0>, ap_ufixed<16, 0, 5, 3, 0>, config2>|  return value|
|ap_return_49   |  out|   16|  ap_ctrl_hs|  uniform<ap_fixed<16, 6, 5, 3, 0>, ap_ufixed<16, 0, 5, 3, 0>, config2>|  return value|
|ap_return_50   |  out|   16|  ap_ctrl_hs|  uniform<ap_fixed<16, 6, 5, 3, 0>, ap_ufixed<16, 0, 5, 3, 0>, config2>|  return value|
|ap_return_51   |  out|   16|  ap_ctrl_hs|  uniform<ap_fixed<16, 6, 5, 3, 0>, ap_ufixed<16, 0, 5, 3, 0>, config2>|  return value|
|ap_return_52   |  out|   16|  ap_ctrl_hs|  uniform<ap_fixed<16, 6, 5, 3, 0>, ap_ufixed<16, 0, 5, 3, 0>, config2>|  return value|
|ap_return_53   |  out|   16|  ap_ctrl_hs|  uniform<ap_fixed<16, 6, 5, 3, 0>, ap_ufixed<16, 0, 5, 3, 0>, config2>|  return value|
|ap_return_54   |  out|   16|  ap_ctrl_hs|  uniform<ap_fixed<16, 6, 5, 3, 0>, ap_ufixed<16, 0, 5, 3, 0>, config2>|  return value|
|ap_return_55   |  out|   16|  ap_ctrl_hs|  uniform<ap_fixed<16, 6, 5, 3, 0>, ap_ufixed<16, 0, 5, 3, 0>, config2>|  return value|
|ap_return_56   |  out|   16|  ap_ctrl_hs|  uniform<ap_fixed<16, 6, 5, 3, 0>, ap_ufixed<16, 0, 5, 3, 0>, config2>|  return value|
|ap_return_57   |  out|   16|  ap_ctrl_hs|  uniform<ap_fixed<16, 6, 5, 3, 0>, ap_ufixed<16, 0, 5, 3, 0>, config2>|  return value|
|ap_return_58   |  out|   16|  ap_ctrl_hs|  uniform<ap_fixed<16, 6, 5, 3, 0>, ap_ufixed<16, 0, 5, 3, 0>, config2>|  return value|
|ap_return_59   |  out|   16|  ap_ctrl_hs|  uniform<ap_fixed<16, 6, 5, 3, 0>, ap_ufixed<16, 0, 5, 3, 0>, config2>|  return value|
|ap_return_60   |  out|   16|  ap_ctrl_hs|  uniform<ap_fixed<16, 6, 5, 3, 0>, ap_ufixed<16, 0, 5, 3, 0>, config2>|  return value|
|ap_return_61   |  out|   16|  ap_ctrl_hs|  uniform<ap_fixed<16, 6, 5, 3, 0>, ap_ufixed<16, 0, 5, 3, 0>, config2>|  return value|
|ap_return_62   |  out|   16|  ap_ctrl_hs|  uniform<ap_fixed<16, 6, 5, 3, 0>, ap_ufixed<16, 0, 5, 3, 0>, config2>|  return value|
|ap_return_63   |  out|   16|  ap_ctrl_hs|  uniform<ap_fixed<16, 6, 5, 3, 0>, ap_ufixed<16, 0, 5, 3, 0>, config2>|  return value|
|ap_return_64   |  out|   16|  ap_ctrl_hs|  uniform<ap_fixed<16, 6, 5, 3, 0>, ap_ufixed<16, 0, 5, 3, 0>, config2>|  return value|
|ap_return_65   |  out|   16|  ap_ctrl_hs|  uniform<ap_fixed<16, 6, 5, 3, 0>, ap_ufixed<16, 0, 5, 3, 0>, config2>|  return value|
|ap_return_66   |  out|   16|  ap_ctrl_hs|  uniform<ap_fixed<16, 6, 5, 3, 0>, ap_ufixed<16, 0, 5, 3, 0>, config2>|  return value|
|ap_return_67   |  out|   16|  ap_ctrl_hs|  uniform<ap_fixed<16, 6, 5, 3, 0>, ap_ufixed<16, 0, 5, 3, 0>, config2>|  return value|
|ap_return_68   |  out|   16|  ap_ctrl_hs|  uniform<ap_fixed<16, 6, 5, 3, 0>, ap_ufixed<16, 0, 5, 3, 0>, config2>|  return value|
|ap_return_69   |  out|   16|  ap_ctrl_hs|  uniform<ap_fixed<16, 6, 5, 3, 0>, ap_ufixed<16, 0, 5, 3, 0>, config2>|  return value|
|ap_return_70   |  out|   16|  ap_ctrl_hs|  uniform<ap_fixed<16, 6, 5, 3, 0>, ap_ufixed<16, 0, 5, 3, 0>, config2>|  return value|
|ap_return_71   |  out|   16|  ap_ctrl_hs|  uniform<ap_fixed<16, 6, 5, 3, 0>, ap_ufixed<16, 0, 5, 3, 0>, config2>|  return value|
|ap_return_72   |  out|   16|  ap_ctrl_hs|  uniform<ap_fixed<16, 6, 5, 3, 0>, ap_ufixed<16, 0, 5, 3, 0>, config2>|  return value|
|ap_return_73   |  out|   16|  ap_ctrl_hs|  uniform<ap_fixed<16, 6, 5, 3, 0>, ap_ufixed<16, 0, 5, 3, 0>, config2>|  return value|
|ap_return_74   |  out|   16|  ap_ctrl_hs|  uniform<ap_fixed<16, 6, 5, 3, 0>, ap_ufixed<16, 0, 5, 3, 0>, config2>|  return value|
|ap_return_75   |  out|   16|  ap_ctrl_hs|  uniform<ap_fixed<16, 6, 5, 3, 0>, ap_ufixed<16, 0, 5, 3, 0>, config2>|  return value|
|ap_return_76   |  out|   16|  ap_ctrl_hs|  uniform<ap_fixed<16, 6, 5, 3, 0>, ap_ufixed<16, 0, 5, 3, 0>, config2>|  return value|
|ap_return_77   |  out|   16|  ap_ctrl_hs|  uniform<ap_fixed<16, 6, 5, 3, 0>, ap_ufixed<16, 0, 5, 3, 0>, config2>|  return value|
|ap_return_78   |  out|   16|  ap_ctrl_hs|  uniform<ap_fixed<16, 6, 5, 3, 0>, ap_ufixed<16, 0, 5, 3, 0>, config2>|  return value|
|ap_return_79   |  out|   16|  ap_ctrl_hs|  uniform<ap_fixed<16, 6, 5, 3, 0>, ap_ufixed<16, 0, 5, 3, 0>, config2>|  return value|
|ap_return_80   |  out|   16|  ap_ctrl_hs|  uniform<ap_fixed<16, 6, 5, 3, 0>, ap_ufixed<16, 0, 5, 3, 0>, config2>|  return value|
|ap_return_81   |  out|   16|  ap_ctrl_hs|  uniform<ap_fixed<16, 6, 5, 3, 0>, ap_ufixed<16, 0, 5, 3, 0>, config2>|  return value|
|ap_return_82   |  out|   16|  ap_ctrl_hs|  uniform<ap_fixed<16, 6, 5, 3, 0>, ap_ufixed<16, 0, 5, 3, 0>, config2>|  return value|
|ap_return_83   |  out|   16|  ap_ctrl_hs|  uniform<ap_fixed<16, 6, 5, 3, 0>, ap_ufixed<16, 0, 5, 3, 0>, config2>|  return value|
|ap_return_84   |  out|   16|  ap_ctrl_hs|  uniform<ap_fixed<16, 6, 5, 3, 0>, ap_ufixed<16, 0, 5, 3, 0>, config2>|  return value|
|ap_return_85   |  out|   16|  ap_ctrl_hs|  uniform<ap_fixed<16, 6, 5, 3, 0>, ap_ufixed<16, 0, 5, 3, 0>, config2>|  return value|
|ap_return_86   |  out|   16|  ap_ctrl_hs|  uniform<ap_fixed<16, 6, 5, 3, 0>, ap_ufixed<16, 0, 5, 3, 0>, config2>|  return value|
|ap_return_87   |  out|   16|  ap_ctrl_hs|  uniform<ap_fixed<16, 6, 5, 3, 0>, ap_ufixed<16, 0, 5, 3, 0>, config2>|  return value|
|ap_return_88   |  out|   16|  ap_ctrl_hs|  uniform<ap_fixed<16, 6, 5, 3, 0>, ap_ufixed<16, 0, 5, 3, 0>, config2>|  return value|
|ap_return_89   |  out|   16|  ap_ctrl_hs|  uniform<ap_fixed<16, 6, 5, 3, 0>, ap_ufixed<16, 0, 5, 3, 0>, config2>|  return value|
|ap_return_90   |  out|   16|  ap_ctrl_hs|  uniform<ap_fixed<16, 6, 5, 3, 0>, ap_ufixed<16, 0, 5, 3, 0>, config2>|  return value|
|ap_return_91   |  out|   16|  ap_ctrl_hs|  uniform<ap_fixed<16, 6, 5, 3, 0>, ap_ufixed<16, 0, 5, 3, 0>, config2>|  return value|
|ap_return_92   |  out|   16|  ap_ctrl_hs|  uniform<ap_fixed<16, 6, 5, 3, 0>, ap_ufixed<16, 0, 5, 3, 0>, config2>|  return value|
|ap_return_93   |  out|   16|  ap_ctrl_hs|  uniform<ap_fixed<16, 6, 5, 3, 0>, ap_ufixed<16, 0, 5, 3, 0>, config2>|  return value|
|ap_return_94   |  out|   16|  ap_ctrl_hs|  uniform<ap_fixed<16, 6, 5, 3, 0>, ap_ufixed<16, 0, 5, 3, 0>, config2>|  return value|
|ap_return_95   |  out|   16|  ap_ctrl_hs|  uniform<ap_fixed<16, 6, 5, 3, 0>, ap_ufixed<16, 0, 5, 3, 0>, config2>|  return value|
|ap_return_96   |  out|   16|  ap_ctrl_hs|  uniform<ap_fixed<16, 6, 5, 3, 0>, ap_ufixed<16, 0, 5, 3, 0>, config2>|  return value|
|ap_return_97   |  out|   16|  ap_ctrl_hs|  uniform<ap_fixed<16, 6, 5, 3, 0>, ap_ufixed<16, 0, 5, 3, 0>, config2>|  return value|
|ap_return_98   |  out|   16|  ap_ctrl_hs|  uniform<ap_fixed<16, 6, 5, 3, 0>, ap_ufixed<16, 0, 5, 3, 0>, config2>|  return value|
|ap_return_99   |  out|   16|  ap_ctrl_hs|  uniform<ap_fixed<16, 6, 5, 3, 0>, ap_ufixed<16, 0, 5, 3, 0>, config2>|  return value|
|ap_return_100  |  out|   16|  ap_ctrl_hs|  uniform<ap_fixed<16, 6, 5, 3, 0>, ap_ufixed<16, 0, 5, 3, 0>, config2>|  return value|
|ap_return_101  |  out|   16|  ap_ctrl_hs|  uniform<ap_fixed<16, 6, 5, 3, 0>, ap_ufixed<16, 0, 5, 3, 0>, config2>|  return value|
|ap_return_102  |  out|   16|  ap_ctrl_hs|  uniform<ap_fixed<16, 6, 5, 3, 0>, ap_ufixed<16, 0, 5, 3, 0>, config2>|  return value|
|ap_return_103  |  out|   16|  ap_ctrl_hs|  uniform<ap_fixed<16, 6, 5, 3, 0>, ap_ufixed<16, 0, 5, 3, 0>, config2>|  return value|
|ap_return_104  |  out|   16|  ap_ctrl_hs|  uniform<ap_fixed<16, 6, 5, 3, 0>, ap_ufixed<16, 0, 5, 3, 0>, config2>|  return value|
|ap_return_105  |  out|   16|  ap_ctrl_hs|  uniform<ap_fixed<16, 6, 5, 3, 0>, ap_ufixed<16, 0, 5, 3, 0>, config2>|  return value|
|ap_return_106  |  out|   16|  ap_ctrl_hs|  uniform<ap_fixed<16, 6, 5, 3, 0>, ap_ufixed<16, 0, 5, 3, 0>, config2>|  return value|
|ap_return_107  |  out|   16|  ap_ctrl_hs|  uniform<ap_fixed<16, 6, 5, 3, 0>, ap_ufixed<16, 0, 5, 3, 0>, config2>|  return value|
|ap_return_108  |  out|   16|  ap_ctrl_hs|  uniform<ap_fixed<16, 6, 5, 3, 0>, ap_ufixed<16, 0, 5, 3, 0>, config2>|  return value|
|ap_return_109  |  out|   16|  ap_ctrl_hs|  uniform<ap_fixed<16, 6, 5, 3, 0>, ap_ufixed<16, 0, 5, 3, 0>, config2>|  return value|
|ap_return_110  |  out|   16|  ap_ctrl_hs|  uniform<ap_fixed<16, 6, 5, 3, 0>, ap_ufixed<16, 0, 5, 3, 0>, config2>|  return value|
|ap_return_111  |  out|   16|  ap_ctrl_hs|  uniform<ap_fixed<16, 6, 5, 3, 0>, ap_ufixed<16, 0, 5, 3, 0>, config2>|  return value|
|ap_return_112  |  out|   16|  ap_ctrl_hs|  uniform<ap_fixed<16, 6, 5, 3, 0>, ap_ufixed<16, 0, 5, 3, 0>, config2>|  return value|
|ap_return_113  |  out|   16|  ap_ctrl_hs|  uniform<ap_fixed<16, 6, 5, 3, 0>, ap_ufixed<16, 0, 5, 3, 0>, config2>|  return value|
|ap_return_114  |  out|   16|  ap_ctrl_hs|  uniform<ap_fixed<16, 6, 5, 3, 0>, ap_ufixed<16, 0, 5, 3, 0>, config2>|  return value|
|ap_return_115  |  out|   16|  ap_ctrl_hs|  uniform<ap_fixed<16, 6, 5, 3, 0>, ap_ufixed<16, 0, 5, 3, 0>, config2>|  return value|
|ap_return_116  |  out|   16|  ap_ctrl_hs|  uniform<ap_fixed<16, 6, 5, 3, 0>, ap_ufixed<16, 0, 5, 3, 0>, config2>|  return value|
|ap_return_117  |  out|   16|  ap_ctrl_hs|  uniform<ap_fixed<16, 6, 5, 3, 0>, ap_ufixed<16, 0, 5, 3, 0>, config2>|  return value|
|ap_return_118  |  out|   16|  ap_ctrl_hs|  uniform<ap_fixed<16, 6, 5, 3, 0>, ap_ufixed<16, 0, 5, 3, 0>, config2>|  return value|
|ap_return_119  |  out|   16|  ap_ctrl_hs|  uniform<ap_fixed<16, 6, 5, 3, 0>, ap_ufixed<16, 0, 5, 3, 0>, config2>|  return value|
|ap_return_120  |  out|   16|  ap_ctrl_hs|  uniform<ap_fixed<16, 6, 5, 3, 0>, ap_ufixed<16, 0, 5, 3, 0>, config2>|  return value|
|ap_return_121  |  out|   16|  ap_ctrl_hs|  uniform<ap_fixed<16, 6, 5, 3, 0>, ap_ufixed<16, 0, 5, 3, 0>, config2>|  return value|
|ap_return_122  |  out|   16|  ap_ctrl_hs|  uniform<ap_fixed<16, 6, 5, 3, 0>, ap_ufixed<16, 0, 5, 3, 0>, config2>|  return value|
|ap_return_123  |  out|   16|  ap_ctrl_hs|  uniform<ap_fixed<16, 6, 5, 3, 0>, ap_ufixed<16, 0, 5, 3, 0>, config2>|  return value|
|ap_return_124  |  out|   16|  ap_ctrl_hs|  uniform<ap_fixed<16, 6, 5, 3, 0>, ap_ufixed<16, 0, 5, 3, 0>, config2>|  return value|
|ap_return_125  |  out|   16|  ap_ctrl_hs|  uniform<ap_fixed<16, 6, 5, 3, 0>, ap_ufixed<16, 0, 5, 3, 0>, config2>|  return value|
|ap_return_126  |  out|   16|  ap_ctrl_hs|  uniform<ap_fixed<16, 6, 5, 3, 0>, ap_ufixed<16, 0, 5, 3, 0>, config2>|  return value|
|ap_return_127  |  out|   16|  ap_ctrl_hs|  uniform<ap_fixed<16, 6, 5, 3, 0>, ap_ufixed<16, 0, 5, 3, 0>, config2>|  return value|
|ap_return_128  |  out|   16|  ap_ctrl_hs|  uniform<ap_fixed<16, 6, 5, 3, 0>, ap_ufixed<16, 0, 5, 3, 0>, config2>|  return value|
|ap_return_129  |  out|   16|  ap_ctrl_hs|  uniform<ap_fixed<16, 6, 5, 3, 0>, ap_ufixed<16, 0, 5, 3, 0>, config2>|  return value|
|ap_return_130  |  out|   16|  ap_ctrl_hs|  uniform<ap_fixed<16, 6, 5, 3, 0>, ap_ufixed<16, 0, 5, 3, 0>, config2>|  return value|
|ap_return_131  |  out|   16|  ap_ctrl_hs|  uniform<ap_fixed<16, 6, 5, 3, 0>, ap_ufixed<16, 0, 5, 3, 0>, config2>|  return value|
|ap_return_132  |  out|   16|  ap_ctrl_hs|  uniform<ap_fixed<16, 6, 5, 3, 0>, ap_ufixed<16, 0, 5, 3, 0>, config2>|  return value|
|ap_return_133  |  out|   16|  ap_ctrl_hs|  uniform<ap_fixed<16, 6, 5, 3, 0>, ap_ufixed<16, 0, 5, 3, 0>, config2>|  return value|
|ap_return_134  |  out|   16|  ap_ctrl_hs|  uniform<ap_fixed<16, 6, 5, 3, 0>, ap_ufixed<16, 0, 5, 3, 0>, config2>|  return value|
|ap_return_135  |  out|   16|  ap_ctrl_hs|  uniform<ap_fixed<16, 6, 5, 3, 0>, ap_ufixed<16, 0, 5, 3, 0>, config2>|  return value|
|ap_return_136  |  out|   16|  ap_ctrl_hs|  uniform<ap_fixed<16, 6, 5, 3, 0>, ap_ufixed<16, 0, 5, 3, 0>, config2>|  return value|
|ap_return_137  |  out|   16|  ap_ctrl_hs|  uniform<ap_fixed<16, 6, 5, 3, 0>, ap_ufixed<16, 0, 5, 3, 0>, config2>|  return value|
|ap_return_138  |  out|   16|  ap_ctrl_hs|  uniform<ap_fixed<16, 6, 5, 3, 0>, ap_ufixed<16, 0, 5, 3, 0>, config2>|  return value|
|ap_return_139  |  out|   16|  ap_ctrl_hs|  uniform<ap_fixed<16, 6, 5, 3, 0>, ap_ufixed<16, 0, 5, 3, 0>, config2>|  return value|
|ap_return_140  |  out|   16|  ap_ctrl_hs|  uniform<ap_fixed<16, 6, 5, 3, 0>, ap_ufixed<16, 0, 5, 3, 0>, config2>|  return value|
|ap_return_141  |  out|   16|  ap_ctrl_hs|  uniform<ap_fixed<16, 6, 5, 3, 0>, ap_ufixed<16, 0, 5, 3, 0>, config2>|  return value|
|ap_return_142  |  out|   16|  ap_ctrl_hs|  uniform<ap_fixed<16, 6, 5, 3, 0>, ap_ufixed<16, 0, 5, 3, 0>, config2>|  return value|
|ap_return_143  |  out|   16|  ap_ctrl_hs|  uniform<ap_fixed<16, 6, 5, 3, 0>, ap_ufixed<16, 0, 5, 3, 0>, config2>|  return value|
|ap_return_144  |  out|   16|  ap_ctrl_hs|  uniform<ap_fixed<16, 6, 5, 3, 0>, ap_ufixed<16, 0, 5, 3, 0>, config2>|  return value|
|ap_return_145  |  out|   16|  ap_ctrl_hs|  uniform<ap_fixed<16, 6, 5, 3, 0>, ap_ufixed<16, 0, 5, 3, 0>, config2>|  return value|
|ap_return_146  |  out|   16|  ap_ctrl_hs|  uniform<ap_fixed<16, 6, 5, 3, 0>, ap_ufixed<16, 0, 5, 3, 0>, config2>|  return value|
|ap_return_147  |  out|   16|  ap_ctrl_hs|  uniform<ap_fixed<16, 6, 5, 3, 0>, ap_ufixed<16, 0, 5, 3, 0>, config2>|  return value|
|ap_return_148  |  out|   16|  ap_ctrl_hs|  uniform<ap_fixed<16, 6, 5, 3, 0>, ap_ufixed<16, 0, 5, 3, 0>, config2>|  return value|
|ap_return_149  |  out|   16|  ap_ctrl_hs|  uniform<ap_fixed<16, 6, 5, 3, 0>, ap_ufixed<16, 0, 5, 3, 0>, config2>|  return value|
|ap_return_150  |  out|   16|  ap_ctrl_hs|  uniform<ap_fixed<16, 6, 5, 3, 0>, ap_ufixed<16, 0, 5, 3, 0>, config2>|  return value|
|ap_return_151  |  out|   16|  ap_ctrl_hs|  uniform<ap_fixed<16, 6, 5, 3, 0>, ap_ufixed<16, 0, 5, 3, 0>, config2>|  return value|
|ap_return_152  |  out|   16|  ap_ctrl_hs|  uniform<ap_fixed<16, 6, 5, 3, 0>, ap_ufixed<16, 0, 5, 3, 0>, config2>|  return value|
|ap_return_153  |  out|   16|  ap_ctrl_hs|  uniform<ap_fixed<16, 6, 5, 3, 0>, ap_ufixed<16, 0, 5, 3, 0>, config2>|  return value|
|ap_return_154  |  out|   16|  ap_ctrl_hs|  uniform<ap_fixed<16, 6, 5, 3, 0>, ap_ufixed<16, 0, 5, 3, 0>, config2>|  return value|
|ap_return_155  |  out|   16|  ap_ctrl_hs|  uniform<ap_fixed<16, 6, 5, 3, 0>, ap_ufixed<16, 0, 5, 3, 0>, config2>|  return value|
|ap_return_156  |  out|   16|  ap_ctrl_hs|  uniform<ap_fixed<16, 6, 5, 3, 0>, ap_ufixed<16, 0, 5, 3, 0>, config2>|  return value|
|ap_return_157  |  out|   16|  ap_ctrl_hs|  uniform<ap_fixed<16, 6, 5, 3, 0>, ap_ufixed<16, 0, 5, 3, 0>, config2>|  return value|
|ap_return_158  |  out|   16|  ap_ctrl_hs|  uniform<ap_fixed<16, 6, 5, 3, 0>, ap_ufixed<16, 0, 5, 3, 0>, config2>|  return value|
|ap_return_159  |  out|   16|  ap_ctrl_hs|  uniform<ap_fixed<16, 6, 5, 3, 0>, ap_ufixed<16, 0, 5, 3, 0>, config2>|  return value|
|ap_return_160  |  out|   16|  ap_ctrl_hs|  uniform<ap_fixed<16, 6, 5, 3, 0>, ap_ufixed<16, 0, 5, 3, 0>, config2>|  return value|
|ap_return_161  |  out|   16|  ap_ctrl_hs|  uniform<ap_fixed<16, 6, 5, 3, 0>, ap_ufixed<16, 0, 5, 3, 0>, config2>|  return value|
|ap_return_162  |  out|   16|  ap_ctrl_hs|  uniform<ap_fixed<16, 6, 5, 3, 0>, ap_ufixed<16, 0, 5, 3, 0>, config2>|  return value|
|ap_return_163  |  out|   16|  ap_ctrl_hs|  uniform<ap_fixed<16, 6, 5, 3, 0>, ap_ufixed<16, 0, 5, 3, 0>, config2>|  return value|
|ap_return_164  |  out|   16|  ap_ctrl_hs|  uniform<ap_fixed<16, 6, 5, 3, 0>, ap_ufixed<16, 0, 5, 3, 0>, config2>|  return value|
|ap_return_165  |  out|   16|  ap_ctrl_hs|  uniform<ap_fixed<16, 6, 5, 3, 0>, ap_ufixed<16, 0, 5, 3, 0>, config2>|  return value|
|ap_return_166  |  out|   16|  ap_ctrl_hs|  uniform<ap_fixed<16, 6, 5, 3, 0>, ap_ufixed<16, 0, 5, 3, 0>, config2>|  return value|
|ap_return_167  |  out|   16|  ap_ctrl_hs|  uniform<ap_fixed<16, 6, 5, 3, 0>, ap_ufixed<16, 0, 5, 3, 0>, config2>|  return value|
|ap_return_168  |  out|   16|  ap_ctrl_hs|  uniform<ap_fixed<16, 6, 5, 3, 0>, ap_ufixed<16, 0, 5, 3, 0>, config2>|  return value|
|ap_return_169  |  out|   16|  ap_ctrl_hs|  uniform<ap_fixed<16, 6, 5, 3, 0>, ap_ufixed<16, 0, 5, 3, 0>, config2>|  return value|
|ap_return_170  |  out|   16|  ap_ctrl_hs|  uniform<ap_fixed<16, 6, 5, 3, 0>, ap_ufixed<16, 0, 5, 3, 0>, config2>|  return value|
|ap_return_171  |  out|   16|  ap_ctrl_hs|  uniform<ap_fixed<16, 6, 5, 3, 0>, ap_ufixed<16, 0, 5, 3, 0>, config2>|  return value|
|ap_return_172  |  out|   16|  ap_ctrl_hs|  uniform<ap_fixed<16, 6, 5, 3, 0>, ap_ufixed<16, 0, 5, 3, 0>, config2>|  return value|
|ap_return_173  |  out|   16|  ap_ctrl_hs|  uniform<ap_fixed<16, 6, 5, 3, 0>, ap_ufixed<16, 0, 5, 3, 0>, config2>|  return value|
|ap_return_174  |  out|   16|  ap_ctrl_hs|  uniform<ap_fixed<16, 6, 5, 3, 0>, ap_ufixed<16, 0, 5, 3, 0>, config2>|  return value|
|ap_return_175  |  out|   16|  ap_ctrl_hs|  uniform<ap_fixed<16, 6, 5, 3, 0>, ap_ufixed<16, 0, 5, 3, 0>, config2>|  return value|
|ap_return_176  |  out|   16|  ap_ctrl_hs|  uniform<ap_fixed<16, 6, 5, 3, 0>, ap_ufixed<16, 0, 5, 3, 0>, config2>|  return value|
|ap_return_177  |  out|   16|  ap_ctrl_hs|  uniform<ap_fixed<16, 6, 5, 3, 0>, ap_ufixed<16, 0, 5, 3, 0>, config2>|  return value|
|ap_return_178  |  out|   16|  ap_ctrl_hs|  uniform<ap_fixed<16, 6, 5, 3, 0>, ap_ufixed<16, 0, 5, 3, 0>, config2>|  return value|
|ap_return_179  |  out|   16|  ap_ctrl_hs|  uniform<ap_fixed<16, 6, 5, 3, 0>, ap_ufixed<16, 0, 5, 3, 0>, config2>|  return value|
|ap_return_180  |  out|   16|  ap_ctrl_hs|  uniform<ap_fixed<16, 6, 5, 3, 0>, ap_ufixed<16, 0, 5, 3, 0>, config2>|  return value|
|ap_return_181  |  out|   16|  ap_ctrl_hs|  uniform<ap_fixed<16, 6, 5, 3, 0>, ap_ufixed<16, 0, 5, 3, 0>, config2>|  return value|
|ap_return_182  |  out|   16|  ap_ctrl_hs|  uniform<ap_fixed<16, 6, 5, 3, 0>, ap_ufixed<16, 0, 5, 3, 0>, config2>|  return value|
|ap_return_183  |  out|   16|  ap_ctrl_hs|  uniform<ap_fixed<16, 6, 5, 3, 0>, ap_ufixed<16, 0, 5, 3, 0>, config2>|  return value|
|ap_return_184  |  out|   16|  ap_ctrl_hs|  uniform<ap_fixed<16, 6, 5, 3, 0>, ap_ufixed<16, 0, 5, 3, 0>, config2>|  return value|
|ap_return_185  |  out|   16|  ap_ctrl_hs|  uniform<ap_fixed<16, 6, 5, 3, 0>, ap_ufixed<16, 0, 5, 3, 0>, config2>|  return value|
|ap_return_186  |  out|   16|  ap_ctrl_hs|  uniform<ap_fixed<16, 6, 5, 3, 0>, ap_ufixed<16, 0, 5, 3, 0>, config2>|  return value|
|ap_return_187  |  out|   16|  ap_ctrl_hs|  uniform<ap_fixed<16, 6, 5, 3, 0>, ap_ufixed<16, 0, 5, 3, 0>, config2>|  return value|
|ap_return_188  |  out|   16|  ap_ctrl_hs|  uniform<ap_fixed<16, 6, 5, 3, 0>, ap_ufixed<16, 0, 5, 3, 0>, config2>|  return value|
|ap_return_189  |  out|   16|  ap_ctrl_hs|  uniform<ap_fixed<16, 6, 5, 3, 0>, ap_ufixed<16, 0, 5, 3, 0>, config2>|  return value|
|ap_return_190  |  out|   16|  ap_ctrl_hs|  uniform<ap_fixed<16, 6, 5, 3, 0>, ap_ufixed<16, 0, 5, 3, 0>, config2>|  return value|
|ap_return_191  |  out|   16|  ap_ctrl_hs|  uniform<ap_fixed<16, 6, 5, 3, 0>, ap_ufixed<16, 0, 5, 3, 0>, config2>|  return value|
|ap_return_192  |  out|   16|  ap_ctrl_hs|  uniform<ap_fixed<16, 6, 5, 3, 0>, ap_ufixed<16, 0, 5, 3, 0>, config2>|  return value|
|ap_return_193  |  out|   16|  ap_ctrl_hs|  uniform<ap_fixed<16, 6, 5, 3, 0>, ap_ufixed<16, 0, 5, 3, 0>, config2>|  return value|
|ap_return_194  |  out|   16|  ap_ctrl_hs|  uniform<ap_fixed<16, 6, 5, 3, 0>, ap_ufixed<16, 0, 5, 3, 0>, config2>|  return value|
|ap_return_195  |  out|   16|  ap_ctrl_hs|  uniform<ap_fixed<16, 6, 5, 3, 0>, ap_ufixed<16, 0, 5, 3, 0>, config2>|  return value|
|ap_return_196  |  out|   16|  ap_ctrl_hs|  uniform<ap_fixed<16, 6, 5, 3, 0>, ap_ufixed<16, 0, 5, 3, 0>, config2>|  return value|
|ap_return_197  |  out|   16|  ap_ctrl_hs|  uniform<ap_fixed<16, 6, 5, 3, 0>, ap_ufixed<16, 0, 5, 3, 0>, config2>|  return value|
|ap_return_198  |  out|   16|  ap_ctrl_hs|  uniform<ap_fixed<16, 6, 5, 3, 0>, ap_ufixed<16, 0, 5, 3, 0>, config2>|  return value|
|ap_return_199  |  out|   16|  ap_ctrl_hs|  uniform<ap_fixed<16, 6, 5, 3, 0>, ap_ufixed<16, 0, 5, 3, 0>, config2>|  return value|
|input_0_val    |   in|  106|     ap_none|                                                            input_0_val|        scalar|
|input_1_val    |   in|  106|     ap_none|                                                            input_1_val|        scalar|
|input_2_val    |   in|  106|     ap_none|                                                            input_2_val|        scalar|
|input_3_val    |   in|  106|     ap_none|                                                            input_3_val|        scalar|
|input_4_val    |   in|  106|     ap_none|                                                            input_4_val|        scalar|
|input_5_val    |   in|  106|     ap_none|                                                            input_5_val|        scalar|
|input_6_val    |   in|  106|     ap_none|                                                            input_6_val|        scalar|
|input_7_val    |   in|  106|     ap_none|                                                            input_7_val|        scalar|
|input_8_val    |   in|  106|     ap_none|                                                            input_8_val|        scalar|
|input_9_val    |   in|  106|     ap_none|                                                            input_9_val|        scalar|
|input_10_val   |   in|  106|     ap_none|                                                           input_10_val|        scalar|
|input_11_val   |   in|  106|     ap_none|                                                           input_11_val|        scalar|
|input_12_val   |   in|  106|     ap_none|                                                           input_12_val|        scalar|
|input_13_val   |   in|  106|     ap_none|                                                           input_13_val|        scalar|
|input_14_val   |   in|  106|     ap_none|                                                           input_14_val|        scalar|
|input_15_val   |   in|  106|     ap_none|                                                           input_15_val|        scalar|
|input_16_val   |   in|  106|     ap_none|                                                           input_16_val|        scalar|
|input_17_val   |   in|  106|     ap_none|                                                           input_17_val|        scalar|
|input_18_val   |   in|  106|     ap_none|                                                           input_18_val|        scalar|
|input_19_val   |   in|  106|     ap_none|                                                           input_19_val|        scalar|
|input_20_val   |   in|  106|     ap_none|                                                           input_20_val|        scalar|
|input_21_val   |   in|  106|     ap_none|                                                           input_21_val|        scalar|
|input_22_val   |   in|  106|     ap_none|                                                           input_22_val|        scalar|
|input_23_val   |   in|  106|     ap_none|                                                           input_23_val|        scalar|
|input_24_val   |   in|  106|     ap_none|                                                           input_24_val|        scalar|
|input_25_val   |   in|  106|     ap_none|                                                           input_25_val|        scalar|
|input_26_val   |   in|  106|     ap_none|                                                           input_26_val|        scalar|
|input_27_val   |   in|  106|     ap_none|                                                           input_27_val|        scalar|
|input_28_val   |   in|   58|     ap_none|                                                           input_28_val|        scalar|
+---------------+-----+-----+------------+-----------------------------------------------------------------------+--------------+

