

================================================================
== Vitis HLS Report for 'qk_v_einsum_ap_fixed_16_6_5_3_0_ap_fixed_16_6_5_3_0_config4_s'
================================================================
* Date:           Mon Jan 20 20:47:07 2025

* Version:        2023.2 (Build 4023990 on Oct 11 2023)
* Project:        myproject_prj
* Solution:       solution1 (Vivado IP Flow Target)
* Product family: virtexuplus
* Target device:  xcvu13p-flga2577-2-e


================================================================
== Performance Estimates
================================================================
+ Timing: 
    * Summary: 
    +--------+---------+----------+------------+
    |  Clock |  Target | Estimated| Uncertainty|
    +--------+---------+----------+------------+
    |ap_clk  |  5.00 ns|  4.229 ns|     0.62 ns|
    +--------+---------+----------+------------+

+ Latency: 
    * Summary: 
    +---------+---------+----------+----------+-----+-----+---------+
    |  Latency (cycles) |  Latency (absolute) |  Interval | Pipeline|
    |   min   |   max   |    min   |    max   | min | max |   Type  |
    +---------+---------+----------+----------+-----+-----+---------+
    |        1|        1|  5.000 ns|  5.000 ns|    1|    1|      yes|
    +---------+---------+----------+----------+-----+-----+---------+

    + Detail: 
        * Instance: 
        +----------------------------------------------------------------------------+----------------------------------------------------------------+---------+---------+----------+----------+-----+-----+---------+
        |                                                                            |                                                                |  Latency (cycles) |  Latency (absolute) |  Interval | Pipeline|
        |                                  Instance                                  |                             Module                             |   min   |   max   |    min   |    max   | min | max |   Type  |
        +----------------------------------------------------------------------------+----------------------------------------------------------------+---------+---------+----------+----------+-----+-----+---------+
        |grp_dense_latency_ap_fixed_ap_fixed_16_6_5_3_0_config4_dense_qkv_s_fu_1786  |dense_latency_ap_fixed_ap_fixed_16_6_5_3_0_config4_dense_qkv_s  |        1|        1|  5.000 ns|  5.000 ns|    1|    1|      yes|
        |grp_dense_latency_ap_fixed_ap_fixed_16_6_5_3_0_config4_dense_qkv_s_fu_2232  |dense_latency_ap_fixed_ap_fixed_16_6_5_3_0_config4_dense_qkv_s  |        1|        1|  5.000 ns|  5.000 ns|    1|    1|      yes|
        |grp_dense_latency_ap_fixed_ap_fixed_16_6_5_3_0_config4_dense_qkv_s_fu_2678  |dense_latency_ap_fixed_ap_fixed_16_6_5_3_0_config4_dense_qkv_s  |        1|        1|  5.000 ns|  5.000 ns|    1|    1|      yes|
        |grp_dense_latency_ap_fixed_ap_fixed_16_6_5_3_0_config4_dense_qkv_s_fu_3124  |dense_latency_ap_fixed_ap_fixed_16_6_5_3_0_config4_dense_qkv_s  |        1|        1|  5.000 ns|  5.000 ns|    1|    1|      yes|
        |grp_dense_latency_ap_fixed_ap_fixed_16_6_5_3_0_config4_dense_qkv_s_fu_3570  |dense_latency_ap_fixed_ap_fixed_16_6_5_3_0_config4_dense_qkv_s  |        1|        1|  5.000 ns|  5.000 ns|    1|    1|      yes|
        |grp_dense_latency_ap_fixed_ap_fixed_16_6_5_3_0_config4_dense_qkv_s_fu_4016  |dense_latency_ap_fixed_ap_fixed_16_6_5_3_0_config4_dense_qkv_s  |        1|        1|  5.000 ns|  5.000 ns|    1|    1|      yes|
        |grp_dense_latency_ap_fixed_ap_fixed_16_6_5_3_0_config4_dense_qkv_s_fu_4462  |dense_latency_ap_fixed_ap_fixed_16_6_5_3_0_config4_dense_qkv_s  |        1|        1|  5.000 ns|  5.000 ns|    1|    1|      yes|
        |grp_dense_latency_ap_fixed_ap_fixed_16_6_5_3_0_config4_dense_qkv_s_fu_4908  |dense_latency_ap_fixed_ap_fixed_16_6_5_3_0_config4_dense_qkv_s  |        1|        1|  5.000 ns|  5.000 ns|    1|    1|      yes|
        |grp_dense_latency_ap_fixed_ap_fixed_16_6_5_3_0_config4_dense_qkv_s_fu_5354  |dense_latency_ap_fixed_ap_fixed_16_6_5_3_0_config4_dense_qkv_s  |        1|        1|  5.000 ns|  5.000 ns|    1|    1|      yes|
        |grp_dense_latency_ap_fixed_ap_fixed_16_6_5_3_0_config4_dense_qkv_s_fu_5800  |dense_latency_ap_fixed_ap_fixed_16_6_5_3_0_config4_dense_qkv_s  |        1|        1|  5.000 ns|  5.000 ns|    1|    1|      yes|
        +----------------------------------------------------------------------------+----------------------------------------------------------------+---------+---------+----------+----------+-----+-----+---------+

        * Loop: 
        N/A



================================================================
== Utilization Estimates
================================================================
* Summary: 
+---------------------+---------+-------+---------+---------+------+
|         Name        | BRAM_18K|  DSP  |    FF   |   LUT   | URAM |
+---------------------+---------+-------+---------+---------+------+
|DSP                  |        -|      -|        -|        -|     -|
|Expression           |        -|      -|        -|        -|     -|
|FIFO                 |        -|      -|        -|        -|     -|
|Instance             |        -|   1200|     5760|    68920|     -|
|Memory               |        -|      -|        -|        -|     -|
|Multiplexer          |        -|      -|        -|     1680|     -|
|Register             |        -|      -|     1921|        -|     -|
+---------------------+---------+-------+---------+---------+------+
|Total                |        0|   1200|     7681|    70600|     0|
+---------------------+---------+-------+---------+---------+------+
|Available SLR        |     1344|   3072|   864000|   432000|   320|
+---------------------+---------+-------+---------+---------+------+
|Utilization SLR (%)  |        0|     39|       ~0|       16|     0|
+---------------------+---------+-------+---------+---------+------+
|Available            |     5376|  12288|  3456000|  1728000|  1280|
+---------------------+---------+-------+---------+---------+------+
|Utilization (%)      |        0|      9|       ~0|        4|     0|
+---------------------+---------+-------+---------+---------+------+

+ Detail: 
    * Instance: 
    +----------------------------------------------------------------------------+----------------------------------------------------------------+---------+-----+-----+------+-----+
    |                                  Instance                                  |                             Module                             | BRAM_18K| DSP |  FF |  LUT | URAM|
    +----------------------------------------------------------------------------+----------------------------------------------------------------+---------+-----+-----+------+-----+
    |grp_dense_latency_ap_fixed_ap_fixed_16_6_5_3_0_config4_dense_qkv_s_fu_1786  |dense_latency_ap_fixed_ap_fixed_16_6_5_3_0_config4_dense_qkv_s  |        0|  120|  576|  6892|    0|
    |grp_dense_latency_ap_fixed_ap_fixed_16_6_5_3_0_config4_dense_qkv_s_fu_2232  |dense_latency_ap_fixed_ap_fixed_16_6_5_3_0_config4_dense_qkv_s  |        0|  120|  576|  6892|    0|
    |grp_dense_latency_ap_fixed_ap_fixed_16_6_5_3_0_config4_dense_qkv_s_fu_2678  |dense_latency_ap_fixed_ap_fixed_16_6_5_3_0_config4_dense_qkv_s  |        0|  120|  576|  6892|    0|
    |grp_dense_latency_ap_fixed_ap_fixed_16_6_5_3_0_config4_dense_qkv_s_fu_3124  |dense_latency_ap_fixed_ap_fixed_16_6_5_3_0_config4_dense_qkv_s  |        0|  120|  576|  6892|    0|
    |grp_dense_latency_ap_fixed_ap_fixed_16_6_5_3_0_config4_dense_qkv_s_fu_3570  |dense_latency_ap_fixed_ap_fixed_16_6_5_3_0_config4_dense_qkv_s  |        0|  120|  576|  6892|    0|
    |grp_dense_latency_ap_fixed_ap_fixed_16_6_5_3_0_config4_dense_qkv_s_fu_4016  |dense_latency_ap_fixed_ap_fixed_16_6_5_3_0_config4_dense_qkv_s  |        0|  120|  576|  6892|    0|
    |grp_dense_latency_ap_fixed_ap_fixed_16_6_5_3_0_config4_dense_qkv_s_fu_4462  |dense_latency_ap_fixed_ap_fixed_16_6_5_3_0_config4_dense_qkv_s  |        0|  120|  576|  6892|    0|
    |grp_dense_latency_ap_fixed_ap_fixed_16_6_5_3_0_config4_dense_qkv_s_fu_4908  |dense_latency_ap_fixed_ap_fixed_16_6_5_3_0_config4_dense_qkv_s  |        0|  120|  576|  6892|    0|
    |grp_dense_latency_ap_fixed_ap_fixed_16_6_5_3_0_config4_dense_qkv_s_fu_5354  |dense_latency_ap_fixed_ap_fixed_16_6_5_3_0_config4_dense_qkv_s  |        0|  120|  576|  6892|    0|
    |grp_dense_latency_ap_fixed_ap_fixed_16_6_5_3_0_config4_dense_qkv_s_fu_5800  |dense_latency_ap_fixed_ap_fixed_16_6_5_3_0_config4_dense_qkv_s  |        0|  120|  576|  6892|    0|
    +----------------------------------------------------------------------------+----------------------------------------------------------------+---------+-----+-----+------+-----+
    |Total                                                                       |                                                                |        0| 1200| 5760| 68920|    0|
    +----------------------------------------------------------------------------+----------------------------------------------------------------+---------+-----+-----+------+-----+

    * DSP: 
    N/A

    * Memory: 
    N/A

    * FIFO: 
    N/A

    * Expression: 
    N/A

    * Multiplexer: 
    +---------------+----+-----------+-----+-----------+
    |      Name     | LUT| Input Size| Bits| Total Bits|
    +---------------+----+-----------+-----+-----------+
    |ap_return_0    |  14|          3|   16|         48|
    |ap_return_1    |  14|          3|   16|         48|
    |ap_return_10   |  14|          3|   16|         48|
    |ap_return_100  |  14|          3|   16|         48|
    |ap_return_101  |  14|          3|   16|         48|
    |ap_return_102  |  14|          3|   16|         48|
    |ap_return_103  |  14|          3|   16|         48|
    |ap_return_104  |  14|          3|   16|         48|
    |ap_return_105  |  14|          3|   16|         48|
    |ap_return_106  |  14|          3|   16|         48|
    |ap_return_107  |  14|          3|   16|         48|
    |ap_return_108  |  14|          3|   16|         48|
    |ap_return_109  |  14|          3|   16|         48|
    |ap_return_11   |  14|          3|   16|         48|
    |ap_return_110  |  14|          3|   16|         48|
    |ap_return_111  |  14|          3|   16|         48|
    |ap_return_112  |  14|          3|   16|         48|
    |ap_return_113  |  14|          3|   16|         48|
    |ap_return_114  |  14|          3|   16|         48|
    |ap_return_115  |  14|          3|   16|         48|
    |ap_return_116  |  14|          3|   16|         48|
    |ap_return_117  |  14|          3|   16|         48|
    |ap_return_118  |  14|          3|   16|         48|
    |ap_return_119  |  14|          3|   16|         48|
    |ap_return_12   |  14|          3|   16|         48|
    |ap_return_13   |  14|          3|   16|         48|
    |ap_return_14   |  14|          3|   16|         48|
    |ap_return_15   |  14|          3|   16|         48|
    |ap_return_16   |  14|          3|   16|         48|
    |ap_return_17   |  14|          3|   16|         48|
    |ap_return_18   |  14|          3|   16|         48|
    |ap_return_19   |  14|          3|   16|         48|
    |ap_return_2    |  14|          3|   16|         48|
    |ap_return_20   |  14|          3|   16|         48|
    |ap_return_21   |  14|          3|   16|         48|
    |ap_return_22   |  14|          3|   16|         48|
    |ap_return_23   |  14|          3|   16|         48|
    |ap_return_24   |  14|          3|   16|         48|
    |ap_return_25   |  14|          3|   16|         48|
    |ap_return_26   |  14|          3|   16|         48|
    |ap_return_27   |  14|          3|   16|         48|
    |ap_return_28   |  14|          3|   16|         48|
    |ap_return_29   |  14|          3|   16|         48|
    |ap_return_3    |  14|          3|   16|         48|
    |ap_return_30   |  14|          3|   16|         48|
    |ap_return_31   |  14|          3|   16|         48|
    |ap_return_32   |  14|          3|   16|         48|
    |ap_return_33   |  14|          3|   16|         48|
    |ap_return_34   |  14|          3|   16|         48|
    |ap_return_35   |  14|          3|   16|         48|
    |ap_return_36   |  14|          3|   16|         48|
    |ap_return_37   |  14|          3|   16|         48|
    |ap_return_38   |  14|          3|   16|         48|
    |ap_return_39   |  14|          3|   16|         48|
    |ap_return_4    |  14|          3|   16|         48|
    |ap_return_40   |  14|          3|   16|         48|
    |ap_return_41   |  14|          3|   16|         48|
    |ap_return_42   |  14|          3|   16|         48|
    |ap_return_43   |  14|          3|   16|         48|
    |ap_return_44   |  14|          3|   16|         48|
    |ap_return_45   |  14|          3|   16|         48|
    |ap_return_46   |  14|          3|   16|         48|
    |ap_return_47   |  14|          3|   16|         48|
    |ap_return_48   |  14|          3|   16|         48|
    |ap_return_49   |  14|          3|   16|         48|
    |ap_return_5    |  14|          3|   16|         48|
    |ap_return_50   |  14|          3|   16|         48|
    |ap_return_51   |  14|          3|   16|         48|
    |ap_return_52   |  14|          3|   16|         48|
    |ap_return_53   |  14|          3|   16|         48|
    |ap_return_54   |  14|          3|   16|         48|
    |ap_return_55   |  14|          3|   16|         48|
    |ap_return_56   |  14|          3|   16|         48|
    |ap_return_57   |  14|          3|   16|         48|
    |ap_return_58   |  14|          3|   16|         48|
    |ap_return_59   |  14|          3|   16|         48|
    |ap_return_6    |  14|          3|   16|         48|
    |ap_return_60   |  14|          3|   16|         48|
    |ap_return_61   |  14|          3|   16|         48|
    |ap_return_62   |  14|          3|   16|         48|
    |ap_return_63   |  14|          3|   16|         48|
    |ap_return_64   |  14|          3|   16|         48|
    |ap_return_65   |  14|          3|   16|         48|
    |ap_return_66   |  14|          3|   16|         48|
    |ap_return_67   |  14|          3|   16|         48|
    |ap_return_68   |  14|          3|   16|         48|
    |ap_return_69   |  14|          3|   16|         48|
    |ap_return_7    |  14|          3|   16|         48|
    |ap_return_70   |  14|          3|   16|         48|
    |ap_return_71   |  14|          3|   16|         48|
    |ap_return_72   |  14|          3|   16|         48|
    |ap_return_73   |  14|          3|   16|         48|
    |ap_return_74   |  14|          3|   16|         48|
    |ap_return_75   |  14|          3|   16|         48|
    |ap_return_76   |  14|          3|   16|         48|
    |ap_return_77   |  14|          3|   16|         48|
    |ap_return_78   |  14|          3|   16|         48|
    |ap_return_79   |  14|          3|   16|         48|
    |ap_return_8    |  14|          3|   16|         48|
    |ap_return_80   |  14|          3|   16|         48|
    |ap_return_81   |  14|          3|   16|         48|
    |ap_return_82   |  14|          3|   16|         48|
    |ap_return_83   |  14|          3|   16|         48|
    |ap_return_84   |  14|          3|   16|         48|
    |ap_return_85   |  14|          3|   16|         48|
    |ap_return_86   |  14|          3|   16|         48|
    |ap_return_87   |  14|          3|   16|         48|
    |ap_return_88   |  14|          3|   16|         48|
    |ap_return_89   |  14|          3|   16|         48|
    |ap_return_9    |  14|          3|   16|         48|
    |ap_return_90   |  14|          3|   16|         48|
    |ap_return_91   |  14|          3|   16|         48|
    |ap_return_92   |  14|          3|   16|         48|
    |ap_return_93   |  14|          3|   16|         48|
    |ap_return_94   |  14|          3|   16|         48|
    |ap_return_95   |  14|          3|   16|         48|
    |ap_return_96   |  14|          3|   16|         48|
    |ap_return_97   |  14|          3|   16|         48|
    |ap_return_98   |  14|          3|   16|         48|
    |ap_return_99   |  14|          3|   16|         48|
    +---------------+----+-----------+-----+-----------+
    |Total          |1680|        360| 1920|       5760|
    +---------------+----+-----------+-----+-----------+

    * Register: 
    +-----------------------+----+----+-----+-----------+
    |          Name         | FF | LUT| Bits| Const Bits|
    +-----------------------+----+----+-----+-----------+
    |ap_ce_reg              |   1|   0|    1|          0|
    |ap_return_0_int_reg    |  16|   0|   16|          0|
    |ap_return_100_int_reg  |  16|   0|   16|          0|
    |ap_return_101_int_reg  |  16|   0|   16|          0|
    |ap_return_102_int_reg  |  16|   0|   16|          0|
    |ap_return_103_int_reg  |  16|   0|   16|          0|
    |ap_return_104_int_reg  |  16|   0|   16|          0|
    |ap_return_105_int_reg  |  16|   0|   16|          0|
    |ap_return_106_int_reg  |  16|   0|   16|          0|
    |ap_return_107_int_reg  |  16|   0|   16|          0|
    |ap_return_108_int_reg  |  16|   0|   16|          0|
    |ap_return_109_int_reg  |  16|   0|   16|          0|
    |ap_return_10_int_reg   |  16|   0|   16|          0|
    |ap_return_110_int_reg  |  16|   0|   16|          0|
    |ap_return_111_int_reg  |  16|   0|   16|          0|
    |ap_return_112_int_reg  |  16|   0|   16|          0|
    |ap_return_113_int_reg  |  16|   0|   16|          0|
    |ap_return_114_int_reg  |  16|   0|   16|          0|
    |ap_return_115_int_reg  |  16|   0|   16|          0|
    |ap_return_116_int_reg  |  16|   0|   16|          0|
    |ap_return_117_int_reg  |  16|   0|   16|          0|
    |ap_return_118_int_reg  |  16|   0|   16|          0|
    |ap_return_119_int_reg  |  16|   0|   16|          0|
    |ap_return_11_int_reg   |  16|   0|   16|          0|
    |ap_return_12_int_reg   |  16|   0|   16|          0|
    |ap_return_13_int_reg   |  16|   0|   16|          0|
    |ap_return_14_int_reg   |  16|   0|   16|          0|
    |ap_return_15_int_reg   |  16|   0|   16|          0|
    |ap_return_16_int_reg   |  16|   0|   16|          0|
    |ap_return_17_int_reg   |  16|   0|   16|          0|
    |ap_return_18_int_reg   |  16|   0|   16|          0|
    |ap_return_19_int_reg   |  16|   0|   16|          0|
    |ap_return_1_int_reg    |  16|   0|   16|          0|
    |ap_return_20_int_reg   |  16|   0|   16|          0|
    |ap_return_21_int_reg   |  16|   0|   16|          0|
    |ap_return_22_int_reg   |  16|   0|   16|          0|
    |ap_return_23_int_reg   |  16|   0|   16|          0|
    |ap_return_24_int_reg   |  16|   0|   16|          0|
    |ap_return_25_int_reg   |  16|   0|   16|          0|
    |ap_return_26_int_reg   |  16|   0|   16|          0|
    |ap_return_27_int_reg   |  16|   0|   16|          0|
    |ap_return_28_int_reg   |  16|   0|   16|          0|
    |ap_return_29_int_reg   |  16|   0|   16|          0|
    |ap_return_2_int_reg    |  16|   0|   16|          0|
    |ap_return_30_int_reg   |  16|   0|   16|          0|
    |ap_return_31_int_reg   |  16|   0|   16|          0|
    |ap_return_32_int_reg   |  16|   0|   16|          0|
    |ap_return_33_int_reg   |  16|   0|   16|          0|
    |ap_return_34_int_reg   |  16|   0|   16|          0|
    |ap_return_35_int_reg   |  16|   0|   16|          0|
    |ap_return_36_int_reg   |  16|   0|   16|          0|
    |ap_return_37_int_reg   |  16|   0|   16|          0|
    |ap_return_38_int_reg   |  16|   0|   16|          0|
    |ap_return_39_int_reg   |  16|   0|   16|          0|
    |ap_return_3_int_reg    |  16|   0|   16|          0|
    |ap_return_40_int_reg   |  16|   0|   16|          0|
    |ap_return_41_int_reg   |  16|   0|   16|          0|
    |ap_return_42_int_reg   |  16|   0|   16|          0|
    |ap_return_43_int_reg   |  16|   0|   16|          0|
    |ap_return_44_int_reg   |  16|   0|   16|          0|
    |ap_return_45_int_reg   |  16|   0|   16|          0|
    |ap_return_46_int_reg   |  16|   0|   16|          0|
    |ap_return_47_int_reg   |  16|   0|   16|          0|
    |ap_return_48_int_reg   |  16|   0|   16|          0|
    |ap_return_49_int_reg   |  16|   0|   16|          0|
    |ap_return_4_int_reg    |  16|   0|   16|          0|
    |ap_return_50_int_reg   |  16|   0|   16|          0|
    |ap_return_51_int_reg   |  16|   0|   16|          0|
    |ap_return_52_int_reg   |  16|   0|   16|          0|
    |ap_return_53_int_reg   |  16|   0|   16|          0|
    |ap_return_54_int_reg   |  16|   0|   16|          0|
    |ap_return_55_int_reg   |  16|   0|   16|          0|
    |ap_return_56_int_reg   |  16|   0|   16|          0|
    |ap_return_57_int_reg   |  16|   0|   16|          0|
    |ap_return_58_int_reg   |  16|   0|   16|          0|
    |ap_return_59_int_reg   |  16|   0|   16|          0|
    |ap_return_5_int_reg    |  16|   0|   16|          0|
    |ap_return_60_int_reg   |  16|   0|   16|          0|
    |ap_return_61_int_reg   |  16|   0|   16|          0|
    |ap_return_62_int_reg   |  16|   0|   16|          0|
    |ap_return_63_int_reg   |  16|   0|   16|          0|
    |ap_return_64_int_reg   |  16|   0|   16|          0|
    |ap_return_65_int_reg   |  16|   0|   16|          0|
    |ap_return_66_int_reg   |  16|   0|   16|          0|
    |ap_return_67_int_reg   |  16|   0|   16|          0|
    |ap_return_68_int_reg   |  16|   0|   16|          0|
    |ap_return_69_int_reg   |  16|   0|   16|          0|
    |ap_return_6_int_reg    |  16|   0|   16|          0|
    |ap_return_70_int_reg   |  16|   0|   16|          0|
    |ap_return_71_int_reg   |  16|   0|   16|          0|
    |ap_return_72_int_reg   |  16|   0|   16|          0|
    |ap_return_73_int_reg   |  16|   0|   16|          0|
    |ap_return_74_int_reg   |  16|   0|   16|          0|
    |ap_return_75_int_reg   |  16|   0|   16|          0|
    |ap_return_76_int_reg   |  16|   0|   16|          0|
    |ap_return_77_int_reg   |  16|   0|   16|          0|
    |ap_return_78_int_reg   |  16|   0|   16|          0|
    |ap_return_79_int_reg   |  16|   0|   16|          0|
    |ap_return_7_int_reg    |  16|   0|   16|          0|
    |ap_return_80_int_reg   |  16|   0|   16|          0|
    |ap_return_81_int_reg   |  16|   0|   16|          0|
    |ap_return_82_int_reg   |  16|   0|   16|          0|
    |ap_return_83_int_reg   |  16|   0|   16|          0|
    |ap_return_84_int_reg   |  16|   0|   16|          0|
    |ap_return_85_int_reg   |  16|   0|   16|          0|
    |ap_return_86_int_reg   |  16|   0|   16|          0|
    |ap_return_87_int_reg   |  16|   0|   16|          0|
    |ap_return_88_int_reg   |  16|   0|   16|          0|
    |ap_return_89_int_reg   |  16|   0|   16|          0|
    |ap_return_8_int_reg    |  16|   0|   16|          0|
    |ap_return_90_int_reg   |  16|   0|   16|          0|
    |ap_return_91_int_reg   |  16|   0|   16|          0|
    |ap_return_92_int_reg   |  16|   0|   16|          0|
    |ap_return_93_int_reg   |  16|   0|   16|          0|
    |ap_return_94_int_reg   |  16|   0|   16|          0|
    |ap_return_95_int_reg   |  16|   0|   16|          0|
    |ap_return_96_int_reg   |  16|   0|   16|          0|
    |ap_return_97_int_reg   |  16|   0|   16|          0|
    |ap_return_98_int_reg   |  16|   0|   16|          0|
    |ap_return_99_int_reg   |  16|   0|   16|          0|
    |ap_return_9_int_reg    |  16|   0|   16|          0|
    +-----------------------+----+----+-----+-----------+
    |Total                  |1921|   0| 1921|          0|
    +-----------------------+----+----+-----+-----------+



================================================================
== Interface
================================================================
* Summary: 
+-------------------+-----+-----+------------+--------------------------------------------------------------------------+--------------+
|     RTL Ports     | Dir | Bits|  Protocol  |                               Source Object                              |    C Type    |
+-------------------+-----+-----+------------+--------------------------------------------------------------------------+--------------+
|ap_clk             |   in|    1|  ap_ctrl_hs|  qk_v_einsum<ap_fixed<16, 6, 5, 3, 0>, ap_fixed<16, 6, 5, 3, 0>, config4>|  return value|
|ap_rst             |   in|    1|  ap_ctrl_hs|  qk_v_einsum<ap_fixed<16, 6, 5, 3, 0>, ap_fixed<16, 6, 5, 3, 0>, config4>|  return value|
|ap_return_0        |  out|   16|  ap_ctrl_hs|  qk_v_einsum<ap_fixed<16, 6, 5, 3, 0>, ap_fixed<16, 6, 5, 3, 0>, config4>|  return value|
|ap_return_1        |  out|   16|  ap_ctrl_hs|  qk_v_einsum<ap_fixed<16, 6, 5, 3, 0>, ap_fixed<16, 6, 5, 3, 0>, config4>|  return value|
|ap_return_2        |  out|   16|  ap_ctrl_hs|  qk_v_einsum<ap_fixed<16, 6, 5, 3, 0>, ap_fixed<16, 6, 5, 3, 0>, config4>|  return value|
|ap_return_3        |  out|   16|  ap_ctrl_hs|  qk_v_einsum<ap_fixed<16, 6, 5, 3, 0>, ap_fixed<16, 6, 5, 3, 0>, config4>|  return value|
|ap_return_4        |  out|   16|  ap_ctrl_hs|  qk_v_einsum<ap_fixed<16, 6, 5, 3, 0>, ap_fixed<16, 6, 5, 3, 0>, config4>|  return value|
|ap_return_5        |  out|   16|  ap_ctrl_hs|  qk_v_einsum<ap_fixed<16, 6, 5, 3, 0>, ap_fixed<16, 6, 5, 3, 0>, config4>|  return value|
|ap_return_6        |  out|   16|  ap_ctrl_hs|  qk_v_einsum<ap_fixed<16, 6, 5, 3, 0>, ap_fixed<16, 6, 5, 3, 0>, config4>|  return value|
|ap_return_7        |  out|   16|  ap_ctrl_hs|  qk_v_einsum<ap_fixed<16, 6, 5, 3, 0>, ap_fixed<16, 6, 5, 3, 0>, config4>|  return value|
|ap_return_8        |  out|   16|  ap_ctrl_hs|  qk_v_einsum<ap_fixed<16, 6, 5, 3, 0>, ap_fixed<16, 6, 5, 3, 0>, config4>|  return value|
|ap_return_9        |  out|   16|  ap_ctrl_hs|  qk_v_einsum<ap_fixed<16, 6, 5, 3, 0>, ap_fixed<16, 6, 5, 3, 0>, config4>|  return value|
|ap_return_10       |  out|   16|  ap_ctrl_hs|  qk_v_einsum<ap_fixed<16, 6, 5, 3, 0>, ap_fixed<16, 6, 5, 3, 0>, config4>|  return value|
|ap_return_11       |  out|   16|  ap_ctrl_hs|  qk_v_einsum<ap_fixed<16, 6, 5, 3, 0>, ap_fixed<16, 6, 5, 3, 0>, config4>|  return value|
|ap_return_12       |  out|   16|  ap_ctrl_hs|  qk_v_einsum<ap_fixed<16, 6, 5, 3, 0>, ap_fixed<16, 6, 5, 3, 0>, config4>|  return value|
|ap_return_13       |  out|   16|  ap_ctrl_hs|  qk_v_einsum<ap_fixed<16, 6, 5, 3, 0>, ap_fixed<16, 6, 5, 3, 0>, config4>|  return value|
|ap_return_14       |  out|   16|  ap_ctrl_hs|  qk_v_einsum<ap_fixed<16, 6, 5, 3, 0>, ap_fixed<16, 6, 5, 3, 0>, config4>|  return value|
|ap_return_15       |  out|   16|  ap_ctrl_hs|  qk_v_einsum<ap_fixed<16, 6, 5, 3, 0>, ap_fixed<16, 6, 5, 3, 0>, config4>|  return value|
|ap_return_16       |  out|   16|  ap_ctrl_hs|  qk_v_einsum<ap_fixed<16, 6, 5, 3, 0>, ap_fixed<16, 6, 5, 3, 0>, config4>|  return value|
|ap_return_17       |  out|   16|  ap_ctrl_hs|  qk_v_einsum<ap_fixed<16, 6, 5, 3, 0>, ap_fixed<16, 6, 5, 3, 0>, config4>|  return value|
|ap_return_18       |  out|   16|  ap_ctrl_hs|  qk_v_einsum<ap_fixed<16, 6, 5, 3, 0>, ap_fixed<16, 6, 5, 3, 0>, config4>|  return value|
|ap_return_19       |  out|   16|  ap_ctrl_hs|  qk_v_einsum<ap_fixed<16, 6, 5, 3, 0>, ap_fixed<16, 6, 5, 3, 0>, config4>|  return value|
|ap_return_20       |  out|   16|  ap_ctrl_hs|  qk_v_einsum<ap_fixed<16, 6, 5, 3, 0>, ap_fixed<16, 6, 5, 3, 0>, config4>|  return value|
|ap_return_21       |  out|   16|  ap_ctrl_hs|  qk_v_einsum<ap_fixed<16, 6, 5, 3, 0>, ap_fixed<16, 6, 5, 3, 0>, config4>|  return value|
|ap_return_22       |  out|   16|  ap_ctrl_hs|  qk_v_einsum<ap_fixed<16, 6, 5, 3, 0>, ap_fixed<16, 6, 5, 3, 0>, config4>|  return value|
|ap_return_23       |  out|   16|  ap_ctrl_hs|  qk_v_einsum<ap_fixed<16, 6, 5, 3, 0>, ap_fixed<16, 6, 5, 3, 0>, config4>|  return value|
|ap_return_24       |  out|   16|  ap_ctrl_hs|  qk_v_einsum<ap_fixed<16, 6, 5, 3, 0>, ap_fixed<16, 6, 5, 3, 0>, config4>|  return value|
|ap_return_25       |  out|   16|  ap_ctrl_hs|  qk_v_einsum<ap_fixed<16, 6, 5, 3, 0>, ap_fixed<16, 6, 5, 3, 0>, config4>|  return value|
|ap_return_26       |  out|   16|  ap_ctrl_hs|  qk_v_einsum<ap_fixed<16, 6, 5, 3, 0>, ap_fixed<16, 6, 5, 3, 0>, config4>|  return value|
|ap_return_27       |  out|   16|  ap_ctrl_hs|  qk_v_einsum<ap_fixed<16, 6, 5, 3, 0>, ap_fixed<16, 6, 5, 3, 0>, config4>|  return value|
|ap_return_28       |  out|   16|  ap_ctrl_hs|  qk_v_einsum<ap_fixed<16, 6, 5, 3, 0>, ap_fixed<16, 6, 5, 3, 0>, config4>|  return value|
|ap_return_29       |  out|   16|  ap_ctrl_hs|  qk_v_einsum<ap_fixed<16, 6, 5, 3, 0>, ap_fixed<16, 6, 5, 3, 0>, config4>|  return value|
|ap_return_30       |  out|   16|  ap_ctrl_hs|  qk_v_einsum<ap_fixed<16, 6, 5, 3, 0>, ap_fixed<16, 6, 5, 3, 0>, config4>|  return value|
|ap_return_31       |  out|   16|  ap_ctrl_hs|  qk_v_einsum<ap_fixed<16, 6, 5, 3, 0>, ap_fixed<16, 6, 5, 3, 0>, config4>|  return value|
|ap_return_32       |  out|   16|  ap_ctrl_hs|  qk_v_einsum<ap_fixed<16, 6, 5, 3, 0>, ap_fixed<16, 6, 5, 3, 0>, config4>|  return value|
|ap_return_33       |  out|   16|  ap_ctrl_hs|  qk_v_einsum<ap_fixed<16, 6, 5, 3, 0>, ap_fixed<16, 6, 5, 3, 0>, config4>|  return value|
|ap_return_34       |  out|   16|  ap_ctrl_hs|  qk_v_einsum<ap_fixed<16, 6, 5, 3, 0>, ap_fixed<16, 6, 5, 3, 0>, config4>|  return value|
|ap_return_35       |  out|   16|  ap_ctrl_hs|  qk_v_einsum<ap_fixed<16, 6, 5, 3, 0>, ap_fixed<16, 6, 5, 3, 0>, config4>|  return value|
|ap_return_36       |  out|   16|  ap_ctrl_hs|  qk_v_einsum<ap_fixed<16, 6, 5, 3, 0>, ap_fixed<16, 6, 5, 3, 0>, config4>|  return value|
|ap_return_37       |  out|   16|  ap_ctrl_hs|  qk_v_einsum<ap_fixed<16, 6, 5, 3, 0>, ap_fixed<16, 6, 5, 3, 0>, config4>|  return value|
|ap_return_38       |  out|   16|  ap_ctrl_hs|  qk_v_einsum<ap_fixed<16, 6, 5, 3, 0>, ap_fixed<16, 6, 5, 3, 0>, config4>|  return value|
|ap_return_39       |  out|   16|  ap_ctrl_hs|  qk_v_einsum<ap_fixed<16, 6, 5, 3, 0>, ap_fixed<16, 6, 5, 3, 0>, config4>|  return value|
|ap_return_40       |  out|   16|  ap_ctrl_hs|  qk_v_einsum<ap_fixed<16, 6, 5, 3, 0>, ap_fixed<16, 6, 5, 3, 0>, config4>|  return value|
|ap_return_41       |  out|   16|  ap_ctrl_hs|  qk_v_einsum<ap_fixed<16, 6, 5, 3, 0>, ap_fixed<16, 6, 5, 3, 0>, config4>|  return value|
|ap_return_42       |  out|   16|  ap_ctrl_hs|  qk_v_einsum<ap_fixed<16, 6, 5, 3, 0>, ap_fixed<16, 6, 5, 3, 0>, config4>|  return value|
|ap_return_43       |  out|   16|  ap_ctrl_hs|  qk_v_einsum<ap_fixed<16, 6, 5, 3, 0>, ap_fixed<16, 6, 5, 3, 0>, config4>|  return value|
|ap_return_44       |  out|   16|  ap_ctrl_hs|  qk_v_einsum<ap_fixed<16, 6, 5, 3, 0>, ap_fixed<16, 6, 5, 3, 0>, config4>|  return value|
|ap_return_45       |  out|   16|  ap_ctrl_hs|  qk_v_einsum<ap_fixed<16, 6, 5, 3, 0>, ap_fixed<16, 6, 5, 3, 0>, config4>|  return value|
|ap_return_46       |  out|   16|  ap_ctrl_hs|  qk_v_einsum<ap_fixed<16, 6, 5, 3, 0>, ap_fixed<16, 6, 5, 3, 0>, config4>|  return value|
|ap_return_47       |  out|   16|  ap_ctrl_hs|  qk_v_einsum<ap_fixed<16, 6, 5, 3, 0>, ap_fixed<16, 6, 5, 3, 0>, config4>|  return value|
|ap_return_48       |  out|   16|  ap_ctrl_hs|  qk_v_einsum<ap_fixed<16, 6, 5, 3, 0>, ap_fixed<16, 6, 5, 3, 0>, config4>|  return value|
|ap_return_49       |  out|   16|  ap_ctrl_hs|  qk_v_einsum<ap_fixed<16, 6, 5, 3, 0>, ap_fixed<16, 6, 5, 3, 0>, config4>|  return value|
|ap_return_50       |  out|   16|  ap_ctrl_hs|  qk_v_einsum<ap_fixed<16, 6, 5, 3, 0>, ap_fixed<16, 6, 5, 3, 0>, config4>|  return value|
|ap_return_51       |  out|   16|  ap_ctrl_hs|  qk_v_einsum<ap_fixed<16, 6, 5, 3, 0>, ap_fixed<16, 6, 5, 3, 0>, config4>|  return value|
|ap_return_52       |  out|   16|  ap_ctrl_hs|  qk_v_einsum<ap_fixed<16, 6, 5, 3, 0>, ap_fixed<16, 6, 5, 3, 0>, config4>|  return value|
|ap_return_53       |  out|   16|  ap_ctrl_hs|  qk_v_einsum<ap_fixed<16, 6, 5, 3, 0>, ap_fixed<16, 6, 5, 3, 0>, config4>|  return value|
|ap_return_54       |  out|   16|  ap_ctrl_hs|  qk_v_einsum<ap_fixed<16, 6, 5, 3, 0>, ap_fixed<16, 6, 5, 3, 0>, config4>|  return value|
|ap_return_55       |  out|   16|  ap_ctrl_hs|  qk_v_einsum<ap_fixed<16, 6, 5, 3, 0>, ap_fixed<16, 6, 5, 3, 0>, config4>|  return value|
|ap_return_56       |  out|   16|  ap_ctrl_hs|  qk_v_einsum<ap_fixed<16, 6, 5, 3, 0>, ap_fixed<16, 6, 5, 3, 0>, config4>|  return value|
|ap_return_57       |  out|   16|  ap_ctrl_hs|  qk_v_einsum<ap_fixed<16, 6, 5, 3, 0>, ap_fixed<16, 6, 5, 3, 0>, config4>|  return value|
|ap_return_58       |  out|   16|  ap_ctrl_hs|  qk_v_einsum<ap_fixed<16, 6, 5, 3, 0>, ap_fixed<16, 6, 5, 3, 0>, config4>|  return value|
|ap_return_59       |  out|   16|  ap_ctrl_hs|  qk_v_einsum<ap_fixed<16, 6, 5, 3, 0>, ap_fixed<16, 6, 5, 3, 0>, config4>|  return value|
|ap_return_60       |  out|   16|  ap_ctrl_hs|  qk_v_einsum<ap_fixed<16, 6, 5, 3, 0>, ap_fixed<16, 6, 5, 3, 0>, config4>|  return value|
|ap_return_61       |  out|   16|  ap_ctrl_hs|  qk_v_einsum<ap_fixed<16, 6, 5, 3, 0>, ap_fixed<16, 6, 5, 3, 0>, config4>|  return value|
|ap_return_62       |  out|   16|  ap_ctrl_hs|  qk_v_einsum<ap_fixed<16, 6, 5, 3, 0>, ap_fixed<16, 6, 5, 3, 0>, config4>|  return value|
|ap_return_63       |  out|   16|  ap_ctrl_hs|  qk_v_einsum<ap_fixed<16, 6, 5, 3, 0>, ap_fixed<16, 6, 5, 3, 0>, config4>|  return value|
|ap_return_64       |  out|   16|  ap_ctrl_hs|  qk_v_einsum<ap_fixed<16, 6, 5, 3, 0>, ap_fixed<16, 6, 5, 3, 0>, config4>|  return value|
|ap_return_65       |  out|   16|  ap_ctrl_hs|  qk_v_einsum<ap_fixed<16, 6, 5, 3, 0>, ap_fixed<16, 6, 5, 3, 0>, config4>|  return value|
|ap_return_66       |  out|   16|  ap_ctrl_hs|  qk_v_einsum<ap_fixed<16, 6, 5, 3, 0>, ap_fixed<16, 6, 5, 3, 0>, config4>|  return value|
|ap_return_67       |  out|   16|  ap_ctrl_hs|  qk_v_einsum<ap_fixed<16, 6, 5, 3, 0>, ap_fixed<16, 6, 5, 3, 0>, config4>|  return value|
|ap_return_68       |  out|   16|  ap_ctrl_hs|  qk_v_einsum<ap_fixed<16, 6, 5, 3, 0>, ap_fixed<16, 6, 5, 3, 0>, config4>|  return value|
|ap_return_69       |  out|   16|  ap_ctrl_hs|  qk_v_einsum<ap_fixed<16, 6, 5, 3, 0>, ap_fixed<16, 6, 5, 3, 0>, config4>|  return value|
|ap_return_70       |  out|   16|  ap_ctrl_hs|  qk_v_einsum<ap_fixed<16, 6, 5, 3, 0>, ap_fixed<16, 6, 5, 3, 0>, config4>|  return value|
|ap_return_71       |  out|   16|  ap_ctrl_hs|  qk_v_einsum<ap_fixed<16, 6, 5, 3, 0>, ap_fixed<16, 6, 5, 3, 0>, config4>|  return value|
|ap_return_72       |  out|   16|  ap_ctrl_hs|  qk_v_einsum<ap_fixed<16, 6, 5, 3, 0>, ap_fixed<16, 6, 5, 3, 0>, config4>|  return value|
|ap_return_73       |  out|   16|  ap_ctrl_hs|  qk_v_einsum<ap_fixed<16, 6, 5, 3, 0>, ap_fixed<16, 6, 5, 3, 0>, config4>|  return value|
|ap_return_74       |  out|   16|  ap_ctrl_hs|  qk_v_einsum<ap_fixed<16, 6, 5, 3, 0>, ap_fixed<16, 6, 5, 3, 0>, config4>|  return value|
|ap_return_75       |  out|   16|  ap_ctrl_hs|  qk_v_einsum<ap_fixed<16, 6, 5, 3, 0>, ap_fixed<16, 6, 5, 3, 0>, config4>|  return value|
|ap_return_76       |  out|   16|  ap_ctrl_hs|  qk_v_einsum<ap_fixed<16, 6, 5, 3, 0>, ap_fixed<16, 6, 5, 3, 0>, config4>|  return value|
|ap_return_77       |  out|   16|  ap_ctrl_hs|  qk_v_einsum<ap_fixed<16, 6, 5, 3, 0>, ap_fixed<16, 6, 5, 3, 0>, config4>|  return value|
|ap_return_78       |  out|   16|  ap_ctrl_hs|  qk_v_einsum<ap_fixed<16, 6, 5, 3, 0>, ap_fixed<16, 6, 5, 3, 0>, config4>|  return value|
|ap_return_79       |  out|   16|  ap_ctrl_hs|  qk_v_einsum<ap_fixed<16, 6, 5, 3, 0>, ap_fixed<16, 6, 5, 3, 0>, config4>|  return value|
|ap_return_80       |  out|   16|  ap_ctrl_hs|  qk_v_einsum<ap_fixed<16, 6, 5, 3, 0>, ap_fixed<16, 6, 5, 3, 0>, config4>|  return value|
|ap_return_81       |  out|   16|  ap_ctrl_hs|  qk_v_einsum<ap_fixed<16, 6, 5, 3, 0>, ap_fixed<16, 6, 5, 3, 0>, config4>|  return value|
|ap_return_82       |  out|   16|  ap_ctrl_hs|  qk_v_einsum<ap_fixed<16, 6, 5, 3, 0>, ap_fixed<16, 6, 5, 3, 0>, config4>|  return value|
|ap_return_83       |  out|   16|  ap_ctrl_hs|  qk_v_einsum<ap_fixed<16, 6, 5, 3, 0>, ap_fixed<16, 6, 5, 3, 0>, config4>|  return value|
|ap_return_84       |  out|   16|  ap_ctrl_hs|  qk_v_einsum<ap_fixed<16, 6, 5, 3, 0>, ap_fixed<16, 6, 5, 3, 0>, config4>|  return value|
|ap_return_85       |  out|   16|  ap_ctrl_hs|  qk_v_einsum<ap_fixed<16, 6, 5, 3, 0>, ap_fixed<16, 6, 5, 3, 0>, config4>|  return value|
|ap_return_86       |  out|   16|  ap_ctrl_hs|  qk_v_einsum<ap_fixed<16, 6, 5, 3, 0>, ap_fixed<16, 6, 5, 3, 0>, config4>|  return value|
|ap_return_87       |  out|   16|  ap_ctrl_hs|  qk_v_einsum<ap_fixed<16, 6, 5, 3, 0>, ap_fixed<16, 6, 5, 3, 0>, config4>|  return value|
|ap_return_88       |  out|   16|  ap_ctrl_hs|  qk_v_einsum<ap_fixed<16, 6, 5, 3, 0>, ap_fixed<16, 6, 5, 3, 0>, config4>|  return value|
|ap_return_89       |  out|   16|  ap_ctrl_hs|  qk_v_einsum<ap_fixed<16, 6, 5, 3, 0>, ap_fixed<16, 6, 5, 3, 0>, config4>|  return value|
|ap_return_90       |  out|   16|  ap_ctrl_hs|  qk_v_einsum<ap_fixed<16, 6, 5, 3, 0>, ap_fixed<16, 6, 5, 3, 0>, config4>|  return value|
|ap_return_91       |  out|   16|  ap_ctrl_hs|  qk_v_einsum<ap_fixed<16, 6, 5, 3, 0>, ap_fixed<16, 6, 5, 3, 0>, config4>|  return value|
|ap_return_92       |  out|   16|  ap_ctrl_hs|  qk_v_einsum<ap_fixed<16, 6, 5, 3, 0>, ap_fixed<16, 6, 5, 3, 0>, config4>|  return value|
|ap_return_93       |  out|   16|  ap_ctrl_hs|  qk_v_einsum<ap_fixed<16, 6, 5, 3, 0>, ap_fixed<16, 6, 5, 3, 0>, config4>|  return value|
|ap_return_94       |  out|   16|  ap_ctrl_hs|  qk_v_einsum<ap_fixed<16, 6, 5, 3, 0>, ap_fixed<16, 6, 5, 3, 0>, config4>|  return value|
|ap_return_95       |  out|   16|  ap_ctrl_hs|  qk_v_einsum<ap_fixed<16, 6, 5, 3, 0>, ap_fixed<16, 6, 5, 3, 0>, config4>|  return value|
|ap_return_96       |  out|   16|  ap_ctrl_hs|  qk_v_einsum<ap_fixed<16, 6, 5, 3, 0>, ap_fixed<16, 6, 5, 3, 0>, config4>|  return value|
|ap_return_97       |  out|   16|  ap_ctrl_hs|  qk_v_einsum<ap_fixed<16, 6, 5, 3, 0>, ap_fixed<16, 6, 5, 3, 0>, config4>|  return value|
|ap_return_98       |  out|   16|  ap_ctrl_hs|  qk_v_einsum<ap_fixed<16, 6, 5, 3, 0>, ap_fixed<16, 6, 5, 3, 0>, config4>|  return value|
|ap_return_99       |  out|   16|  ap_ctrl_hs|  qk_v_einsum<ap_fixed<16, 6, 5, 3, 0>, ap_fixed<16, 6, 5, 3, 0>, config4>|  return value|
|ap_return_100      |  out|   16|  ap_ctrl_hs|  qk_v_einsum<ap_fixed<16, 6, 5, 3, 0>, ap_fixed<16, 6, 5, 3, 0>, config4>|  return value|
|ap_return_101      |  out|   16|  ap_ctrl_hs|  qk_v_einsum<ap_fixed<16, 6, 5, 3, 0>, ap_fixed<16, 6, 5, 3, 0>, config4>|  return value|
|ap_return_102      |  out|   16|  ap_ctrl_hs|  qk_v_einsum<ap_fixed<16, 6, 5, 3, 0>, ap_fixed<16, 6, 5, 3, 0>, config4>|  return value|
|ap_return_103      |  out|   16|  ap_ctrl_hs|  qk_v_einsum<ap_fixed<16, 6, 5, 3, 0>, ap_fixed<16, 6, 5, 3, 0>, config4>|  return value|
|ap_return_104      |  out|   16|  ap_ctrl_hs|  qk_v_einsum<ap_fixed<16, 6, 5, 3, 0>, ap_fixed<16, 6, 5, 3, 0>, config4>|  return value|
|ap_return_105      |  out|   16|  ap_ctrl_hs|  qk_v_einsum<ap_fixed<16, 6, 5, 3, 0>, ap_fixed<16, 6, 5, 3, 0>, config4>|  return value|
|ap_return_106      |  out|   16|  ap_ctrl_hs|  qk_v_einsum<ap_fixed<16, 6, 5, 3, 0>, ap_fixed<16, 6, 5, 3, 0>, config4>|  return value|
|ap_return_107      |  out|   16|  ap_ctrl_hs|  qk_v_einsum<ap_fixed<16, 6, 5, 3, 0>, ap_fixed<16, 6, 5, 3, 0>, config4>|  return value|
|ap_return_108      |  out|   16|  ap_ctrl_hs|  qk_v_einsum<ap_fixed<16, 6, 5, 3, 0>, ap_fixed<16, 6, 5, 3, 0>, config4>|  return value|
|ap_return_109      |  out|   16|  ap_ctrl_hs|  qk_v_einsum<ap_fixed<16, 6, 5, 3, 0>, ap_fixed<16, 6, 5, 3, 0>, config4>|  return value|
|ap_return_110      |  out|   16|  ap_ctrl_hs|  qk_v_einsum<ap_fixed<16, 6, 5, 3, 0>, ap_fixed<16, 6, 5, 3, 0>, config4>|  return value|
|ap_return_111      |  out|   16|  ap_ctrl_hs|  qk_v_einsum<ap_fixed<16, 6, 5, 3, 0>, ap_fixed<16, 6, 5, 3, 0>, config4>|  return value|
|ap_return_112      |  out|   16|  ap_ctrl_hs|  qk_v_einsum<ap_fixed<16, 6, 5, 3, 0>, ap_fixed<16, 6, 5, 3, 0>, config4>|  return value|
|ap_return_113      |  out|   16|  ap_ctrl_hs|  qk_v_einsum<ap_fixed<16, 6, 5, 3, 0>, ap_fixed<16, 6, 5, 3, 0>, config4>|  return value|
|ap_return_114      |  out|   16|  ap_ctrl_hs|  qk_v_einsum<ap_fixed<16, 6, 5, 3, 0>, ap_fixed<16, 6, 5, 3, 0>, config4>|  return value|
|ap_return_115      |  out|   16|  ap_ctrl_hs|  qk_v_einsum<ap_fixed<16, 6, 5, 3, 0>, ap_fixed<16, 6, 5, 3, 0>, config4>|  return value|
|ap_return_116      |  out|   16|  ap_ctrl_hs|  qk_v_einsum<ap_fixed<16, 6, 5, 3, 0>, ap_fixed<16, 6, 5, 3, 0>, config4>|  return value|
|ap_return_117      |  out|   16|  ap_ctrl_hs|  qk_v_einsum<ap_fixed<16, 6, 5, 3, 0>, ap_fixed<16, 6, 5, 3, 0>, config4>|  return value|
|ap_return_118      |  out|   16|  ap_ctrl_hs|  qk_v_einsum<ap_fixed<16, 6, 5, 3, 0>, ap_fixed<16, 6, 5, 3, 0>, config4>|  return value|
|ap_return_119      |  out|   16|  ap_ctrl_hs|  qk_v_einsum<ap_fixed<16, 6, 5, 3, 0>, ap_fixed<16, 6, 5, 3, 0>, config4>|  return value|
|ap_ce              |   in|    1|  ap_ctrl_hs|  qk_v_einsum<ap_fixed<16, 6, 5, 3, 0>, ap_fixed<16, 6, 5, 3, 0>, config4>|  return value|
|qk_0_val11         |   in|   16|     ap_none|                                                                qk_0_val11|        scalar|
|qk_1_val21         |   in|   16|     ap_none|                                                                qk_1_val21|        scalar|
|qk_2_val31         |   in|   16|     ap_none|                                                                qk_2_val31|        scalar|
|qk_3_val41         |   in|   16|     ap_none|                                                                qk_3_val41|        scalar|
|qk_4_val51         |   in|   16|     ap_none|                                                                qk_4_val51|        scalar|
|qk_5_val61         |   in|   16|     ap_none|                                                                qk_5_val61|        scalar|
|qk_6_val71         |   in|   16|     ap_none|                                                                qk_6_val71|        scalar|
|qk_7_val81         |   in|   16|     ap_none|                                                                qk_7_val81|        scalar|
|qk_8_val91         |   in|   16|     ap_none|                                                                qk_8_val91|        scalar|
|qk_9_val101        |   in|   16|     ap_none|                                                               qk_9_val101|        scalar|
|qk_10_val111       |   in|   16|     ap_none|                                                              qk_10_val111|        scalar|
|qk_11_val121       |   in|   16|     ap_none|                                                              qk_11_val121|        scalar|
|qk_12_val131       |   in|   16|     ap_none|                                                              qk_12_val131|        scalar|
|qk_13_val141       |   in|   16|     ap_none|                                                              qk_13_val141|        scalar|
|qk_14_val151       |   in|   16|     ap_none|                                                              qk_14_val151|        scalar|
|qk_15_val161       |   in|   16|     ap_none|                                                              qk_15_val161|        scalar|
|qk_16_val171       |   in|   16|     ap_none|                                                              qk_16_val171|        scalar|
|qk_17_val181       |   in|   16|     ap_none|                                                              qk_17_val181|        scalar|
|qk_18_val191       |   in|   16|     ap_none|                                                              qk_18_val191|        scalar|
|qk_19_val201       |   in|   16|     ap_none|                                                              qk_19_val201|        scalar|
|qk_20_val211       |   in|   16|     ap_none|                                                              qk_20_val211|        scalar|
|qk_21_val221       |   in|   16|     ap_none|                                                              qk_21_val221|        scalar|
|qk_22_val231       |   in|   16|     ap_none|                                                              qk_22_val231|        scalar|
|qk_23_val241       |   in|   16|     ap_none|                                                              qk_23_val241|        scalar|
|qk_24_val251       |   in|   16|     ap_none|                                                              qk_24_val251|        scalar|
|qk_25_val262       |   in|   16|     ap_none|                                                              qk_25_val262|        scalar|
|qk_26_val272       |   in|   16|     ap_none|                                                              qk_26_val272|        scalar|
|qk_27_val282       |   in|   16|     ap_none|                                                              qk_27_val282|        scalar|
|qk_28_val292       |   in|   16|     ap_none|                                                              qk_28_val292|        scalar|
|qk_29_val302       |   in|   16|     ap_none|                                                              qk_29_val302|        scalar|
|qk_30_val312       |   in|   16|     ap_none|                                                              qk_30_val312|        scalar|
|qk_31_val322       |   in|   16|     ap_none|                                                              qk_31_val322|        scalar|
|qk_32_val332       |   in|   16|     ap_none|                                                              qk_32_val332|        scalar|
|qk_33_val342       |   in|   16|     ap_none|                                                              qk_33_val342|        scalar|
|qk_34_val352       |   in|   16|     ap_none|                                                              qk_34_val352|        scalar|
|qk_35_val362       |   in|   16|     ap_none|                                                              qk_35_val362|        scalar|
|qk_36_val372       |   in|   16|     ap_none|                                                              qk_36_val372|        scalar|
|qk_37_val382       |   in|   16|     ap_none|                                                              qk_37_val382|        scalar|
|qk_38_val392       |   in|   16|     ap_none|                                                              qk_38_val392|        scalar|
|qk_39_val402       |   in|   16|     ap_none|                                                              qk_39_val402|        scalar|
|qk_40_val412       |   in|   16|     ap_none|                                                              qk_40_val412|        scalar|
|qk_41_val422       |   in|   16|     ap_none|                                                              qk_41_val422|        scalar|
|qk_42_val432       |   in|   16|     ap_none|                                                              qk_42_val432|        scalar|
|qk_43_val442       |   in|   16|     ap_none|                                                              qk_43_val442|        scalar|
|qk_44_val452       |   in|   16|     ap_none|                                                              qk_44_val452|        scalar|
|qk_45_val462       |   in|   16|     ap_none|                                                              qk_45_val462|        scalar|
|qk_46_val472       |   in|   16|     ap_none|                                                              qk_46_val472|        scalar|
|qk_47_val482       |   in|   16|     ap_none|                                                              qk_47_val482|        scalar|
|qk_48_val492       |   in|   16|     ap_none|                                                              qk_48_val492|        scalar|
|qk_49_val502       |   in|   16|     ap_none|                                                              qk_49_val502|        scalar|
|qk_50_val512       |   in|   16|     ap_none|                                                              qk_50_val512|        scalar|
|qk_51_val523       |   in|   16|     ap_none|                                                              qk_51_val523|        scalar|
|qk_52_val533       |   in|   16|     ap_none|                                                              qk_52_val533|        scalar|
|qk_53_val543       |   in|   16|     ap_none|                                                              qk_53_val543|        scalar|
|qk_54_val553       |   in|   16|     ap_none|                                                              qk_54_val553|        scalar|
|qk_55_val563       |   in|   16|     ap_none|                                                              qk_55_val563|        scalar|
|qk_56_val573       |   in|   16|     ap_none|                                                              qk_56_val573|        scalar|
|qk_57_val583       |   in|   16|     ap_none|                                                              qk_57_val583|        scalar|
|qk_58_val593       |   in|   16|     ap_none|                                                              qk_58_val593|        scalar|
|qk_59_val603       |   in|   16|     ap_none|                                                              qk_59_val603|        scalar|
|qk_60_val613       |   in|   16|     ap_none|                                                              qk_60_val613|        scalar|
|qk_61_val623       |   in|   16|     ap_none|                                                              qk_61_val623|        scalar|
|qk_62_val633       |   in|   16|     ap_none|                                                              qk_62_val633|        scalar|
|qk_63_val643       |   in|   16|     ap_none|                                                              qk_63_val643|        scalar|
|qk_64_val653       |   in|   16|     ap_none|                                                              qk_64_val653|        scalar|
|qk_65_val663       |   in|   16|     ap_none|                                                              qk_65_val663|        scalar|
|qk_66_val673       |   in|   16|     ap_none|                                                              qk_66_val673|        scalar|
|qk_67_val683       |   in|   16|     ap_none|                                                              qk_67_val683|        scalar|
|qk_68_val693       |   in|   16|     ap_none|                                                              qk_68_val693|        scalar|
|qk_69_val703       |   in|   16|     ap_none|                                                              qk_69_val703|        scalar|
|qk_70_val713       |   in|   16|     ap_none|                                                              qk_70_val713|        scalar|
|qk_71_val723       |   in|   16|     ap_none|                                                              qk_71_val723|        scalar|
|qk_72_val733       |   in|   16|     ap_none|                                                              qk_72_val733|        scalar|
|qk_73_val743       |   in|   16|     ap_none|                                                              qk_73_val743|        scalar|
|qk_74_val753       |   in|   16|     ap_none|                                                              qk_74_val753|        scalar|
|qk_75_val763       |   in|   16|     ap_none|                                                              qk_75_val763|        scalar|
|qk_76_val773       |   in|   16|     ap_none|                                                              qk_76_val773|        scalar|
|qk_77_val784       |   in|   16|     ap_none|                                                              qk_77_val784|        scalar|
|qk_78_val794       |   in|   16|     ap_none|                                                              qk_78_val794|        scalar|
|qk_79_val804       |   in|   16|     ap_none|                                                              qk_79_val804|        scalar|
|qk_80_val814       |   in|   16|     ap_none|                                                              qk_80_val814|        scalar|
|qk_81_val824       |   in|   16|     ap_none|                                                              qk_81_val824|        scalar|
|qk_82_val834       |   in|   16|     ap_none|                                                              qk_82_val834|        scalar|
|qk_83_val844       |   in|   16|     ap_none|                                                              qk_83_val844|        scalar|
|qk_84_val854       |   in|   16|     ap_none|                                                              qk_84_val854|        scalar|
|qk_85_val864       |   in|   16|     ap_none|                                                              qk_85_val864|        scalar|
|qk_86_val874       |   in|   16|     ap_none|                                                              qk_86_val874|        scalar|
|qk_87_val884       |   in|   16|     ap_none|                                                              qk_87_val884|        scalar|
|qk_88_val894       |   in|   16|     ap_none|                                                              qk_88_val894|        scalar|
|qk_89_val904       |   in|   16|     ap_none|                                                              qk_89_val904|        scalar|
|qk_90_val914       |   in|   16|     ap_none|                                                              qk_90_val914|        scalar|
|qk_91_val924       |   in|   16|     ap_none|                                                              qk_91_val924|        scalar|
|qk_92_val934       |   in|   16|     ap_none|                                                              qk_92_val934|        scalar|
|qk_93_val944       |   in|   16|     ap_none|                                                              qk_93_val944|        scalar|
|qk_94_val954       |   in|   16|     ap_none|                                                              qk_94_val954|        scalar|
|qk_95_val964       |   in|   16|     ap_none|                                                              qk_95_val964|        scalar|
|qk_96_val974       |   in|   16|     ap_none|                                                              qk_96_val974|        scalar|
|qk_97_val984       |   in|   16|     ap_none|                                                              qk_97_val984|        scalar|
|qk_98_val994       |   in|   16|     ap_none|                                                              qk_98_val994|        scalar|
|qk_99_val1004      |   in|   16|     ap_none|                                                             qk_99_val1004|        scalar|
|value_0_val1014    |   in|   16|     ap_none|                                                           value_0_val1014|        scalar|
|value_1_val1024    |   in|   16|     ap_none|                                                           value_1_val1024|        scalar|
|value_2_val1034    |   in|   16|     ap_none|                                                           value_2_val1034|        scalar|
|value_3_val1044    |   in|   16|     ap_none|                                                           value_3_val1044|        scalar|
|value_4_val1054    |   in|   16|     ap_none|                                                           value_4_val1054|        scalar|
|value_5_val1064    |   in|   16|     ap_none|                                                           value_5_val1064|        scalar|
|value_6_val1074    |   in|   16|     ap_none|                                                           value_6_val1074|        scalar|
|value_7_val1084    |   in|   16|     ap_none|                                                           value_7_val1084|        scalar|
|value_8_val1094    |   in|   16|     ap_none|                                                           value_8_val1094|        scalar|
|value_9_val1104    |   in|   16|     ap_none|                                                           value_9_val1104|        scalar|
|value_10_val1114   |   in|   16|     ap_none|                                                          value_10_val1114|        scalar|
|value_11_val1124   |   in|   16|     ap_none|                                                          value_11_val1124|        scalar|
|value_12_val1134   |   in|   16|     ap_none|                                                          value_12_val1134|        scalar|
|value_13_val1144   |   in|   16|     ap_none|                                                          value_13_val1144|        scalar|
|value_14_val1154   |   in|   16|     ap_none|                                                          value_14_val1154|        scalar|
|value_15_val1164   |   in|   16|     ap_none|                                                          value_15_val1164|        scalar|
|value_16_val1174   |   in|   16|     ap_none|                                                          value_16_val1174|        scalar|
|value_17_val1184   |   in|   16|     ap_none|                                                          value_17_val1184|        scalar|
|value_18_val1194   |   in|   16|     ap_none|                                                          value_18_val1194|        scalar|
|value_19_val1204   |   in|   16|     ap_none|                                                          value_19_val1204|        scalar|
|value_20_val1214   |   in|   16|     ap_none|                                                          value_20_val1214|        scalar|
|value_21_val1224   |   in|   16|     ap_none|                                                          value_21_val1224|        scalar|
|value_22_val1234   |   in|   16|     ap_none|                                                          value_22_val1234|        scalar|
|value_23_val1244   |   in|   16|     ap_none|                                                          value_23_val1244|        scalar|
|value_24_val1254   |   in|   16|     ap_none|                                                          value_24_val1254|        scalar|
|value_25_val1264   |   in|   16|     ap_none|                                                          value_25_val1264|        scalar|
|value_26_val1274   |   in|   16|     ap_none|                                                          value_26_val1274|        scalar|
|value_27_val1284   |   in|   16|     ap_none|                                                          value_27_val1284|        scalar|
|value_28_val1294   |   in|   16|     ap_none|                                                          value_28_val1294|        scalar|
|value_29_val1304   |   in|   16|     ap_none|                                                          value_29_val1304|        scalar|
|value_30_val1314   |   in|   16|     ap_none|                                                          value_30_val1314|        scalar|
|value_31_val1324   |   in|   16|     ap_none|                                                          value_31_val1324|        scalar|
|value_32_val1334   |   in|   16|     ap_none|                                                          value_32_val1334|        scalar|
|value_33_val1344   |   in|   16|     ap_none|                                                          value_33_val1344|        scalar|
|value_34_val1354   |   in|   16|     ap_none|                                                          value_34_val1354|        scalar|
|value_35_val1364   |   in|   16|     ap_none|                                                          value_35_val1364|        scalar|
|value_36_val1374   |   in|   16|     ap_none|                                                          value_36_val1374|        scalar|
|value_37_val1384   |   in|   16|     ap_none|                                                          value_37_val1384|        scalar|
|value_38_val1394   |   in|   16|     ap_none|                                                          value_38_val1394|        scalar|
|value_39_val1404   |   in|   16|     ap_none|                                                          value_39_val1404|        scalar|
|value_40_val1414   |   in|   16|     ap_none|                                                          value_40_val1414|        scalar|
|value_41_val1424   |   in|   16|     ap_none|                                                          value_41_val1424|        scalar|
|value_42_val1434   |   in|   16|     ap_none|                                                          value_42_val1434|        scalar|
|value_43_val1444   |   in|   16|     ap_none|                                                          value_43_val1444|        scalar|
|value_44_val1454   |   in|   16|     ap_none|                                                          value_44_val1454|        scalar|
|value_45_val1464   |   in|   16|     ap_none|                                                          value_45_val1464|        scalar|
|value_46_val1474   |   in|   16|     ap_none|                                                          value_46_val1474|        scalar|
|value_47_val1484   |   in|   16|     ap_none|                                                          value_47_val1484|        scalar|
|value_48_val1494   |   in|   16|     ap_none|                                                          value_48_val1494|        scalar|
|value_49_val1504   |   in|   16|     ap_none|                                                          value_49_val1504|        scalar|
|value_50_val1514   |   in|   16|     ap_none|                                                          value_50_val1514|        scalar|
|value_51_val1524   |   in|   16|     ap_none|                                                          value_51_val1524|        scalar|
|value_52_val1534   |   in|   16|     ap_none|                                                          value_52_val1534|        scalar|
|value_53_val1544   |   in|   16|     ap_none|                                                          value_53_val1544|        scalar|
|value_54_val1555   |   in|   16|     ap_none|                                                          value_54_val1555|        scalar|
|value_55_val1565   |   in|   16|     ap_none|                                                          value_55_val1565|        scalar|
|value_56_val1575   |   in|   16|     ap_none|                                                          value_56_val1575|        scalar|
|value_57_val1585   |   in|   16|     ap_none|                                                          value_57_val1585|        scalar|
|value_58_val1595   |   in|   16|     ap_none|                                                          value_58_val1595|        scalar|
|value_59_val1605   |   in|   16|     ap_none|                                                          value_59_val1605|        scalar|
|value_60_val1615   |   in|   16|     ap_none|                                                          value_60_val1615|        scalar|
|value_61_val1625   |   in|   16|     ap_none|                                                          value_61_val1625|        scalar|
|value_62_val1635   |   in|   16|     ap_none|                                                          value_62_val1635|        scalar|
|value_63_val1645   |   in|   16|     ap_none|                                                          value_63_val1645|        scalar|
|value_64_val1655   |   in|   16|     ap_none|                                                          value_64_val1655|        scalar|
|value_65_val1665   |   in|   16|     ap_none|                                                          value_65_val1665|        scalar|
|value_66_val1675   |   in|   16|     ap_none|                                                          value_66_val1675|        scalar|
|value_67_val1685   |   in|   16|     ap_none|                                                          value_67_val1685|        scalar|
|value_68_val1695   |   in|   16|     ap_none|                                                          value_68_val1695|        scalar|
|value_69_val1705   |   in|   16|     ap_none|                                                          value_69_val1705|        scalar|
|value_70_val1715   |   in|   16|     ap_none|                                                          value_70_val1715|        scalar|
|value_71_val1725   |   in|   16|     ap_none|                                                          value_71_val1725|        scalar|
|value_72_val1735   |   in|   16|     ap_none|                                                          value_72_val1735|        scalar|
|value_73_val1745   |   in|   16|     ap_none|                                                          value_73_val1745|        scalar|
|value_74_val1755   |   in|   16|     ap_none|                                                          value_74_val1755|        scalar|
|value_75_val1765   |   in|   16|     ap_none|                                                          value_75_val1765|        scalar|
|value_76_val1775   |   in|   16|     ap_none|                                                          value_76_val1775|        scalar|
|value_77_val1785   |   in|   16|     ap_none|                                                          value_77_val1785|        scalar|
|value_78_val1795   |   in|   16|     ap_none|                                                          value_78_val1795|        scalar|
|value_79_val1805   |   in|   16|     ap_none|                                                          value_79_val1805|        scalar|
|value_80_val1815   |   in|   16|     ap_none|                                                          value_80_val1815|        scalar|
|value_81_val1825   |   in|   16|     ap_none|                                                          value_81_val1825|        scalar|
|value_82_val1835   |   in|   16|     ap_none|                                                          value_82_val1835|        scalar|
|value_83_val1845   |   in|   16|     ap_none|                                                          value_83_val1845|        scalar|
|value_84_val1855   |   in|   16|     ap_none|                                                          value_84_val1855|        scalar|
|value_85_val1865   |   in|   16|     ap_none|                                                          value_85_val1865|        scalar|
|value_86_val1875   |   in|   16|     ap_none|                                                          value_86_val1875|        scalar|
|value_87_val1885   |   in|   16|     ap_none|                                                          value_87_val1885|        scalar|
|value_88_val1895   |   in|   16|     ap_none|                                                          value_88_val1895|        scalar|
|value_89_val1905   |   in|   16|     ap_none|                                                          value_89_val1905|        scalar|
|value_90_val1915   |   in|   16|     ap_none|                                                          value_90_val1915|        scalar|
|value_91_val1925   |   in|   16|     ap_none|                                                          value_91_val1925|        scalar|
|value_92_val1935   |   in|   16|     ap_none|                                                          value_92_val1935|        scalar|
|value_93_val1945   |   in|   16|     ap_none|                                                          value_93_val1945|        scalar|
|value_94_val1955   |   in|   16|     ap_none|                                                          value_94_val1955|        scalar|
|value_95_val1965   |   in|   16|     ap_none|                                                          value_95_val1965|        scalar|
|value_96_val1975   |   in|   16|     ap_none|                                                          value_96_val1975|        scalar|
|value_97_val1985   |   in|   16|     ap_none|                                                          value_97_val1985|        scalar|
|value_98_val1995   |   in|   16|     ap_none|                                                          value_98_val1995|        scalar|
|value_99_val2005   |   in|   16|     ap_none|                                                          value_99_val2005|        scalar|
|value_100_val2015  |   in|   16|     ap_none|                                                         value_100_val2015|        scalar|
|value_101_val2025  |   in|   16|     ap_none|                                                         value_101_val2025|        scalar|
|value_102_val2035  |   in|   16|     ap_none|                                                         value_102_val2035|        scalar|
|value_103_val2045  |   in|   16|     ap_none|                                                         value_103_val2045|        scalar|
|value_104_val2055  |   in|   16|     ap_none|                                                         value_104_val2055|        scalar|
|value_105_val2065  |   in|   16|     ap_none|                                                         value_105_val2065|        scalar|
|value_106_val2075  |   in|   16|     ap_none|                                                         value_106_val2075|        scalar|
|value_107_val2085  |   in|   16|     ap_none|                                                         value_107_val2085|        scalar|
|value_108_val2095  |   in|   16|     ap_none|                                                         value_108_val2095|        scalar|
|value_109_val2105  |   in|   16|     ap_none|                                                         value_109_val2105|        scalar|
|value_110_val2115  |   in|   16|     ap_none|                                                         value_110_val2115|        scalar|
|value_111_val2125  |   in|   16|     ap_none|                                                         value_111_val2125|        scalar|
|value_112_val2135  |   in|   16|     ap_none|                                                         value_112_val2135|        scalar|
|value_113_val2145  |   in|   16|     ap_none|                                                         value_113_val2145|        scalar|
|value_114_val2155  |   in|   16|     ap_none|                                                         value_114_val2155|        scalar|
|value_115_val2165  |   in|   16|     ap_none|                                                         value_115_val2165|        scalar|
|value_116_val2175  |   in|   16|     ap_none|                                                         value_116_val2175|        scalar|
|value_117_val2185  |   in|   16|     ap_none|                                                         value_117_val2185|        scalar|
|value_118_val2195  |   in|   16|     ap_none|                                                         value_118_val2195|        scalar|
|value_119_val2205  |   in|   16|     ap_none|                                                         value_119_val2205|        scalar|
+-------------------+-----+-----+------------+--------------------------------------------------------------------------+--------------+

